2026-07-20 01:56:56,957 [trainer.py] => config: exps/cifar100/basis_h10_shared_scale1e3_task0.json
2026-07-20 01:56:56,957 [trainer.py] => prefix: basis_h10_shared_scale1e3_task0_stableloss
2026-07-20 01:56:56,957 [trainer.py] => dataset: cifar224
2026-07-20 01:56:56,957 [trainer.py] => memory_size: 0
2026-07-20 01:56:56,957 [trainer.py] => memory_per_class: 0
2026-07-20 01:56:56,957 [trainer.py] => fixed_memory: False
2026-07-20 01:56:56,957 [trainer.py] => shuffle: True
2026-07-20 01:56:56,957 [trainer.py] => init_cls: 50
2026-07-20 01:56:56,958 [trainer.py] => increment: 50
2026-07-20 01:56:56,958 [trainer.py] => model_name: care
2026-07-20 01:56:56,958 [trainer.py] => backbone_type: vit_base_patch16_224_in21k_brmoe
2026-07-20 01:56:56,958 [trainer.py] => device: [device(type='cuda', index=5)]
2026-07-20 01:56:56,958 [trainer.py] => seed: 1993
2026-07-20 01:56:56,958 [trainer.py] => tuned_epoch: 1
2026-07-20 01:56:56,958 [trainer.py] => init_lr: 0.05
2026-07-20 01:56:56,958 [trainer.py] => batch_size: 128
2026-07-20 01:56:56,958 [trainer.py] => weight_decay: 0.0005
2026-07-20 01:56:56,958 [trainer.py] => min_lr: 0
2026-07-20 01:56:56,958 [trainer.py] => optimizer: sgd
2026-07-20 01:56:56,958 [trainer.py] => scheduler: cosine
2026-07-20 01:56:56,958 [trainer.py] => init_milestones: [1]
2026-07-20 01:56:56,958 [trainer.py] => init_lr_decay: 0.1
2026-07-20 01:56:56,958 [trainer.py] => crct_epochs: 1
2026-07-20 01:56:56,958 [trainer.py] => ca_lr: 0.005
2026-07-20 01:56:56,958 [trainer.py] => ca_storage_efficient_method: covariance
2026-07-20 01:56:56,958 [trainer.py] => ca_storage_efficient_method_choices: ['covariance', 'variance']
2026-07-20 01:56:56,958 [trainer.py] => decay: False
2026-07-20 01:56:56,958 [trainer.py] => pretrained: True
2026-07-20 01:56:56,958 [trainer.py] => scale: 20
2026-07-20 01:56:56,958 [trainer.py] => m: 0
2026-07-20 01:56:56,958 [trainer.py] => drop: 0
2026-07-20 01:56:56,958 [trainer.py] => drop_path: 0
2026-07-20 01:56:56,958 [trainer.py] => memory_mode: hard_top2
2026-07-20 01:56:56,958 [trainer.py] => basis_count: 8
2026-07-20 01:56:56,958 [trainer.py] => basis_rank: 16
2026-07-20 01:56:56,958 [trainer.py] => basis_key_dim: 128
2026-07-20 01:56:56,958 [trainer.py] => router_temperature: 0.2
2026-07-20 01:56:56,958 [trainer.py] => basis_init_scale: 0.001
2026-07-20 01:56:56,958 [trainer.py] => use_shared_adapter: True
2026-07-20 01:56:56,958 [trainer.py] => max_tasks: 1
2026-07-20 01:56:56,958 [trainer.py] => amp: True
2026-07-20 01:56:58,442 [data_manager.py] => [68, 56, 78, 8, 23, 84, 90, 65, 74, 76, 40, 89, 3, 92, 55, 9, 26, 80, 43, 38, 58, 70, 77, 1, 85, 19, 17, 50, 28, 53, 13, 81, 45, 82, 6, 59, 83, 16, 15, 44, 91, 41, 72, 60, 79, 52, 20, 10, 31, 54, 37, 95, 14, 71, 96, 98, 97, 2, 64, 66, 42, 22, 35, 86, 24, 34, 87, 21, 99, 0, 88, 27, 18, 94, 11, 12, 47, 25, 30, 46, 62, 69, 36, 61, 7, 63, 75, 5, 32, 4, 51, 48, 73, 93, 39, 67, 29, 49, 57, 33]
2026-07-20 01:57:01,454 [_builder.py] => Loading pretrained weights from Hugging Face hub (timm/vit_base_patch16_224.orig_in21k)
2026-07-20 01:57:01,811 [_hub.py] => [timm/vit_base_patch16_224.orig_in21k] Safe alternative available for 'pytorch_model.bin' (as 'model.safetensors'). Loading weights using safetensors.
2026-07-20 01:57:01,845 [_builder.py] => Missing keys (head.weight, head.bias) discovered while loading pretrained weights. This is expected if model is being adapted.
2026-07-20 01:57:01,889 [care.py] => Training with Automatic Mixed Precision
2026-07-20 01:57:01,891 [care.py] => 91,151,548 model total parameters.
2026-07-20 01:57:01,891 [care.py] => 5,352,892 model training parameters.
2026-07-20 01:57:01,892 [care.py] => backbone.head.weight: 76800
2026-07-20 01:57:01,892 [care.py] => backbone.head.bias: 100
2026-07-20 01:57:01,892 [care.py] => backbone.adapter.adapter_layer0.keys: 1024
2026-07-20 01:57:01,892 [care.py] => backbone.adapter.adapter_layer0.down: 98304
2026-07-20 01:57:01,892 [care.py] => backbone.adapter.adapter_layer0.up: 98304
2026-07-20 01:57:01,892 [care.py] => backbone.adapter.adapter_layer0.scale: 768
2026-07-20 01:57:01,892 [care.py] => backbone.adapter.adapter_layer0.input_norm.weight: 768
2026-07-20 01:57:01,892 [care.py] => backbone.adapter.adapter_layer0.input_norm.bias: 768
2026-07-20 01:57:01,892 [care.py] => backbone.adapter.adapter_layer0.query.weight: 98304
2026-07-20 01:57:01,892 [care.py] => backbone.adapter.adapter_layer0.shared_adapter.scale: 768
2026-07-20 01:57:01,892 [care.py] => backbone.adapter.adapter_layer0.shared_adapter.norm.weight: 768
2026-07-20 01:57:01,892 [care.py] => backbone.adapter.adapter_layer0.shared_adapter.norm.bias: 768
2026-07-20 01:57:01,892 [care.py] => backbone.adapter.adapter_layer0.shared_adapter.down_proj.weight: 49152
2026-07-20 01:57:01,892 [care.py] => backbone.adapter.adapter_layer0.shared_adapter.down_proj.bias: 64
2026-07-20 01:57:01,892 [care.py] => backbone.adapter.adapter_layer0.shared_adapter.up_proj.weight: 49152
2026-07-20 01:57:01,892 [care.py] => backbone.adapter.adapter_layer0.shared_adapter.up_proj.bias: 768
2026-07-20 01:57:01,892 [care.py] => backbone.adapter.adapter_layer0.latent_head.0.0.weight: 768
2026-07-20 01:57:01,892 [care.py] => backbone.adapter.adapter_layer0.latent_head.0.0.bias: 768
2026-07-20 01:57:01,892 [care.py] => backbone.adapter.adapter_layer0.latent_head.0.1.weight: 38400
2026-07-20 01:57:01,892 [care.py] => backbone.adapter.adapter_layer0.latent_head.0.1.bias: 50
2026-07-20 01:57:01,892 [care.py] => backbone.adapter.adapter_layer1.keys: 1024
2026-07-20 01:57:01,892 [care.py] => backbone.adapter.adapter_layer1.down: 98304
2026-07-20 01:57:01,892 [care.py] => backbone.adapter.adapter_layer1.up: 98304
2026-07-20 01:57:01,892 [care.py] => backbone.adapter.adapter_layer1.scale: 768
2026-07-20 01:57:01,892 [care.py] => backbone.adapter.adapter_layer1.input_norm.weight: 768
2026-07-20 01:57:01,892 [care.py] => backbone.adapter.adapter_layer1.input_norm.bias: 768
2026-07-20 01:57:01,893 [care.py] => backbone.adapter.adapter_layer1.query.weight: 98304
2026-07-20 01:57:01,893 [care.py] => backbone.adapter.adapter_layer1.shared_adapter.scale: 768
2026-07-20 01:57:01,893 [care.py] => backbone.adapter.adapter_layer1.shared_adapter.norm.weight: 768
2026-07-20 01:57:01,893 [care.py] => backbone.adapter.adapter_layer1.shared_adapter.norm.bias: 768
2026-07-20 01:57:01,893 [care.py] => backbone.adapter.adapter_layer1.shared_adapter.down_proj.weight: 49152
2026-07-20 01:57:01,893 [care.py] => backbone.adapter.adapter_layer1.shared_adapter.down_proj.bias: 64
2026-07-20 01:57:01,893 [care.py] => backbone.adapter.adapter_layer1.shared_adapter.up_proj.weight: 49152
2026-07-20 01:57:01,893 [care.py] => backbone.adapter.adapter_layer1.shared_adapter.up_proj.bias: 768
2026-07-20 01:57:01,893 [care.py] => backbone.adapter.adapter_layer1.latent_head.0.0.weight: 768
2026-07-20 01:57:01,893 [care.py] => backbone.adapter.adapter_layer1.latent_head.0.0.bias: 768
2026-07-20 01:57:01,893 [care.py] => backbone.adapter.adapter_layer1.latent_head.0.1.weight: 38400
2026-07-20 01:57:01,893 [care.py] => backbone.adapter.adapter_layer1.latent_head.0.1.bias: 50
2026-07-20 01:57:01,893 [care.py] => backbone.adapter.adapter_layer2.keys: 1024
2026-07-20 01:57:01,893 [care.py] => backbone.adapter.adapter_layer2.down: 98304
2026-07-20 01:57:01,893 [care.py] => backbone.adapter.adapter_layer2.up: 98304
2026-07-20 01:57:01,893 [care.py] => backbone.adapter.adapter_layer2.scale: 768
2026-07-20 01:57:01,893 [care.py] => backbone.adapter.adapter_layer2.input_norm.weight: 768
2026-07-20 01:57:01,893 [care.py] => backbone.adapter.adapter_layer2.input_norm.bias: 768
2026-07-20 01:57:01,893 [care.py] => backbone.adapter.adapter_layer2.query.weight: 98304
2026-07-20 01:57:01,893 [care.py] => backbone.adapter.adapter_layer2.shared_adapter.scale: 768
2026-07-20 01:57:01,893 [care.py] => backbone.adapter.adapter_layer2.shared_adapter.norm.weight: 768
2026-07-20 01:57:01,893 [care.py] => backbone.adapter.adapter_layer2.shared_adapter.norm.bias: 768
2026-07-20 01:57:01,893 [care.py] => backbone.adapter.adapter_layer2.shared_adapter.down_proj.weight: 49152
2026-07-20 01:57:01,893 [care.py] => backbone.adapter.adapter_layer2.shared_adapter.down_proj.bias: 64
2026-07-20 01:57:01,893 [care.py] => backbone.adapter.adapter_layer2.shared_adapter.up_proj.weight: 49152
2026-07-20 01:57:01,893 [care.py] => backbone.adapter.adapter_layer2.shared_adapter.up_proj.bias: 768
2026-07-20 01:57:01,893 [care.py] => backbone.adapter.adapter_layer2.latent_head.0.0.weight: 768
2026-07-20 01:57:01,893 [care.py] => backbone.adapter.adapter_layer2.latent_head.0.0.bias: 768
2026-07-20 01:57:01,893 [care.py] => backbone.adapter.adapter_layer2.latent_head.0.1.weight: 38400
2026-07-20 01:57:01,893 [care.py] => backbone.adapter.adapter_layer2.latent_head.0.1.bias: 50
2026-07-20 01:57:01,893 [care.py] => backbone.adapter.adapter_layer3.keys: 1024
2026-07-20 01:57:01,893 [care.py] => backbone.adapter.adapter_layer3.down: 98304
2026-07-20 01:57:01,893 [care.py] => backbone.adapter.adapter_layer3.up: 98304
2026-07-20 01:57:01,893 [care.py] => backbone.adapter.adapter_layer3.scale: 768
2026-07-20 01:57:01,893 [care.py] => backbone.adapter.adapter_layer3.input_norm.weight: 768
2026-07-20 01:57:01,893 [care.py] => backbone.adapter.adapter_layer3.input_norm.bias: 768
2026-07-20 01:57:01,893 [care.py] => backbone.adapter.adapter_layer3.query.weight: 98304
2026-07-20 01:57:01,893 [care.py] => backbone.adapter.adapter_layer3.shared_adapter.scale: 768
2026-07-20 01:57:01,894 [care.py] => backbone.adapter.adapter_layer3.shared_adapter.norm.weight: 768
2026-07-20 01:57:01,894 [care.py] => backbone.adapter.adapter_layer3.shared_adapter.norm.bias: 768
2026-07-20 01:57:01,894 [care.py] => backbone.adapter.adapter_layer3.shared_adapter.down_proj.weight: 49152
2026-07-20 01:57:01,894 [care.py] => backbone.adapter.adapter_layer3.shared_adapter.down_proj.bias: 64
2026-07-20 01:57:01,894 [care.py] => backbone.adapter.adapter_layer3.shared_adapter.up_proj.weight: 49152
2026-07-20 01:57:01,894 [care.py] => backbone.adapter.adapter_layer3.shared_adapter.up_proj.bias: 768
2026-07-20 01:57:01,894 [care.py] => backbone.adapter.adapter_layer3.latent_head.0.0.weight: 768
2026-07-20 01:57:01,894 [care.py] => backbone.adapter.adapter_layer3.latent_head.0.0.bias: 768
2026-07-20 01:57:01,894 [care.py] => backbone.adapter.adapter_layer3.latent_head.0.1.weight: 38400
2026-07-20 01:57:01,894 [care.py] => backbone.adapter.adapter_layer3.latent_head.0.1.bias: 50
2026-07-20 01:57:01,894 [care.py] => backbone.adapter.adapter_layer4.keys: 1024
2026-07-20 01:57:01,894 [care.py] => backbone.adapter.adapter_layer4.down: 98304
2026-07-20 01:57:01,894 [care.py] => backbone.adapter.adapter_layer4.up: 98304
2026-07-20 01:57:01,894 [care.py] => backbone.adapter.adapter_layer4.scale: 768
2026-07-20 01:57:01,894 [care.py] => backbone.adapter.adapter_layer4.input_norm.weight: 768
2026-07-20 01:57:01,894 [care.py] => backbone.adapter.adapter_layer4.input_norm.bias: 768
2026-07-20 01:57:01,894 [care.py] => backbone.adapter.adapter_layer4.query.weight: 98304
2026-07-20 01:57:01,894 [care.py] => backbone.adapter.adapter_layer4.shared_adapter.scale: 768
2026-07-20 01:57:01,894 [care.py] => backbone.adapter.adapter_layer4.shared_adapter.norm.weight: 768
2026-07-20 01:57:01,894 [care.py] => backbone.adapter.adapter_layer4.shared_adapter.norm.bias: 768
2026-07-20 01:57:01,894 [care.py] => backbone.adapter.adapter_layer4.shared_adapter.down_proj.weight: 49152
2026-07-20 01:57:01,894 [care.py] => backbone.adapter.adapter_layer4.shared_adapter.down_proj.bias: 64
2026-07-20 01:57:01,894 [care.py] => backbone.adapter.adapter_layer4.shared_adapter.up_proj.weight: 49152
2026-07-20 01:57:01,894 [care.py] => backbone.adapter.adapter_layer4.shared_adapter.up_proj.bias: 768
2026-07-20 01:57:01,894 [care.py] => backbone.adapter.adapter_layer4.latent_head.0.0.weight: 768
2026-07-20 01:57:01,894 [care.py] => backbone.adapter.adapter_layer4.latent_head.0.0.bias: 768
2026-07-20 01:57:01,894 [care.py] => backbone.adapter.adapter_layer4.latent_head.0.1.weight: 38400
2026-07-20 01:57:01,894 [care.py] => backbone.adapter.adapter_layer4.latent_head.0.1.bias: 50
2026-07-20 01:57:01,894 [care.py] => backbone.adapter.adapter_layer5.keys: 1024
2026-07-20 01:57:01,894 [care.py] => backbone.adapter.adapter_layer5.down: 98304
2026-07-20 01:57:01,894 [care.py] => backbone.adapter.adapter_layer5.up: 98304
2026-07-20 01:57:01,894 [care.py] => backbone.adapter.adapter_layer5.scale: 768
2026-07-20 01:57:01,894 [care.py] => backbone.adapter.adapter_layer5.input_norm.weight: 768
2026-07-20 01:57:01,894 [care.py] => backbone.adapter.adapter_layer5.input_norm.bias: 768
2026-07-20 01:57:01,894 [care.py] => backbone.adapter.adapter_layer5.query.weight: 98304
2026-07-20 01:57:01,894 [care.py] => backbone.adapter.adapter_layer5.shared_adapter.scale: 768
2026-07-20 01:57:01,894 [care.py] => backbone.adapter.adapter_layer5.shared_adapter.norm.weight: 768
2026-07-20 01:57:01,894 [care.py] => backbone.adapter.adapter_layer5.shared_adapter.norm.bias: 768
2026-07-20 01:57:01,895 [care.py] => backbone.adapter.adapter_layer5.shared_adapter.down_proj.weight: 49152
2026-07-20 01:57:01,895 [care.py] => backbone.adapter.adapter_layer5.shared_adapter.down_proj.bias: 64
2026-07-20 01:57:01,895 [care.py] => backbone.adapter.adapter_layer5.shared_adapter.up_proj.weight: 49152
2026-07-20 01:57:01,895 [care.py] => backbone.adapter.adapter_layer5.shared_adapter.up_proj.bias: 768
2026-07-20 01:57:01,895 [care.py] => backbone.adapter.adapter_layer5.latent_head.0.0.weight: 768
2026-07-20 01:57:01,895 [care.py] => backbone.adapter.adapter_layer5.latent_head.0.0.bias: 768
2026-07-20 01:57:01,895 [care.py] => backbone.adapter.adapter_layer5.latent_head.0.1.weight: 38400
2026-07-20 01:57:01,895 [care.py] => backbone.adapter.adapter_layer5.latent_head.0.1.bias: 50
2026-07-20 01:57:01,895 [care.py] => backbone.adapter.adapter_layer6.keys: 1024
2026-07-20 01:57:01,895 [care.py] => backbone.adapter.adapter_layer6.down: 98304
2026-07-20 01:57:01,895 [care.py] => backbone.adapter.adapter_layer6.up: 98304
2026-07-20 01:57:01,895 [care.py] => backbone.adapter.adapter_layer6.scale: 768
2026-07-20 01:57:01,895 [care.py] => backbone.adapter.adapter_layer6.input_norm.weight: 768
2026-07-20 01:57:01,895 [care.py] => backbone.adapter.adapter_layer6.input_norm.bias: 768
2026-07-20 01:57:01,895 [care.py] => backbone.adapter.adapter_layer6.query.weight: 98304
2026-07-20 01:57:01,895 [care.py] => backbone.adapter.adapter_layer6.shared_adapter.scale: 768
2026-07-20 01:57:01,895 [care.py] => backbone.adapter.adapter_layer6.shared_adapter.norm.weight: 768
2026-07-20 01:57:01,895 [care.py] => backbone.adapter.adapter_layer6.shared_adapter.norm.bias: 768
2026-07-20 01:57:01,895 [care.py] => backbone.adapter.adapter_layer6.shared_adapter.down_proj.weight: 49152
2026-07-20 01:57:01,895 [care.py] => backbone.adapter.adapter_layer6.shared_adapter.down_proj.bias: 64
2026-07-20 01:57:01,895 [care.py] => backbone.adapter.adapter_layer6.shared_adapter.up_proj.weight: 49152
2026-07-20 01:57:01,895 [care.py] => backbone.adapter.adapter_layer6.shared_adapter.up_proj.bias: 768
2026-07-20 01:57:01,895 [care.py] => backbone.adapter.adapter_layer6.latent_head.0.0.weight: 768
2026-07-20 01:57:01,895 [care.py] => backbone.adapter.adapter_layer6.latent_head.0.0.bias: 768
2026-07-20 01:57:01,895 [care.py] => backbone.adapter.adapter_layer6.latent_head.0.1.weight: 38400
2026-07-20 01:57:01,895 [care.py] => backbone.adapter.adapter_layer6.latent_head.0.1.bias: 50
2026-07-20 01:57:01,895 [care.py] => backbone.adapter.adapter_layer7.keys: 1024
2026-07-20 01:57:01,895 [care.py] => backbone.adapter.adapter_layer7.down: 98304
2026-07-20 01:57:01,895 [care.py] => backbone.adapter.adapter_layer7.up: 98304
2026-07-20 01:57:01,895 [care.py] => backbone.adapter.adapter_layer7.scale: 768
2026-07-20 01:57:01,895 [care.py] => backbone.adapter.adapter_layer7.input_norm.weight: 768
2026-07-20 01:57:01,895 [care.py] => backbone.adapter.adapter_layer7.input_norm.bias: 768
2026-07-20 01:57:01,895 [care.py] => backbone.adapter.adapter_layer7.query.weight: 98304
2026-07-20 01:57:01,895 [care.py] => backbone.adapter.adapter_layer7.shared_adapter.scale: 768
2026-07-20 01:57:01,895 [care.py] => backbone.adapter.adapter_layer7.shared_adapter.norm.weight: 768
2026-07-20 01:57:01,895 [care.py] => backbone.adapter.adapter_layer7.shared_adapter.norm.bias: 768
2026-07-20 01:57:01,895 [care.py] => backbone.adapter.adapter_layer7.shared_adapter.down_proj.weight: 49152
2026-07-20 01:57:01,895 [care.py] => backbone.adapter.adapter_layer7.shared_adapter.down_proj.bias: 64
2026-07-20 01:57:01,895 [care.py] => backbone.adapter.adapter_layer7.shared_adapter.up_proj.weight: 49152
2026-07-20 01:57:01,895 [care.py] => backbone.adapter.adapter_layer7.shared_adapter.up_proj.bias: 768
2026-07-20 01:57:01,896 [care.py] => backbone.adapter.adapter_layer7.latent_head.0.0.weight: 768
2026-07-20 01:57:01,896 [care.py] => backbone.adapter.adapter_layer7.latent_head.0.0.bias: 768
2026-07-20 01:57:01,896 [care.py] => backbone.adapter.adapter_layer7.latent_head.0.1.weight: 38400
2026-07-20 01:57:01,896 [care.py] => backbone.adapter.adapter_layer7.latent_head.0.1.bias: 50
2026-07-20 01:57:01,896 [care.py] => backbone.adapter.adapter_layer8.keys: 1024
2026-07-20 01:57:01,896 [care.py] => backbone.adapter.adapter_layer8.down: 98304
2026-07-20 01:57:01,896 [care.py] => backbone.adapter.adapter_layer8.up: 98304
2026-07-20 01:57:01,896 [care.py] => backbone.adapter.adapter_layer8.scale: 768
2026-07-20 01:57:01,896 [care.py] => backbone.adapter.adapter_layer8.input_norm.weight: 768
2026-07-20 01:57:01,896 [care.py] => backbone.adapter.adapter_layer8.input_norm.bias: 768
2026-07-20 01:57:01,896 [care.py] => backbone.adapter.adapter_layer8.query.weight: 98304
2026-07-20 01:57:01,896 [care.py] => backbone.adapter.adapter_layer8.shared_adapter.scale: 768
2026-07-20 01:57:01,896 [care.py] => backbone.adapter.adapter_layer8.shared_adapter.norm.weight: 768
2026-07-20 01:57:01,896 [care.py] => backbone.adapter.adapter_layer8.shared_adapter.norm.bias: 768
2026-07-20 01:57:01,896 [care.py] => backbone.adapter.adapter_layer8.shared_adapter.down_proj.weight: 49152
2026-07-20 01:57:01,896 [care.py] => backbone.adapter.adapter_layer8.shared_adapter.down_proj.bias: 64
2026-07-20 01:57:01,896 [care.py] => backbone.adapter.adapter_layer8.shared_adapter.up_proj.weight: 49152
2026-07-20 01:57:01,896 [care.py] => backbone.adapter.adapter_layer8.shared_adapter.up_proj.bias: 768
2026-07-20 01:57:01,896 [care.py] => backbone.adapter.adapter_layer8.latent_head.0.0.weight: 768
2026-07-20 01:57:01,896 [care.py] => backbone.adapter.adapter_layer8.latent_head.0.0.bias: 768
2026-07-20 01:57:01,896 [care.py] => backbone.adapter.adapter_layer8.latent_head.0.1.weight: 38400
2026-07-20 01:57:01,896 [care.py] => backbone.adapter.adapter_layer8.latent_head.0.1.bias: 50
2026-07-20 01:57:01,896 [care.py] => backbone.adapter.adapter_layer9.keys: 1024
2026-07-20 01:57:01,896 [care.py] => backbone.adapter.adapter_layer9.down: 98304
2026-07-20 01:57:01,896 [care.py] => backbone.adapter.adapter_layer9.up: 98304
2026-07-20 01:57:01,896 [care.py] => backbone.adapter.adapter_layer9.scale: 768
2026-07-20 01:57:01,896 [care.py] => backbone.adapter.adapter_layer9.input_norm.weight: 768
2026-07-20 01:57:01,896 [care.py] => backbone.adapter.adapter_layer9.input_norm.bias: 768
2026-07-20 01:57:01,896 [care.py] => backbone.adapter.adapter_layer9.query.weight: 98304
2026-07-20 01:57:01,896 [care.py] => backbone.adapter.adapter_layer9.shared_adapter.scale: 768
2026-07-20 01:57:01,896 [care.py] => backbone.adapter.adapter_layer9.shared_adapter.norm.weight: 768
2026-07-20 01:57:01,896 [care.py] => backbone.adapter.adapter_layer9.shared_adapter.norm.bias: 768
2026-07-20 01:57:01,896 [care.py] => backbone.adapter.adapter_layer9.shared_adapter.down_proj.weight: 49152
2026-07-20 01:57:01,896 [care.py] => backbone.adapter.adapter_layer9.shared_adapter.down_proj.bias: 64
2026-07-20 01:57:01,896 [care.py] => backbone.adapter.adapter_layer9.shared_adapter.up_proj.weight: 49152
2026-07-20 01:57:01,896 [care.py] => backbone.adapter.adapter_layer9.shared_adapter.up_proj.bias: 768
2026-07-20 01:57:01,896 [care.py] => backbone.adapter.adapter_layer9.latent_head.0.0.weight: 768
2026-07-20 01:57:01,896 [care.py] => backbone.adapter.adapter_layer9.latent_head.0.0.bias: 768
2026-07-20 01:57:01,896 [care.py] => backbone.adapter.adapter_layer9.latent_head.0.1.weight: 38400
2026-07-20 01:57:01,897 [care.py] => backbone.adapter.adapter_layer9.latent_head.0.1.bias: 50
2026-07-20 01:57:01,897 [care.py] => backbone.adapter.adapter_layer10.keys: 1024
2026-07-20 01:57:01,897 [care.py] => backbone.adapter.adapter_layer10.down: 98304
2026-07-20 01:57:01,897 [care.py] => backbone.adapter.adapter_layer10.up: 98304
2026-07-20 01:57:01,897 [care.py] => backbone.adapter.adapter_layer10.scale: 768
2026-07-20 01:57:01,897 [care.py] => backbone.adapter.adapter_layer10.input_norm.weight: 768
2026-07-20 01:57:01,897 [care.py] => backbone.adapter.adapter_layer10.input_norm.bias: 768
2026-07-20 01:57:01,897 [care.py] => backbone.adapter.adapter_layer10.query.weight: 98304
2026-07-20 01:57:01,897 [care.py] => backbone.adapter.adapter_layer10.shared_adapter.scale: 768
2026-07-20 01:57:01,897 [care.py] => backbone.adapter.adapter_layer10.shared_adapter.norm.weight: 768
2026-07-20 01:57:01,897 [care.py] => backbone.adapter.adapter_layer10.shared_adapter.norm.bias: 768
2026-07-20 01:57:01,897 [care.py] => backbone.adapter.adapter_layer10.shared_adapter.down_proj.weight: 49152
2026-07-20 01:57:01,897 [care.py] => backbone.adapter.adapter_layer10.shared_adapter.down_proj.bias: 64
2026-07-20 01:57:01,897 [care.py] => backbone.adapter.adapter_layer10.shared_adapter.up_proj.weight: 49152
2026-07-20 01:57:01,897 [care.py] => backbone.adapter.adapter_layer10.shared_adapter.up_proj.bias: 768
2026-07-20 01:57:01,897 [care.py] => backbone.adapter.adapter_layer10.latent_head.0.0.weight: 768
2026-07-20 01:57:01,897 [care.py] => backbone.adapter.adapter_layer10.latent_head.0.0.bias: 768
2026-07-20 01:57:01,897 [care.py] => backbone.adapter.adapter_layer10.latent_head.0.1.weight: 38400
2026-07-20 01:57:01,897 [care.py] => backbone.adapter.adapter_layer10.latent_head.0.1.bias: 50
2026-07-20 01:57:01,897 [care.py] => backbone.adapter.adapter_layer11.keys: 1024
2026-07-20 01:57:01,897 [care.py] => backbone.adapter.adapter_layer11.down: 98304
2026-07-20 01:57:01,897 [care.py] => backbone.adapter.adapter_layer11.up: 98304
2026-07-20 01:57:01,897 [care.py] => backbone.adapter.adapter_layer11.scale: 768
2026-07-20 01:57:01,897 [care.py] => backbone.adapter.adapter_layer11.input_norm.weight: 768
2026-07-20 01:57:01,897 [care.py] => backbone.adapter.adapter_layer11.input_norm.bias: 768
2026-07-20 01:57:01,897 [care.py] => backbone.adapter.adapter_layer11.query.weight: 98304
2026-07-20 01:57:01,897 [care.py] => backbone.adapter.adapter_layer11.shared_adapter.scale: 768
2026-07-20 01:57:01,897 [care.py] => backbone.adapter.adapter_layer11.shared_adapter.norm.weight: 768
2026-07-20 01:57:01,897 [care.py] => backbone.adapter.adapter_layer11.shared_adapter.norm.bias: 768
2026-07-20 01:57:01,897 [care.py] => backbone.adapter.adapter_layer11.shared_adapter.down_proj.weight: 49152
2026-07-20 01:57:01,897 [care.py] => backbone.adapter.adapter_layer11.shared_adapter.down_proj.bias: 64
2026-07-20 01:57:01,897 [care.py] => backbone.adapter.adapter_layer11.shared_adapter.up_proj.weight: 49152
2026-07-20 01:57:01,897 [care.py] => backbone.adapter.adapter_layer11.shared_adapter.up_proj.bias: 768
2026-07-20 01:57:01,897 [care.py] => backbone.adapter.adapter_layer11.latent_head.0.0.weight: 768
2026-07-20 01:57:01,897 [care.py] => backbone.adapter.adapter_layer11.latent_head.0.0.bias: 768
2026-07-20 01:57:01,897 [care.py] => backbone.adapter.adapter_layer11.latent_head.0.1.weight: 38400
2026-07-20 01:57:01,897 [care.py] => backbone.adapter.adapter_layer11.latent_head.0.1.bias: 50
2026-07-20 01:57:01,898 [trainer.py] => Train Augmentation [RandomResizedCrop(size=(256, 256), scale=(0.08, 1.0), ratio=(0.75, 1.3333), interpolation=bicubic, antialias=True), CenterCrop(size=(224, 224)), RandomHorizontalFlip(p=0.5), ColorJitter(brightness=(0.75, 1.25), contrast=None, saturation=None, hue=None), ToTensor(), Normalize(mean=[0.5, 0.5, 0.5], std=[0.5, 0.5, 0.5])]
2026-07-20 01:57:01,898 [trainer.py] => Test Augmentation [Resize(size=256, interpolation=bicubic, max_size=None, antialias=True), CenterCrop(size=(224, 224)), ToTensor(), Normalize(mean=[0.5, 0.5, 0.5], std=[0.5, 0.5, 0.5])]
2026-07-20 01:57:01,898 [trainer.py] => All params: 91151548
2026-07-20 01:57:01,899 [trainer.py] => Trainable params: 5352892
2026-07-20 01:57:01,900 [care.py] => Learning on 0-50
2026-07-20 01:58:32,826 [care.py] => Task 0, Epoch 1/1 => LR 0.00e+00 Loss nan/nan/nan, Train_accy 3.58
2026-07-20 02:01:40,411 [trainer.py] => No NME accuracy.
2026-07-20 02:01:40,411 [trainer.py] => CNN: {'total': np.float64(2.0), '00-49': np.float64(2.0), 'old': 0, 'new': np.float64(2.0)}
2026-07-20 02:01:40,411 [trainer.py] => CNN top1 curve: [np.float64(2.0)]
2026-07-20 02:01:40,411 [trainer.py] => CNN top5 curve: [np.float64(10.0)]

2026-07-20 02:01:40,411 [trainer.py] => Average Accuracy (CNN): 2.0 

2026-07-20 02:01:40,412 [trainer.py] => Forgetting (CNN): 0.0
