2026-07-19 18:15:19,988 [trainer.py] => config: exps/cifar100/care_cifar_smoke_2task.json
2026-07-19 18:15:19,988 [trainer.py] => prefix: care_cifar100_smoke_2task
2026-07-19 18:15:19,988 [trainer.py] => dataset: cifar224
2026-07-19 18:15:19,988 [trainer.py] => memory_size: 0
2026-07-19 18:15:19,988 [trainer.py] => memory_per_class: 0
2026-07-19 18:15:19,988 [trainer.py] => fixed_memory: False
2026-07-19 18:15:19,988 [trainer.py] => shuffle: True
2026-07-19 18:15:19,988 [trainer.py] => init_cls: 50
2026-07-19 18:15:19,988 [trainer.py] => increment: 50
2026-07-19 18:15:19,988 [trainer.py] => model_name: care
2026-07-19 18:15:19,988 [trainer.py] => backbone_type: vit_base_patch16_224_in21k_brmoe
2026-07-19 18:15:19,988 [trainer.py] => device: [device(type='cuda', index=0), device(type='cuda', index=1)]
2026-07-19 18:15:19,988 [trainer.py] => seed: 1993
2026-07-19 18:15:19,988 [trainer.py] => tuned_epoch: 1
2026-07-19 18:15:19,989 [trainer.py] => init_lr: 0.05
2026-07-19 18:15:19,989 [trainer.py] => batch_size: 128
2026-07-19 18:15:19,989 [trainer.py] => weight_decay: 0.0005
2026-07-19 18:15:19,989 [trainer.py] => min_lr: 0
2026-07-19 18:15:19,989 [trainer.py] => optimizer: sgd
2026-07-19 18:15:19,989 [trainer.py] => scheduler: cosine
2026-07-19 18:15:19,989 [trainer.py] => init_milestones: [1]
2026-07-19 18:15:19,989 [trainer.py] => init_lr_decay: 0.1
2026-07-19 18:15:19,989 [trainer.py] => crct_epochs: 1
2026-07-19 18:15:19,989 [trainer.py] => ca_lr: 0.005
2026-07-19 18:15:19,989 [trainer.py] => ca_storage_efficient_method: covariance
2026-07-19 18:15:19,989 [trainer.py] => ca_storage_efficient_method_choices: ['covariance', 'variance']
2026-07-19 18:15:19,989 [trainer.py] => decay: False
2026-07-19 18:15:19,989 [trainer.py] => pretrained: True
2026-07-19 18:15:19,989 [trainer.py] => scale: 20
2026-07-19 18:15:19,989 [trainer.py] => m: 0
2026-07-19 18:15:19,989 [trainer.py] => drop: 0
2026-07-19 18:15:19,989 [trainer.py] => drop_path: 0
2026-07-19 18:15:19,989 [trainer.py] => expert_dim: 16
2026-07-19 18:15:19,989 [trainer.py] => adapter_dim: 64
2026-07-19 18:15:19,989 [trainer.py] => topk_experts: 3
2026-07-19 18:15:19,989 [trainer.py] => topk_routers: 2
2026-07-19 18:15:19,989 [trainer.py] => amp: True
2026-07-19 18:15:21,494 [data_manager.py] => [68, 56, 78, 8, 23, 84, 90, 65, 74, 76, 40, 89, 3, 92, 55, 9, 26, 80, 43, 38, 58, 70, 77, 1, 85, 19, 17, 50, 28, 53, 13, 81, 45, 82, 6, 59, 83, 16, 15, 44, 91, 41, 72, 60, 79, 52, 20, 10, 31, 54, 37, 95, 14, 71, 96, 98, 97, 2, 64, 66, 42, 22, 35, 86, 24, 34, 87, 21, 99, 0, 88, 27, 18, 94, 11, 12, 47, 25, 30, 46, 62, 69, 36, 61, 7, 63, 75, 5, 32, 4, 51, 48, 73, 93, 39, 67, 29, 49, 57, 33]
