2026-07-20 14:54:03,451 [trainer.py] => config: exps/cifar100/care_cifar_stableloss_smoke_2task.json
2026-07-20 14:54:03,451 [trainer.py] => prefix: care_cifar100_stableloss_smoke_2task
2026-07-20 14:54:03,451 [trainer.py] => dataset: cifar224
2026-07-20 14:54:03,451 [trainer.py] => memory_size: 0
2026-07-20 14:54:03,451 [trainer.py] => memory_per_class: 0
2026-07-20 14:54:03,451 [trainer.py] => fixed_memory: False
2026-07-20 14:54:03,451 [trainer.py] => shuffle: True
2026-07-20 14:54:03,451 [trainer.py] => init_cls: 50
2026-07-20 14:54:03,451 [trainer.py] => increment: 50
2026-07-20 14:54:03,451 [trainer.py] => model_name: care
2026-07-20 14:54:03,451 [trainer.py] => backbone_type: vit_base_patch16_224_in21k_brmoe
2026-07-20 14:54:03,451 [trainer.py] => device: [device(type='cuda', index=5)]
2026-07-20 14:54:03,451 [trainer.py] => seed: 1993
2026-07-20 14:54:03,451 [trainer.py] => tuned_epoch: 1
2026-07-20 14:54:03,451 [trainer.py] => init_lr: 0.05
2026-07-20 14:54:03,451 [trainer.py] => batch_size: 128
2026-07-20 14:54:03,451 [trainer.py] => weight_decay: 0.0005
2026-07-20 14:54:03,451 [trainer.py] => min_lr: 0
2026-07-20 14:54:03,451 [trainer.py] => optimizer: sgd
2026-07-20 14:54:03,451 [trainer.py] => scheduler: cosine
2026-07-20 14:54:03,451 [trainer.py] => init_milestones: [1]
2026-07-20 14:54:03,451 [trainer.py] => init_lr_decay: 0.1
2026-07-20 14:54:03,451 [trainer.py] => crct_epochs: 1
2026-07-20 14:54:03,451 [trainer.py] => ca_lr: 0.005
2026-07-20 14:54:03,451 [trainer.py] => ca_storage_efficient_method: covariance
2026-07-20 14:54:03,451 [trainer.py] => ca_storage_efficient_method_choices: ['covariance', 'variance']
2026-07-20 14:54:03,452 [trainer.py] => decay: False
2026-07-20 14:54:03,452 [trainer.py] => pretrained: True
2026-07-20 14:54:03,452 [trainer.py] => scale: 20
2026-07-20 14:54:03,452 [trainer.py] => m: 0
2026-07-20 14:54:03,452 [trainer.py] => drop: 0
2026-07-20 14:54:03,452 [trainer.py] => drop_path: 0
2026-07-20 14:54:03,452 [trainer.py] => expert_dim: 16
2026-07-20 14:54:03,452 [trainer.py] => adapter_dim: 64
2026-07-20 14:54:03,452 [trainer.py] => topk_experts: 3
2026-07-20 14:54:03,452 [trainer.py] => topk_routers: 2
2026-07-20 14:54:03,452 [trainer.py] => amp: True
2026-07-20 14:54:04,939 [data_manager.py] => [68, 56, 78, 8, 23, 84, 90, 65, 74, 76, 40, 89, 3, 92, 55, 9, 26, 80, 43, 38, 58, 70, 77, 1, 85, 19, 17, 50, 28, 53, 13, 81, 45, 82, 6, 59, 83, 16, 15, 44, 91, 41, 72, 60, 79, 52, 20, 10, 31, 54, 37, 95, 14, 71, 96, 98, 97, 2, 64, 66, 42, 22, 35, 86, 24, 34, 87, 21, 99, 0, 88, 27, 18, 94, 11, 12, 47, 25, 30, 46, 62, 69, 36, 61, 7, 63, 75, 5, 32, 4, 51, 48, 73, 93, 39, 67, 29, 49, 57, 33]
2026-07-20 14:54:07,491 [_builder.py] => Loading pretrained weights from Hugging Face hub (timm/vit_base_patch16_224.orig_in21k)
2026-07-20 14:54:07,945 [_hub.py] => [timm/vit_base_patch16_224.orig_in21k] Safe alternative available for 'pytorch_model.bin' (as 'model.safetensors'). Loading weights using safetensors.
2026-07-20 14:54:07,959 [_builder.py] => Missing keys (head.weight, head.bias) discovered while loading pretrained weights. This is expected if model is being adapted.
2026-07-20 14:54:07,979 [care.py] => Training with Automatic Mixed Precision
2026-07-20 14:54:07,981 [care.py] => 87,913,864 model total parameters.
2026-07-20 14:54:07,981 [care.py] => 2,115,208 model training parameters.
2026-07-20 14:54:07,982 [care.py] => backbone.head.weight: 76800
2026-07-20 14:54:07,982 [care.py] => backbone.head.bias: 100
2026-07-20 14:54:07,982 [care.py] => backbone.adapter.adapter_layer0.adapter.0.scale: 768
2026-07-20 14:54:07,982 [care.py] => backbone.adapter.adapter_layer0.adapter.0.adapter_layer_norm_before.weight: 768
2026-07-20 14:54:07,982 [care.py] => backbone.adapter.adapter_layer0.adapter.0.adapter_layer_norm_before.bias: 768
2026-07-20 14:54:07,982 [care.py] => backbone.adapter.adapter_layer0.adapter.0.down_proj.weight: 12288
2026-07-20 14:54:07,982 [care.py] => backbone.adapter.adapter_layer0.adapter.0.down_proj.bias: 16
2026-07-20 14:54:07,982 [care.py] => backbone.adapter.adapter_layer0.adapter.0.up_proj.weight: 12288
2026-07-20 14:54:07,982 [care.py] => backbone.adapter.adapter_layer0.adapter.0.up_proj.bias: 768
2026-07-20 14:54:07,982 [care.py] => backbone.adapter.adapter_layer0.router.0.weight: 768
2026-07-20 14:54:07,982 [care.py] => backbone.adapter.adapter_layer0.router.0.bias: 1
2026-07-20 14:54:07,982 [care.py] => backbone.adapter.adapter_layer0.shared_adapter.scale: 768
2026-07-20 14:54:07,982 [care.py] => backbone.adapter.adapter_layer0.shared_adapter.adapter_layer_norm_before.weight: 768
2026-07-20 14:54:07,982 [care.py] => backbone.adapter.adapter_layer0.shared_adapter.adapter_layer_norm_before.bias: 768
2026-07-20 14:54:07,982 [care.py] => backbone.adapter.adapter_layer0.shared_adapter.down_proj.weight: 49152
2026-07-20 14:54:07,982 [care.py] => backbone.adapter.adapter_layer0.shared_adapter.down_proj.bias: 64
2026-07-20 14:54:07,982 [care.py] => backbone.adapter.adapter_layer0.shared_adapter.up_proj.weight: 49152
2026-07-20 14:54:07,982 [care.py] => backbone.adapter.adapter_layer0.shared_adapter.up_proj.bias: 768
2026-07-20 14:54:07,982 [care.py] => backbone.adapter.adapter_layer0.latent_head.0.0.weight: 768
2026-07-20 14:54:07,982 [care.py] => backbone.adapter.adapter_layer0.latent_head.0.0.bias: 768
2026-07-20 14:54:07,982 [care.py] => backbone.adapter.adapter_layer0.latent_head.0.1.weight: 38400
2026-07-20 14:54:07,982 [care.py] => backbone.adapter.adapter_layer0.latent_head.0.1.bias: 50
2026-07-20 14:54:07,982 [care.py] => backbone.adapter.adapter_layer1.adapter.0.scale: 768
2026-07-20 14:54:07,983 [care.py] => backbone.adapter.adapter_layer1.adapter.0.adapter_layer_norm_before.weight: 768
2026-07-20 14:54:07,983 [care.py] => backbone.adapter.adapter_layer1.adapter.0.adapter_layer_norm_before.bias: 768
2026-07-20 14:54:07,983 [care.py] => backbone.adapter.adapter_layer1.adapter.0.down_proj.weight: 12288
2026-07-20 14:54:07,983 [care.py] => backbone.adapter.adapter_layer1.adapter.0.down_proj.bias: 16
2026-07-20 14:54:07,983 [care.py] => backbone.adapter.adapter_layer1.adapter.0.up_proj.weight: 12288
2026-07-20 14:54:07,983 [care.py] => backbone.adapter.adapter_layer1.adapter.0.up_proj.bias: 768
2026-07-20 14:54:07,983 [care.py] => backbone.adapter.adapter_layer1.router.0.weight: 768
2026-07-20 14:54:07,983 [care.py] => backbone.adapter.adapter_layer1.router.0.bias: 1
2026-07-20 14:54:07,983 [care.py] => backbone.adapter.adapter_layer1.shared_adapter.scale: 768
2026-07-20 14:54:07,983 [care.py] => backbone.adapter.adapter_layer1.shared_adapter.adapter_layer_norm_before.weight: 768
2026-07-20 14:54:07,983 [care.py] => backbone.adapter.adapter_layer1.shared_adapter.adapter_layer_norm_before.bias: 768
2026-07-20 14:54:07,983 [care.py] => backbone.adapter.adapter_layer1.shared_adapter.down_proj.weight: 49152
2026-07-20 14:54:07,983 [care.py] => backbone.adapter.adapter_layer1.shared_adapter.down_proj.bias: 64
2026-07-20 14:54:07,983 [care.py] => backbone.adapter.adapter_layer1.shared_adapter.up_proj.weight: 49152
2026-07-20 14:54:07,983 [care.py] => backbone.adapter.adapter_layer1.shared_adapter.up_proj.bias: 768
2026-07-20 14:54:07,983 [care.py] => backbone.adapter.adapter_layer1.latent_head.0.0.weight: 768
2026-07-20 14:54:07,983 [care.py] => backbone.adapter.adapter_layer1.latent_head.0.0.bias: 768
2026-07-20 14:54:07,983 [care.py] => backbone.adapter.adapter_layer1.latent_head.0.1.weight: 38400
2026-07-20 14:54:07,983 [care.py] => backbone.adapter.adapter_layer1.latent_head.0.1.bias: 50
2026-07-20 14:54:07,983 [care.py] => backbone.adapter.adapter_layer2.adapter.0.scale: 768
2026-07-20 14:54:07,983 [care.py] => backbone.adapter.adapter_layer2.adapter.0.adapter_layer_norm_before.weight: 768
2026-07-20 14:54:07,983 [care.py] => backbone.adapter.adapter_layer2.adapter.0.adapter_layer_norm_before.bias: 768
2026-07-20 14:54:07,983 [care.py] => backbone.adapter.adapter_layer2.adapter.0.down_proj.weight: 12288
2026-07-20 14:54:07,983 [care.py] => backbone.adapter.adapter_layer2.adapter.0.down_proj.bias: 16
2026-07-20 14:54:07,983 [care.py] => backbone.adapter.adapter_layer2.adapter.0.up_proj.weight: 12288
2026-07-20 14:54:07,983 [care.py] => backbone.adapter.adapter_layer2.adapter.0.up_proj.bias: 768
2026-07-20 14:54:07,983 [care.py] => backbone.adapter.adapter_layer2.router.0.weight: 768
2026-07-20 14:54:07,983 [care.py] => backbone.adapter.adapter_layer2.router.0.bias: 1
2026-07-20 14:54:07,983 [care.py] => backbone.adapter.adapter_layer2.shared_adapter.scale: 768
2026-07-20 14:54:07,983 [care.py] => backbone.adapter.adapter_layer2.shared_adapter.adapter_layer_norm_before.weight: 768
2026-07-20 14:54:07,983 [care.py] => backbone.adapter.adapter_layer2.shared_adapter.adapter_layer_norm_before.bias: 768
2026-07-20 14:54:07,983 [care.py] => backbone.adapter.adapter_layer2.shared_adapter.down_proj.weight: 49152
2026-07-20 14:54:07,983 [care.py] => backbone.adapter.adapter_layer2.shared_adapter.down_proj.bias: 64
2026-07-20 14:54:07,983 [care.py] => backbone.adapter.adapter_layer2.shared_adapter.up_proj.weight: 49152
2026-07-20 14:54:07,983 [care.py] => backbone.adapter.adapter_layer2.shared_adapter.up_proj.bias: 768
2026-07-20 14:54:07,983 [care.py] => backbone.adapter.adapter_layer2.latent_head.0.0.weight: 768
2026-07-20 14:54:07,983 [care.py] => backbone.adapter.adapter_layer2.latent_head.0.0.bias: 768
2026-07-20 14:54:07,983 [care.py] => backbone.adapter.adapter_layer2.latent_head.0.1.weight: 38400
2026-07-20 14:54:07,984 [care.py] => backbone.adapter.adapter_layer2.latent_head.0.1.bias: 50
2026-07-20 14:54:07,984 [care.py] => backbone.adapter.adapter_layer3.adapter.0.scale: 768
2026-07-20 14:54:07,984 [care.py] => backbone.adapter.adapter_layer3.adapter.0.adapter_layer_norm_before.weight: 768
2026-07-20 14:54:07,984 [care.py] => backbone.adapter.adapter_layer3.adapter.0.adapter_layer_norm_before.bias: 768
2026-07-20 14:54:07,984 [care.py] => backbone.adapter.adapter_layer3.adapter.0.down_proj.weight: 12288
2026-07-20 14:54:07,984 [care.py] => backbone.adapter.adapter_layer3.adapter.0.down_proj.bias: 16
2026-07-20 14:54:07,984 [care.py] => backbone.adapter.adapter_layer3.adapter.0.up_proj.weight: 12288
2026-07-20 14:54:07,984 [care.py] => backbone.adapter.adapter_layer3.adapter.0.up_proj.bias: 768
2026-07-20 14:54:07,984 [care.py] => backbone.adapter.adapter_layer3.router.0.weight: 768
2026-07-20 14:54:07,984 [care.py] => backbone.adapter.adapter_layer3.router.0.bias: 1
2026-07-20 14:54:07,984 [care.py] => backbone.adapter.adapter_layer3.shared_adapter.scale: 768
2026-07-20 14:54:07,984 [care.py] => backbone.adapter.adapter_layer3.shared_adapter.adapter_layer_norm_before.weight: 768
2026-07-20 14:54:07,984 [care.py] => backbone.adapter.adapter_layer3.shared_adapter.adapter_layer_norm_before.bias: 768
2026-07-20 14:54:07,984 [care.py] => backbone.adapter.adapter_layer3.shared_adapter.down_proj.weight: 49152
2026-07-20 14:54:07,984 [care.py] => backbone.adapter.adapter_layer3.shared_adapter.down_proj.bias: 64
2026-07-20 14:54:07,984 [care.py] => backbone.adapter.adapter_layer3.shared_adapter.up_proj.weight: 49152
2026-07-20 14:54:07,984 [care.py] => backbone.adapter.adapter_layer3.shared_adapter.up_proj.bias: 768
2026-07-20 14:54:07,984 [care.py] => backbone.adapter.adapter_layer3.latent_head.0.0.weight: 768
2026-07-20 14:54:07,984 [care.py] => backbone.adapter.adapter_layer3.latent_head.0.0.bias: 768
2026-07-20 14:54:07,984 [care.py] => backbone.adapter.adapter_layer3.latent_head.0.1.weight: 38400
2026-07-20 14:54:07,984 [care.py] => backbone.adapter.adapter_layer3.latent_head.0.1.bias: 50
2026-07-20 14:54:07,984 [care.py] => backbone.adapter.adapter_layer4.adapter.0.scale: 768
2026-07-20 14:54:07,984 [care.py] => backbone.adapter.adapter_layer4.adapter.0.adapter_layer_norm_before.weight: 768
2026-07-20 14:54:07,984 [care.py] => backbone.adapter.adapter_layer4.adapter.0.adapter_layer_norm_before.bias: 768
2026-07-20 14:54:07,984 [care.py] => backbone.adapter.adapter_layer4.adapter.0.down_proj.weight: 12288
2026-07-20 14:54:07,984 [care.py] => backbone.adapter.adapter_layer4.adapter.0.down_proj.bias: 16
2026-07-20 14:54:07,984 [care.py] => backbone.adapter.adapter_layer4.adapter.0.up_proj.weight: 12288
2026-07-20 14:54:07,984 [care.py] => backbone.adapter.adapter_layer4.adapter.0.up_proj.bias: 768
2026-07-20 14:54:07,984 [care.py] => backbone.adapter.adapter_layer4.router.0.weight: 768
2026-07-20 14:54:07,984 [care.py] => backbone.adapter.adapter_layer4.router.0.bias: 1
2026-07-20 14:54:07,984 [care.py] => backbone.adapter.adapter_layer4.shared_adapter.scale: 768
2026-07-20 14:54:07,984 [care.py] => backbone.adapter.adapter_layer4.shared_adapter.adapter_layer_norm_before.weight: 768
2026-07-20 14:54:07,984 [care.py] => backbone.adapter.adapter_layer4.shared_adapter.adapter_layer_norm_before.bias: 768
2026-07-20 14:54:07,984 [care.py] => backbone.adapter.adapter_layer4.shared_adapter.down_proj.weight: 49152
2026-07-20 14:54:07,984 [care.py] => backbone.adapter.adapter_layer4.shared_adapter.down_proj.bias: 64
2026-07-20 14:54:07,984 [care.py] => backbone.adapter.adapter_layer4.shared_adapter.up_proj.weight: 49152
2026-07-20 14:54:07,984 [care.py] => backbone.adapter.adapter_layer4.shared_adapter.up_proj.bias: 768
2026-07-20 14:54:07,985 [care.py] => backbone.adapter.adapter_layer4.latent_head.0.0.weight: 768
2026-07-20 14:54:07,985 [care.py] => backbone.adapter.adapter_layer4.latent_head.0.0.bias: 768
2026-07-20 14:54:07,985 [care.py] => backbone.adapter.adapter_layer4.latent_head.0.1.weight: 38400
2026-07-20 14:54:07,985 [care.py] => backbone.adapter.adapter_layer4.latent_head.0.1.bias: 50
2026-07-20 14:54:07,985 [care.py] => backbone.adapter.adapter_layer5.adapter.0.scale: 768
2026-07-20 14:54:07,985 [care.py] => backbone.adapter.adapter_layer5.adapter.0.adapter_layer_norm_before.weight: 768
2026-07-20 14:54:07,985 [care.py] => backbone.adapter.adapter_layer5.adapter.0.adapter_layer_norm_before.bias: 768
2026-07-20 14:54:07,985 [care.py] => backbone.adapter.adapter_layer5.adapter.0.down_proj.weight: 12288
2026-07-20 14:54:07,985 [care.py] => backbone.adapter.adapter_layer5.adapter.0.down_proj.bias: 16
2026-07-20 14:54:07,985 [care.py] => backbone.adapter.adapter_layer5.adapter.0.up_proj.weight: 12288
2026-07-20 14:54:07,985 [care.py] => backbone.adapter.adapter_layer5.adapter.0.up_proj.bias: 768
2026-07-20 14:54:07,985 [care.py] => backbone.adapter.adapter_layer5.router.0.weight: 768
2026-07-20 14:54:07,985 [care.py] => backbone.adapter.adapter_layer5.router.0.bias: 1
2026-07-20 14:54:07,985 [care.py] => backbone.adapter.adapter_layer5.shared_adapter.scale: 768
2026-07-20 14:54:07,985 [care.py] => backbone.adapter.adapter_layer5.shared_adapter.adapter_layer_norm_before.weight: 768
2026-07-20 14:54:07,985 [care.py] => backbone.adapter.adapter_layer5.shared_adapter.adapter_layer_norm_before.bias: 768
2026-07-20 14:54:07,985 [care.py] => backbone.adapter.adapter_layer5.shared_adapter.down_proj.weight: 49152
2026-07-20 14:54:07,985 [care.py] => backbone.adapter.adapter_layer5.shared_adapter.down_proj.bias: 64
2026-07-20 14:54:07,985 [care.py] => backbone.adapter.adapter_layer5.shared_adapter.up_proj.weight: 49152
2026-07-20 14:54:07,985 [care.py] => backbone.adapter.adapter_layer5.shared_adapter.up_proj.bias: 768
2026-07-20 14:54:07,985 [care.py] => backbone.adapter.adapter_layer5.latent_head.0.0.weight: 768
2026-07-20 14:54:07,985 [care.py] => backbone.adapter.adapter_layer5.latent_head.0.0.bias: 768
2026-07-20 14:54:07,985 [care.py] => backbone.adapter.adapter_layer5.latent_head.0.1.weight: 38400
2026-07-20 14:54:07,985 [care.py] => backbone.adapter.adapter_layer5.latent_head.0.1.bias: 50
2026-07-20 14:54:07,985 [care.py] => backbone.adapter.adapter_layer6.adapter.0.scale: 768
2026-07-20 14:54:07,985 [care.py] => backbone.adapter.adapter_layer6.adapter.0.adapter_layer_norm_before.weight: 768
2026-07-20 14:54:07,985 [care.py] => backbone.adapter.adapter_layer6.adapter.0.adapter_layer_norm_before.bias: 768
2026-07-20 14:54:07,985 [care.py] => backbone.adapter.adapter_layer6.adapter.0.down_proj.weight: 12288
2026-07-20 14:54:07,985 [care.py] => backbone.adapter.adapter_layer6.adapter.0.down_proj.bias: 16
2026-07-20 14:54:07,985 [care.py] => backbone.adapter.adapter_layer6.adapter.0.up_proj.weight: 12288
2026-07-20 14:54:07,985 [care.py] => backbone.adapter.adapter_layer6.adapter.0.up_proj.bias: 768
2026-07-20 14:54:07,985 [care.py] => backbone.adapter.adapter_layer6.router.0.weight: 768
2026-07-20 14:54:07,985 [care.py] => backbone.adapter.adapter_layer6.router.0.bias: 1
2026-07-20 14:54:07,985 [care.py] => backbone.adapter.adapter_layer6.shared_adapter.scale: 768
2026-07-20 14:54:07,985 [care.py] => backbone.adapter.adapter_layer6.shared_adapter.adapter_layer_norm_before.weight: 768
2026-07-20 14:54:07,985 [care.py] => backbone.adapter.adapter_layer6.shared_adapter.adapter_layer_norm_before.bias: 768
2026-07-20 14:54:07,985 [care.py] => backbone.adapter.adapter_layer6.shared_adapter.down_proj.weight: 49152
2026-07-20 14:54:07,986 [care.py] => backbone.adapter.adapter_layer6.shared_adapter.down_proj.bias: 64
2026-07-20 14:54:07,986 [care.py] => backbone.adapter.adapter_layer6.shared_adapter.up_proj.weight: 49152
2026-07-20 14:54:07,986 [care.py] => backbone.adapter.adapter_layer6.shared_adapter.up_proj.bias: 768
2026-07-20 14:54:07,986 [care.py] => backbone.adapter.adapter_layer6.latent_head.0.0.weight: 768
2026-07-20 14:54:07,986 [care.py] => backbone.adapter.adapter_layer6.latent_head.0.0.bias: 768
2026-07-20 14:54:07,986 [care.py] => backbone.adapter.adapter_layer6.latent_head.0.1.weight: 38400
2026-07-20 14:54:07,986 [care.py] => backbone.adapter.adapter_layer6.latent_head.0.1.bias: 50
2026-07-20 14:54:07,986 [care.py] => backbone.adapter.adapter_layer7.adapter.0.scale: 768
2026-07-20 14:54:07,986 [care.py] => backbone.adapter.adapter_layer7.adapter.0.adapter_layer_norm_before.weight: 768
2026-07-20 14:54:07,986 [care.py] => backbone.adapter.adapter_layer7.adapter.0.adapter_layer_norm_before.bias: 768
2026-07-20 14:54:07,986 [care.py] => backbone.adapter.adapter_layer7.adapter.0.down_proj.weight: 12288
2026-07-20 14:54:07,986 [care.py] => backbone.adapter.adapter_layer7.adapter.0.down_proj.bias: 16
2026-07-20 14:54:07,986 [care.py] => backbone.adapter.adapter_layer7.adapter.0.up_proj.weight: 12288
2026-07-20 14:54:07,986 [care.py] => backbone.adapter.adapter_layer7.adapter.0.up_proj.bias: 768
2026-07-20 14:54:07,986 [care.py] => backbone.adapter.adapter_layer7.router.0.weight: 768
2026-07-20 14:54:07,986 [care.py] => backbone.adapter.adapter_layer7.router.0.bias: 1
2026-07-20 14:54:07,986 [care.py] => backbone.adapter.adapter_layer7.shared_adapter.scale: 768
2026-07-20 14:54:07,986 [care.py] => backbone.adapter.adapter_layer7.shared_adapter.adapter_layer_norm_before.weight: 768
2026-07-20 14:54:07,986 [care.py] => backbone.adapter.adapter_layer7.shared_adapter.adapter_layer_norm_before.bias: 768
2026-07-20 14:54:07,986 [care.py] => backbone.adapter.adapter_layer7.shared_adapter.down_proj.weight: 49152
2026-07-20 14:54:07,986 [care.py] => backbone.adapter.adapter_layer7.shared_adapter.down_proj.bias: 64
2026-07-20 14:54:07,986 [care.py] => backbone.adapter.adapter_layer7.shared_adapter.up_proj.weight: 49152
2026-07-20 14:54:07,986 [care.py] => backbone.adapter.adapter_layer7.shared_adapter.up_proj.bias: 768
2026-07-20 14:54:07,986 [care.py] => backbone.adapter.adapter_layer7.latent_head.0.0.weight: 768
2026-07-20 14:54:07,986 [care.py] => backbone.adapter.adapter_layer7.latent_head.0.0.bias: 768
2026-07-20 14:54:07,986 [care.py] => backbone.adapter.adapter_layer7.latent_head.0.1.weight: 38400
2026-07-20 14:54:07,986 [care.py] => backbone.adapter.adapter_layer7.latent_head.0.1.bias: 50
2026-07-20 14:54:07,986 [care.py] => backbone.adapter.adapter_layer8.adapter.0.scale: 768
2026-07-20 14:54:07,986 [care.py] => backbone.adapter.adapter_layer8.adapter.0.adapter_layer_norm_before.weight: 768
2026-07-20 14:54:07,986 [care.py] => backbone.adapter.adapter_layer8.adapter.0.adapter_layer_norm_before.bias: 768
2026-07-20 14:54:07,986 [care.py] => backbone.adapter.adapter_layer8.adapter.0.down_proj.weight: 12288
2026-07-20 14:54:07,986 [care.py] => backbone.adapter.adapter_layer8.adapter.0.down_proj.bias: 16
2026-07-20 14:54:07,986 [care.py] => backbone.adapter.adapter_layer8.adapter.0.up_proj.weight: 12288
2026-07-20 14:54:07,986 [care.py] => backbone.adapter.adapter_layer8.adapter.0.up_proj.bias: 768
2026-07-20 14:54:07,986 [care.py] => backbone.adapter.adapter_layer8.router.0.weight: 768
2026-07-20 14:54:07,986 [care.py] => backbone.adapter.adapter_layer8.router.0.bias: 1
2026-07-20 14:54:07,986 [care.py] => backbone.adapter.adapter_layer8.shared_adapter.scale: 768
2026-07-20 14:54:07,986 [care.py] => backbone.adapter.adapter_layer8.shared_adapter.adapter_layer_norm_before.weight: 768
2026-07-20 14:54:07,986 [care.py] => backbone.adapter.adapter_layer8.shared_adapter.adapter_layer_norm_before.bias: 768
2026-07-20 14:54:07,987 [care.py] => backbone.adapter.adapter_layer8.shared_adapter.down_proj.weight: 49152
2026-07-20 14:54:07,987 [care.py] => backbone.adapter.adapter_layer8.shared_adapter.down_proj.bias: 64
2026-07-20 14:54:07,987 [care.py] => backbone.adapter.adapter_layer8.shared_adapter.up_proj.weight: 49152
2026-07-20 14:54:07,987 [care.py] => backbone.adapter.adapter_layer8.shared_adapter.up_proj.bias: 768
2026-07-20 14:54:07,987 [care.py] => backbone.adapter.adapter_layer8.latent_head.0.0.weight: 768
2026-07-20 14:54:07,987 [care.py] => backbone.adapter.adapter_layer8.latent_head.0.0.bias: 768
2026-07-20 14:54:07,987 [care.py] => backbone.adapter.adapter_layer8.latent_head.0.1.weight: 38400
2026-07-20 14:54:07,987 [care.py] => backbone.adapter.adapter_layer8.latent_head.0.1.bias: 50
2026-07-20 14:54:07,987 [care.py] => backbone.adapter.adapter_layer9.adapter.0.scale: 768
2026-07-20 14:54:07,987 [care.py] => backbone.adapter.adapter_layer9.adapter.0.adapter_layer_norm_before.weight: 768
2026-07-20 14:54:07,987 [care.py] => backbone.adapter.adapter_layer9.adapter.0.adapter_layer_norm_before.bias: 768
2026-07-20 14:54:07,987 [care.py] => backbone.adapter.adapter_layer9.adapter.0.down_proj.weight: 12288
2026-07-20 14:54:07,987 [care.py] => backbone.adapter.adapter_layer9.adapter.0.down_proj.bias: 16
2026-07-20 14:54:07,987 [care.py] => backbone.adapter.adapter_layer9.adapter.0.up_proj.weight: 12288
2026-07-20 14:54:07,987 [care.py] => backbone.adapter.adapter_layer9.adapter.0.up_proj.bias: 768
2026-07-20 14:54:07,987 [care.py] => backbone.adapter.adapter_layer9.router.0.weight: 768
2026-07-20 14:54:07,987 [care.py] => backbone.adapter.adapter_layer9.router.0.bias: 1
2026-07-20 14:54:07,987 [care.py] => backbone.adapter.adapter_layer9.shared_adapter.scale: 768
2026-07-20 14:54:07,987 [care.py] => backbone.adapter.adapter_layer9.shared_adapter.adapter_layer_norm_before.weight: 768
2026-07-20 14:54:07,987 [care.py] => backbone.adapter.adapter_layer9.shared_adapter.adapter_layer_norm_before.bias: 768
2026-07-20 14:54:07,987 [care.py] => backbone.adapter.adapter_layer9.shared_adapter.down_proj.weight: 49152
2026-07-20 14:54:07,987 [care.py] => backbone.adapter.adapter_layer9.shared_adapter.down_proj.bias: 64
2026-07-20 14:54:07,987 [care.py] => backbone.adapter.adapter_layer9.shared_adapter.up_proj.weight: 49152
2026-07-20 14:54:07,987 [care.py] => backbone.adapter.adapter_layer9.shared_adapter.up_proj.bias: 768
2026-07-20 14:54:07,987 [care.py] => backbone.adapter.adapter_layer9.latent_head.0.0.weight: 768
2026-07-20 14:54:07,987 [care.py] => backbone.adapter.adapter_layer9.latent_head.0.0.bias: 768
2026-07-20 14:54:07,987 [care.py] => backbone.adapter.adapter_layer9.latent_head.0.1.weight: 38400
2026-07-20 14:54:07,987 [care.py] => backbone.adapter.adapter_layer9.latent_head.0.1.bias: 50
2026-07-20 14:54:07,987 [care.py] => backbone.adapter.adapter_layer10.adapter.0.scale: 768
2026-07-20 14:54:07,987 [care.py] => backbone.adapter.adapter_layer10.adapter.0.adapter_layer_norm_before.weight: 768
2026-07-20 14:54:07,987 [care.py] => backbone.adapter.adapter_layer10.adapter.0.adapter_layer_norm_before.bias: 768
2026-07-20 14:54:07,987 [care.py] => backbone.adapter.adapter_layer10.adapter.0.down_proj.weight: 12288
2026-07-20 14:54:07,987 [care.py] => backbone.adapter.adapter_layer10.adapter.0.down_proj.bias: 16
2026-07-20 14:54:07,987 [care.py] => backbone.adapter.adapter_layer10.adapter.0.up_proj.weight: 12288
2026-07-20 14:54:07,987 [care.py] => backbone.adapter.adapter_layer10.adapter.0.up_proj.bias: 768
2026-07-20 14:54:07,987 [care.py] => backbone.adapter.adapter_layer10.router.0.weight: 768
2026-07-20 14:54:07,987 [care.py] => backbone.adapter.adapter_layer10.router.0.bias: 1
2026-07-20 14:54:07,987 [care.py] => backbone.adapter.adapter_layer10.shared_adapter.scale: 768
2026-07-20 14:54:07,988 [care.py] => backbone.adapter.adapter_layer10.shared_adapter.adapter_layer_norm_before.weight: 768
2026-07-20 14:54:07,988 [care.py] => backbone.adapter.adapter_layer10.shared_adapter.adapter_layer_norm_before.bias: 768
2026-07-20 14:54:07,988 [care.py] => backbone.adapter.adapter_layer10.shared_adapter.down_proj.weight: 49152
2026-07-20 14:54:07,988 [care.py] => backbone.adapter.adapter_layer10.shared_adapter.down_proj.bias: 64
2026-07-20 14:54:07,988 [care.py] => backbone.adapter.adapter_layer10.shared_adapter.up_proj.weight: 49152
2026-07-20 14:54:07,988 [care.py] => backbone.adapter.adapter_layer10.shared_adapter.up_proj.bias: 768
2026-07-20 14:54:07,988 [care.py] => backbone.adapter.adapter_layer10.latent_head.0.0.weight: 768
2026-07-20 14:54:07,988 [care.py] => backbone.adapter.adapter_layer10.latent_head.0.0.bias: 768
2026-07-20 14:54:07,988 [care.py] => backbone.adapter.adapter_layer10.latent_head.0.1.weight: 38400
2026-07-20 14:54:07,988 [care.py] => backbone.adapter.adapter_layer10.latent_head.0.1.bias: 50
2026-07-20 14:54:07,988 [care.py] => backbone.adapter.adapter_layer11.adapter.0.scale: 768
2026-07-20 14:54:07,988 [care.py] => backbone.adapter.adapter_layer11.adapter.0.adapter_layer_norm_before.weight: 768
2026-07-20 14:54:07,988 [care.py] => backbone.adapter.adapter_layer11.adapter.0.adapter_layer_norm_before.bias: 768
2026-07-20 14:54:07,988 [care.py] => backbone.adapter.adapter_layer11.adapter.0.down_proj.weight: 12288
2026-07-20 14:54:07,988 [care.py] => backbone.adapter.adapter_layer11.adapter.0.down_proj.bias: 16
2026-07-20 14:54:07,988 [care.py] => backbone.adapter.adapter_layer11.adapter.0.up_proj.weight: 12288
2026-07-20 14:54:07,988 [care.py] => backbone.adapter.adapter_layer11.adapter.0.up_proj.bias: 768
2026-07-20 14:54:07,988 [care.py] => backbone.adapter.adapter_layer11.router.0.weight: 768
2026-07-20 14:54:07,988 [care.py] => backbone.adapter.adapter_layer11.router.0.bias: 1
2026-07-20 14:54:07,988 [care.py] => backbone.adapter.adapter_layer11.shared_adapter.scale: 768
2026-07-20 14:54:07,988 [care.py] => backbone.adapter.adapter_layer11.shared_adapter.adapter_layer_norm_before.weight: 768
2026-07-20 14:54:07,988 [care.py] => backbone.adapter.adapter_layer11.shared_adapter.adapter_layer_norm_before.bias: 768
2026-07-20 14:54:07,988 [care.py] => backbone.adapter.adapter_layer11.shared_adapter.down_proj.weight: 49152
2026-07-20 14:54:07,988 [care.py] => backbone.adapter.adapter_layer11.shared_adapter.down_proj.bias: 64
2026-07-20 14:54:07,988 [care.py] => backbone.adapter.adapter_layer11.shared_adapter.up_proj.weight: 49152
2026-07-20 14:54:07,988 [care.py] => backbone.adapter.adapter_layer11.shared_adapter.up_proj.bias: 768
2026-07-20 14:54:07,988 [care.py] => backbone.adapter.adapter_layer11.latent_head.0.0.weight: 768
2026-07-20 14:54:07,988 [care.py] => backbone.adapter.adapter_layer11.latent_head.0.0.bias: 768
2026-07-20 14:54:07,988 [care.py] => backbone.adapter.adapter_layer11.latent_head.0.1.weight: 38400
2026-07-20 14:54:07,988 [care.py] => backbone.adapter.adapter_layer11.latent_head.0.1.bias: 50
2026-07-20 14:54:07,988 [trainer.py] => Train Augmentation [RandomResizedCrop(size=(256, 256), scale=(0.08, 1.0), ratio=(0.75, 1.3333), interpolation=bicubic, antialias=True), CenterCrop(size=(224, 224)), RandomHorizontalFlip(p=0.5), ColorJitter(brightness=(0.75, 1.25), contrast=None, saturation=None, hue=None), ToTensor(), Normalize(mean=[0.5, 0.5, 0.5], std=[0.5, 0.5, 0.5])]
2026-07-20 14:54:07,988 [trainer.py] => Test Augmentation [Resize(size=256, interpolation=bicubic, max_size=None, antialias=True), CenterCrop(size=(224, 224)), ToTensor(), Normalize(mean=[0.5, 0.5, 0.5], std=[0.5, 0.5, 0.5])]
2026-07-20 14:54:07,989 [trainer.py] => All params: 87913864
2026-07-20 14:54:07,990 [trainer.py] => Trainable params: 2115208
2026-07-20 14:54:07,992 [care.py] => Learning on 0-50
2026-07-20 14:54:46,542 [care.py] => Task 0, Epoch 1/1 => LR 0.00e+00 Loss 2.534/0.941/1.593, Train_accy 75.45
2026-07-20 14:56:34,441 [trainer.py] => No NME accuracy.
2026-07-20 14:56:34,441 [trainer.py] => CNN: {'total': np.float64(93.38), '00-49': np.float64(93.38), 'old': 0, 'new': np.float64(93.38)}
2026-07-20 14:56:34,441 [trainer.py] => CNN top1 curve: [np.float64(93.38)]
2026-07-20 14:56:34,441 [trainer.py] => CNN top5 curve: [np.float64(99.32)]

2026-07-20 14:56:34,441 [trainer.py] => Average Accuracy (CNN): 93.38 

2026-07-20 14:56:34,442 [trainer.py] => All params: 87952264
2026-07-20 14:56:34,443 [trainer.py] => Trainable params: 2153608
2026-07-20 14:56:34,444 [care.py] => Learning on 50-100
2026-07-20 14:57:24,578 [care.py] => Task 1, Epoch 1/1 => LR 2.50e-02 Loss 2.380/0.848/1.532, Train_accy 71.37
2026-07-20 14:59:04,991 [care.py] => Task 1, Epoch 1/1 => Loss 0.219, CA_accy 95.85
2026-07-20 14:59:55,288 [care.py] => Task 1, Epoch 1/1 => LR 0.00e+00 Loss 1.832/0.662/1.170, Train_accy 75.84
2026-07-20 15:01:37,062 [care.py] => Task 1, Epoch 1/1 => Loss 0.201, CA_accy 96.30
2026-07-20 15:02:51,625 [trainer.py] => No NME accuracy.
2026-07-20 15:02:51,626 [trainer.py] => CNN: {'total': np.float64(89.69), '00-49': np.float64(90.58), '50-99': np.float64(88.8), 'old': np.float64(90.58), 'new': np.float64(88.8)}
2026-07-20 15:02:51,626 [trainer.py] => CNN top1 curve: [np.float64(93.38), np.float64(89.69)]
2026-07-20 15:02:51,626 [trainer.py] => CNN top5 curve: [np.float64(99.32), np.float64(98.64)]

2026-07-20 15:02:51,626 [trainer.py] => Average Accuracy (CNN): 91.535 

2026-07-20 15:02:51,626 [trainer.py] => Forgetting (CNN): 2.799999999999997
