2026-07-19 18:10:38,556 [trainer.py] => config: exps/cifar100/care_cifar_smoke_2task.json
2026-07-19 18:10:38,556 [trainer.py] => prefix: care_cifar100_smoke_2task
2026-07-19 18:10:38,556 [trainer.py] => dataset: cifar224
2026-07-19 18:10:38,556 [trainer.py] => memory_size: 0
2026-07-19 18:10:38,556 [trainer.py] => memory_per_class: 0
2026-07-19 18:10:38,556 [trainer.py] => fixed_memory: False
2026-07-19 18:10:38,556 [trainer.py] => shuffle: True
2026-07-19 18:10:38,556 [trainer.py] => init_cls: 50
2026-07-19 18:10:38,556 [trainer.py] => increment: 50
2026-07-19 18:10:38,556 [trainer.py] => model_name: care
2026-07-19 18:10:38,556 [trainer.py] => backbone_type: vit_base_patch16_224_in21k_brmoe
2026-07-19 18:10:38,556 [trainer.py] => device: [device(type='cuda', index=0), device(type='cuda', index=1)]
2026-07-19 18:10:38,557 [trainer.py] => seed: 1993
2026-07-19 18:10:38,557 [trainer.py] => tuned_epoch: 1
2026-07-19 18:10:38,557 [trainer.py] => init_lr: 0.05
2026-07-19 18:10:38,557 [trainer.py] => batch_size: 128
2026-07-19 18:10:38,557 [trainer.py] => weight_decay: 0.0005
2026-07-19 18:10:38,557 [trainer.py] => min_lr: 0
2026-07-19 18:10:38,557 [trainer.py] => optimizer: sgd
2026-07-19 18:10:38,557 [trainer.py] => scheduler: cosine
2026-07-19 18:10:38,557 [trainer.py] => init_milestones: [1]
2026-07-19 18:10:38,557 [trainer.py] => init_lr_decay: 0.1
2026-07-19 18:10:38,557 [trainer.py] => crct_epochs: 1
2026-07-19 18:10:38,557 [trainer.py] => ca_lr: 0.005
2026-07-19 18:10:38,557 [trainer.py] => ca_storage_efficient_method: covariance
2026-07-19 18:10:38,557 [trainer.py] => ca_storage_efficient_method_choices: ['covariance', 'variance']
2026-07-19 18:10:38,557 [trainer.py] => decay: False
2026-07-19 18:10:38,557 [trainer.py] => pretrained: True
2026-07-19 18:10:38,557 [trainer.py] => scale: 20
2026-07-19 18:10:38,557 [trainer.py] => m: 0
2026-07-19 18:10:38,557 [trainer.py] => drop: 0
2026-07-19 18:10:38,557 [trainer.py] => drop_path: 0
2026-07-19 18:10:38,557 [trainer.py] => expert_dim: 16
2026-07-19 18:10:38,557 [trainer.py] => adapter_dim: 64
2026-07-19 18:10:38,557 [trainer.py] => topk_experts: 3
2026-07-19 18:10:38,557 [trainer.py] => topk_routers: 2
2026-07-19 18:10:38,557 [trainer.py] => amp: True
