2026-07-20 02:03:00,818 [trainer.py] => config: exps/cifar100/basis_signed_top2_scale01_smoke_2task.json
2026-07-20 02:03:00,818 [trainer.py] => prefix: basis_signed_top2_scale01_cifar100_smoke_2task
2026-07-20 02:03:00,818 [trainer.py] => dataset: cifar224
2026-07-20 02:03:00,818 [trainer.py] => memory_size: 0
2026-07-20 02:03:00,818 [trainer.py] => memory_per_class: 0
2026-07-20 02:03:00,818 [trainer.py] => fixed_memory: False
2026-07-20 02:03:00,818 [trainer.py] => shuffle: True
2026-07-20 02:03:00,818 [trainer.py] => init_cls: 50
2026-07-20 02:03:00,818 [trainer.py] => increment: 50
2026-07-20 02:03:00,818 [trainer.py] => model_name: care
2026-07-20 02:03:00,819 [trainer.py] => backbone_type: vit_base_patch16_224_in21k_brmoe
2026-07-20 02:03:00,819 [trainer.py] => device: [device(type='cuda', index=7)]
2026-07-20 02:03:00,819 [trainer.py] => seed: 1993
2026-07-20 02:03:00,819 [trainer.py] => tuned_epoch: 1
2026-07-20 02:03:00,819 [trainer.py] => init_lr: 0.05
2026-07-20 02:03:00,819 [trainer.py] => batch_size: 128
2026-07-20 02:03:00,819 [trainer.py] => weight_decay: 0.0005
2026-07-20 02:03:00,819 [trainer.py] => min_lr: 0
2026-07-20 02:03:00,819 [trainer.py] => optimizer: sgd
2026-07-20 02:03:00,819 [trainer.py] => scheduler: cosine
2026-07-20 02:03:00,819 [trainer.py] => init_milestones: [1]
2026-07-20 02:03:00,819 [trainer.py] => init_lr_decay: 0.1
2026-07-20 02:03:00,819 [trainer.py] => crct_epochs: 1
2026-07-20 02:03:00,819 [trainer.py] => ca_lr: 0.005
2026-07-20 02:03:00,819 [trainer.py] => ca_storage_efficient_method: covariance
2026-07-20 02:03:00,819 [trainer.py] => ca_storage_efficient_method_choices: ['covariance', 'variance']
2026-07-20 02:03:00,819 [trainer.py] => decay: False
2026-07-20 02:03:00,819 [trainer.py] => pretrained: True
2026-07-20 02:03:00,819 [trainer.py] => scale: 20
2026-07-20 02:03:00,819 [trainer.py] => m: 0
2026-07-20 02:03:00,819 [trainer.py] => drop: 0
2026-07-20 02:03:00,819 [trainer.py] => drop_path: 0
2026-07-20 02:03:00,819 [trainer.py] => memory_mode: signed_top2
2026-07-20 02:03:00,819 [trainer.py] => basis_count: 8
2026-07-20 02:03:00,819 [trainer.py] => basis_rank: 16
2026-07-20 02:03:00,819 [trainer.py] => basis_key_dim: 128
2026-07-20 02:03:00,819 [trainer.py] => router_temperature: 0.2
2026-07-20 02:03:00,819 [trainer.py] => basis_init_scale: 0.1
2026-07-20 02:03:00,819 [trainer.py] => use_shared_adapter: False
2026-07-20 02:03:00,819 [trainer.py] => amp: True
2026-07-20 02:03:02,307 [data_manager.py] => [68, 56, 78, 8, 23, 84, 90, 65, 74, 76, 40, 89, 3, 92, 55, 9, 26, 80, 43, 38, 58, 70, 77, 1, 85, 19, 17, 50, 28, 53, 13, 81, 45, 82, 6, 59, 83, 16, 15, 44, 91, 41, 72, 60, 79, 52, 20, 10, 31, 54, 37, 95, 14, 71, 96, 98, 97, 2, 64, 66, 42, 22, 35, 86, 24, 34, 87, 21, 99, 0, 88, 27, 18, 94, 11, 12, 47, 25, 30, 46, 62, 69, 36, 61, 7, 63, 75, 5, 32, 4, 51, 48, 73, 93, 39, 67, 29, 49, 57, 33]
2026-07-20 02:03:05,236 [_builder.py] => Loading pretrained weights from Hugging Face hub (timm/vit_base_patch16_224.orig_in21k)
2026-07-20 02:03:05,555 [_hub.py] => [timm/vit_base_patch16_224.orig_in21k] Safe alternative available for 'pytorch_model.bin' (as 'model.safetensors'). Loading weights using safetensors.
2026-07-20 02:03:05,571 [_builder.py] => Missing keys (head.weight, head.bias) discovered while loading pretrained weights. This is expected if model is being adapted.
2026-07-20 02:03:05,595 [care.py] => Training with Automatic Mixed Precision
2026-07-20 02:03:05,597 [care.py] => 89,934,268 model total parameters.
2026-07-20 02:03:05,598 [care.py] => 4,135,612 model training parameters.
2026-07-20 02:03:05,598 [care.py] => backbone.head.weight: 76800
2026-07-20 02:03:05,598 [care.py] => backbone.head.bias: 100
2026-07-20 02:03:05,598 [care.py] => backbone.adapter.adapter_layer0.keys: 1024
2026-07-20 02:03:05,598 [care.py] => backbone.adapter.adapter_layer0.down: 98304
2026-07-20 02:03:05,598 [care.py] => backbone.adapter.adapter_layer0.up: 98304
2026-07-20 02:03:05,598 [care.py] => backbone.adapter.adapter_layer0.scale: 768
2026-07-20 02:03:05,598 [care.py] => backbone.adapter.adapter_layer0.input_norm.weight: 768
2026-07-20 02:03:05,598 [care.py] => backbone.adapter.adapter_layer0.input_norm.bias: 768
2026-07-20 02:03:05,598 [care.py] => backbone.adapter.adapter_layer0.query.weight: 98304
2026-07-20 02:03:05,598 [care.py] => backbone.adapter.adapter_layer0.latent_head.0.0.weight: 768
2026-07-20 02:03:05,598 [care.py] => backbone.adapter.adapter_layer0.latent_head.0.0.bias: 768
2026-07-20 02:03:05,598 [care.py] => backbone.adapter.adapter_layer0.latent_head.0.1.weight: 38400
2026-07-20 02:03:05,598 [care.py] => backbone.adapter.adapter_layer0.latent_head.0.1.bias: 50
2026-07-20 02:03:05,598 [care.py] => backbone.adapter.adapter_layer1.keys: 1024
2026-07-20 02:03:05,598 [care.py] => backbone.adapter.adapter_layer1.down: 98304
2026-07-20 02:03:05,598 [care.py] => backbone.adapter.adapter_layer1.up: 98304
2026-07-20 02:03:05,598 [care.py] => backbone.adapter.adapter_layer1.scale: 768
2026-07-20 02:03:05,599 [care.py] => backbone.adapter.adapter_layer1.input_norm.weight: 768
2026-07-20 02:03:05,599 [care.py] => backbone.adapter.adapter_layer1.input_norm.bias: 768
2026-07-20 02:03:05,599 [care.py] => backbone.adapter.adapter_layer1.query.weight: 98304
2026-07-20 02:03:05,599 [care.py] => backbone.adapter.adapter_layer1.latent_head.0.0.weight: 768
2026-07-20 02:03:05,599 [care.py] => backbone.adapter.adapter_layer1.latent_head.0.0.bias: 768
2026-07-20 02:03:05,599 [care.py] => backbone.adapter.adapter_layer1.latent_head.0.1.weight: 38400
2026-07-20 02:03:05,599 [care.py] => backbone.adapter.adapter_layer1.latent_head.0.1.bias: 50
2026-07-20 02:03:05,599 [care.py] => backbone.adapter.adapter_layer2.keys: 1024
2026-07-20 02:03:05,599 [care.py] => backbone.adapter.adapter_layer2.down: 98304
2026-07-20 02:03:05,599 [care.py] => backbone.adapter.adapter_layer2.up: 98304
2026-07-20 02:03:05,599 [care.py] => backbone.adapter.adapter_layer2.scale: 768
2026-07-20 02:03:05,599 [care.py] => backbone.adapter.adapter_layer2.input_norm.weight: 768
2026-07-20 02:03:05,599 [care.py] => backbone.adapter.adapter_layer2.input_norm.bias: 768
2026-07-20 02:03:05,599 [care.py] => backbone.adapter.adapter_layer2.query.weight: 98304
2026-07-20 02:03:05,599 [care.py] => backbone.adapter.adapter_layer2.latent_head.0.0.weight: 768
2026-07-20 02:03:05,599 [care.py] => backbone.adapter.adapter_layer2.latent_head.0.0.bias: 768
2026-07-20 02:03:05,599 [care.py] => backbone.adapter.adapter_layer2.latent_head.0.1.weight: 38400
2026-07-20 02:03:05,599 [care.py] => backbone.adapter.adapter_layer2.latent_head.0.1.bias: 50
2026-07-20 02:03:05,599 [care.py] => backbone.adapter.adapter_layer3.keys: 1024
2026-07-20 02:03:05,599 [care.py] => backbone.adapter.adapter_layer3.down: 98304
2026-07-20 02:03:05,599 [care.py] => backbone.adapter.adapter_layer3.up: 98304
2026-07-20 02:03:05,599 [care.py] => backbone.adapter.adapter_layer3.scale: 768
2026-07-20 02:03:05,599 [care.py] => backbone.adapter.adapter_layer3.input_norm.weight: 768
2026-07-20 02:03:05,599 [care.py] => backbone.adapter.adapter_layer3.input_norm.bias: 768
2026-07-20 02:03:05,599 [care.py] => backbone.adapter.adapter_layer3.query.weight: 98304
2026-07-20 02:03:05,599 [care.py] => backbone.adapter.adapter_layer3.latent_head.0.0.weight: 768
2026-07-20 02:03:05,599 [care.py] => backbone.adapter.adapter_layer3.latent_head.0.0.bias: 768
2026-07-20 02:03:05,599 [care.py] => backbone.adapter.adapter_layer3.latent_head.0.1.weight: 38400
2026-07-20 02:03:05,599 [care.py] => backbone.adapter.adapter_layer3.latent_head.0.1.bias: 50
2026-07-20 02:03:05,599 [care.py] => backbone.adapter.adapter_layer4.keys: 1024
2026-07-20 02:03:05,599 [care.py] => backbone.adapter.adapter_layer4.down: 98304
2026-07-20 02:03:05,599 [care.py] => backbone.adapter.adapter_layer4.up: 98304
2026-07-20 02:03:05,599 [care.py] => backbone.adapter.adapter_layer4.scale: 768
2026-07-20 02:03:05,599 [care.py] => backbone.adapter.adapter_layer4.input_norm.weight: 768
2026-07-20 02:03:05,599 [care.py] => backbone.adapter.adapter_layer4.input_norm.bias: 768
2026-07-20 02:03:05,599 [care.py] => backbone.adapter.adapter_layer4.query.weight: 98304
2026-07-20 02:03:05,599 [care.py] => backbone.adapter.adapter_layer4.latent_head.0.0.weight: 768
2026-07-20 02:03:05,599 [care.py] => backbone.adapter.adapter_layer4.latent_head.0.0.bias: 768
2026-07-20 02:03:05,600 [care.py] => backbone.adapter.adapter_layer4.latent_head.0.1.weight: 38400
2026-07-20 02:03:05,600 [care.py] => backbone.adapter.adapter_layer4.latent_head.0.1.bias: 50
2026-07-20 02:03:05,600 [care.py] => backbone.adapter.adapter_layer5.keys: 1024
2026-07-20 02:03:05,600 [care.py] => backbone.adapter.adapter_layer5.down: 98304
2026-07-20 02:03:05,600 [care.py] => backbone.adapter.adapter_layer5.up: 98304
2026-07-20 02:03:05,600 [care.py] => backbone.adapter.adapter_layer5.scale: 768
2026-07-20 02:03:05,600 [care.py] => backbone.adapter.adapter_layer5.input_norm.weight: 768
2026-07-20 02:03:05,600 [care.py] => backbone.adapter.adapter_layer5.input_norm.bias: 768
2026-07-20 02:03:05,600 [care.py] => backbone.adapter.adapter_layer5.query.weight: 98304
2026-07-20 02:03:05,600 [care.py] => backbone.adapter.adapter_layer5.latent_head.0.0.weight: 768
2026-07-20 02:03:05,600 [care.py] => backbone.adapter.adapter_layer5.latent_head.0.0.bias: 768
2026-07-20 02:03:05,600 [care.py] => backbone.adapter.adapter_layer5.latent_head.0.1.weight: 38400
2026-07-20 02:03:05,600 [care.py] => backbone.adapter.adapter_layer5.latent_head.0.1.bias: 50
2026-07-20 02:03:05,600 [care.py] => backbone.adapter.adapter_layer6.keys: 1024
2026-07-20 02:03:05,600 [care.py] => backbone.adapter.adapter_layer6.down: 98304
2026-07-20 02:03:05,600 [care.py] => backbone.adapter.adapter_layer6.up: 98304
2026-07-20 02:03:05,600 [care.py] => backbone.adapter.adapter_layer6.scale: 768
2026-07-20 02:03:05,600 [care.py] => backbone.adapter.adapter_layer6.input_norm.weight: 768
2026-07-20 02:03:05,600 [care.py] => backbone.adapter.adapter_layer6.input_norm.bias: 768
2026-07-20 02:03:05,600 [care.py] => backbone.adapter.adapter_layer6.query.weight: 98304
2026-07-20 02:03:05,600 [care.py] => backbone.adapter.adapter_layer6.latent_head.0.0.weight: 768
2026-07-20 02:03:05,600 [care.py] => backbone.adapter.adapter_layer6.latent_head.0.0.bias: 768
2026-07-20 02:03:05,600 [care.py] => backbone.adapter.adapter_layer6.latent_head.0.1.weight: 38400
2026-07-20 02:03:05,600 [care.py] => backbone.adapter.adapter_layer6.latent_head.0.1.bias: 50
2026-07-20 02:03:05,600 [care.py] => backbone.adapter.adapter_layer7.keys: 1024
2026-07-20 02:03:05,600 [care.py] => backbone.adapter.adapter_layer7.down: 98304
2026-07-20 02:03:05,600 [care.py] => backbone.adapter.adapter_layer7.up: 98304
2026-07-20 02:03:05,600 [care.py] => backbone.adapter.adapter_layer7.scale: 768
2026-07-20 02:03:05,600 [care.py] => backbone.adapter.adapter_layer7.input_norm.weight: 768
2026-07-20 02:03:05,600 [care.py] => backbone.adapter.adapter_layer7.input_norm.bias: 768
2026-07-20 02:03:05,600 [care.py] => backbone.adapter.adapter_layer7.query.weight: 98304
2026-07-20 02:03:05,600 [care.py] => backbone.adapter.adapter_layer7.latent_head.0.0.weight: 768
2026-07-20 02:03:05,600 [care.py] => backbone.adapter.adapter_layer7.latent_head.0.0.bias: 768
2026-07-20 02:03:05,600 [care.py] => backbone.adapter.adapter_layer7.latent_head.0.1.weight: 38400
2026-07-20 02:03:05,600 [care.py] => backbone.adapter.adapter_layer7.latent_head.0.1.bias: 50
2026-07-20 02:03:05,600 [care.py] => backbone.adapter.adapter_layer8.keys: 1024
2026-07-20 02:03:05,600 [care.py] => backbone.adapter.adapter_layer8.down: 98304
2026-07-20 02:03:05,600 [care.py] => backbone.adapter.adapter_layer8.up: 98304
2026-07-20 02:03:05,600 [care.py] => backbone.adapter.adapter_layer8.scale: 768
2026-07-20 02:03:05,601 [care.py] => backbone.adapter.adapter_layer8.input_norm.weight: 768
2026-07-20 02:03:05,601 [care.py] => backbone.adapter.adapter_layer8.input_norm.bias: 768
2026-07-20 02:03:05,601 [care.py] => backbone.adapter.adapter_layer8.query.weight: 98304
2026-07-20 02:03:05,601 [care.py] => backbone.adapter.adapter_layer8.latent_head.0.0.weight: 768
2026-07-20 02:03:05,601 [care.py] => backbone.adapter.adapter_layer8.latent_head.0.0.bias: 768
2026-07-20 02:03:05,601 [care.py] => backbone.adapter.adapter_layer8.latent_head.0.1.weight: 38400
2026-07-20 02:03:05,601 [care.py] => backbone.adapter.adapter_layer8.latent_head.0.1.bias: 50
2026-07-20 02:03:05,601 [care.py] => backbone.adapter.adapter_layer9.keys: 1024
2026-07-20 02:03:05,601 [care.py] => backbone.adapter.adapter_layer9.down: 98304
2026-07-20 02:03:05,601 [care.py] => backbone.adapter.adapter_layer9.up: 98304
2026-07-20 02:03:05,601 [care.py] => backbone.adapter.adapter_layer9.scale: 768
2026-07-20 02:03:05,601 [care.py] => backbone.adapter.adapter_layer9.input_norm.weight: 768
2026-07-20 02:03:05,601 [care.py] => backbone.adapter.adapter_layer9.input_norm.bias: 768
2026-07-20 02:03:05,601 [care.py] => backbone.adapter.adapter_layer9.query.weight: 98304
2026-07-20 02:03:05,601 [care.py] => backbone.adapter.adapter_layer9.latent_head.0.0.weight: 768
2026-07-20 02:03:05,601 [care.py] => backbone.adapter.adapter_layer9.latent_head.0.0.bias: 768
2026-07-20 02:03:05,601 [care.py] => backbone.adapter.adapter_layer9.latent_head.0.1.weight: 38400
2026-07-20 02:03:05,601 [care.py] => backbone.adapter.adapter_layer9.latent_head.0.1.bias: 50
2026-07-20 02:03:05,601 [care.py] => backbone.adapter.adapter_layer10.keys: 1024
2026-07-20 02:03:05,601 [care.py] => backbone.adapter.adapter_layer10.down: 98304
2026-07-20 02:03:05,601 [care.py] => backbone.adapter.adapter_layer10.up: 98304
2026-07-20 02:03:05,601 [care.py] => backbone.adapter.adapter_layer10.scale: 768
2026-07-20 02:03:05,601 [care.py] => backbone.adapter.adapter_layer10.input_norm.weight: 768
2026-07-20 02:03:05,601 [care.py] => backbone.adapter.adapter_layer10.input_norm.bias: 768
2026-07-20 02:03:05,601 [care.py] => backbone.adapter.adapter_layer10.query.weight: 98304
2026-07-20 02:03:05,601 [care.py] => backbone.adapter.adapter_layer10.latent_head.0.0.weight: 768
2026-07-20 02:03:05,601 [care.py] => backbone.adapter.adapter_layer10.latent_head.0.0.bias: 768
2026-07-20 02:03:05,601 [care.py] => backbone.adapter.adapter_layer10.latent_head.0.1.weight: 38400
2026-07-20 02:03:05,601 [care.py] => backbone.adapter.adapter_layer10.latent_head.0.1.bias: 50
2026-07-20 02:03:05,601 [care.py] => backbone.adapter.adapter_layer11.keys: 1024
2026-07-20 02:03:05,601 [care.py] => backbone.adapter.adapter_layer11.down: 98304
2026-07-20 02:03:05,601 [care.py] => backbone.adapter.adapter_layer11.up: 98304
2026-07-20 02:03:05,601 [care.py] => backbone.adapter.adapter_layer11.scale: 768
2026-07-20 02:03:05,601 [care.py] => backbone.adapter.adapter_layer11.input_norm.weight: 768
2026-07-20 02:03:05,601 [care.py] => backbone.adapter.adapter_layer11.input_norm.bias: 768
2026-07-20 02:03:05,601 [care.py] => backbone.adapter.adapter_layer11.query.weight: 98304
2026-07-20 02:03:05,601 [care.py] => backbone.adapter.adapter_layer11.latent_head.0.0.weight: 768
2026-07-20 02:03:05,601 [care.py] => backbone.adapter.adapter_layer11.latent_head.0.0.bias: 768
2026-07-20 02:03:05,602 [care.py] => backbone.adapter.adapter_layer11.latent_head.0.1.weight: 38400
2026-07-20 02:03:05,602 [care.py] => backbone.adapter.adapter_layer11.latent_head.0.1.bias: 50
2026-07-20 02:03:05,602 [trainer.py] => Train Augmentation [RandomResizedCrop(size=(256, 256), scale=(0.08, 1.0), ratio=(0.75, 1.3333), interpolation=bicubic, antialias=True), CenterCrop(size=(224, 224)), RandomHorizontalFlip(p=0.5), ColorJitter(brightness=(0.75, 1.25), contrast=None, saturation=None, hue=None), ToTensor(), Normalize(mean=[0.5, 0.5, 0.5], std=[0.5, 0.5, 0.5])]
2026-07-20 02:03:05,602 [trainer.py] => Test Augmentation [Resize(size=256, interpolation=bicubic, max_size=None, antialias=True), CenterCrop(size=(224, 224)), ToTensor(), Normalize(mean=[0.5, 0.5, 0.5], std=[0.5, 0.5, 0.5])]
2026-07-20 02:03:05,602 [trainer.py] => All params: 89934268
2026-07-20 02:03:05,603 [trainer.py] => Trainable params: 4135612
2026-07-20 02:03:05,615 [care.py] => Learning on 0-50
2026-07-20 02:03:46,914 [care.py] => Task 0, Epoch 1/1 => LR 0.00e+00 Loss 2.978/1.103/1.876, Train_accy 70.78
2026-07-20 02:03:46,916 [care.py] => Adapter diagnostics: {'adapter_layer0': {'route_entropy': 0.37582765625, 'slot_load': [1.0, 0.2614800035953522, 0.0923599973320961, 0.04471999779343605, 0.01923999935388565, 0.04891999810934067, 0.20931999385356903, 0.32396000623703003], 'dead_slots': 0, 'negative_weight_fraction': 0.67816}, 'adapter_layer1': {'route_entropy': 0.5672630859375, 'slot_load': [0.064240001142025, 0.36767998337745667, 0.03815999999642372, 0.0003600000054575503, 0.05447999760508537, 0.47127997875213623, 0.9991999864578247, 0.004600000102072954], 'dead_slots': 0, 'negative_weight_fraction': 0.5564}, 'adapter_layer2': {'route_entropy': 0.6029209375, 'slot_load': [0.038839999586343765, 0.04312000051140785, 0.004279999993741512, 0.028359999880194664, 0.036479998379945755, 0.8232799768447876, 0.026559999212622643, 0.9990800023078918], 'dead_slots': 0, 'negative_weight_fraction': 0.9295}, 'adapter_layer3': {'route_entropy': 0.627604296875, 'slot_load': [0.0005200000014156103, 0.013079999946057796, 0.041519999504089355, 0.9923200011253357, 0.9407599568367004, 0.0014799999771639705, 0.0056399996392428875, 0.004679999779909849], 'dead_slots': 0, 'negative_weight_fraction': 0.5276}, 'adapter_layer4': {'route_entropy': 0.4866184765625, 'slot_load': [0.06775999814271927, 0.0671599954366684, 0.09544000029563904, 0.06839999556541443, 0.9960399866104126, 0.23736000061035156, 0.41895997524261475, 0.04887999966740608], 'dead_slots': 0, 'negative_weight_fraction': 0.25082}, 'adapter_layer5': {'route_entropy': 0.5090530078125, 'slot_load': [0.011399999260902405, 0.03175999969244003, 0.7664799690246582, 0.07119999825954437, 0.009320000186562538, 0.016839999705553055, 0.10495999455451965, 0.9880399703979492], 'dead_slots': 0, 'negative_weight_fraction': 0.69184}, 'adapter_layer6': {'route_entropy': 0.5959656640625, 'slot_load': [0.009479999542236328, 0.9905200004577637, 0.018239999189972878, 0.006319999694824219, 0.8147199749946594, 0.14839999377727509, 0.009200000204145908, 0.003120000008493662], 'dead_slots': 0, 'negative_weight_fraction': 0.40994}, 'adapter_layer7': {'route_entropy': 0.456644140625, 'slot_load': [0.07067999988794327, 0.16679999232292175, 0.122359998524189, 0.09647999703884125, 0.1985199898481369, 0.24740000069141388, 0.9913199543952942, 0.1064400002360344], 'dead_slots': 0, 'negative_weight_fraction': 0.7255}, 'adapter_layer8': {'route_entropy': 0.4194453125, 'slot_load': [0.04251999780535698, 0.018160000443458557, 0.2428399920463562, 0.27167999744415283, 0.33820000290870667, 0.9930799603462219, 0.034199997782707214, 0.05931999906897545], 'dead_slots': 0, 'negative_weight_fraction': 0.73816}, 'adapter_layer9': {'route_entropy': 0.5058558203125, 'slot_load': [0.5443199872970581, 0.24799999594688416, 0.04559999704360962, 0.013919999822974205, 0.08004000037908554, 0.055080000311136246, 0.9943599700927734, 0.018679998815059662], 'dead_slots': 0, 'negative_weight_fraction': 0.29656}, 'adapter_layer10': {'route_entropy': 0.566319140625, 'slot_load': [0.6860799789428711, 0.008999999612569809, 0.026119999587535858, 0.0987199991941452, 0.9848799705505371, 0.12359999865293503, 0.021479999646544456, 0.050119999796152115], 'dead_slots': 0, 'negative_weight_fraction': 0.91354}, 'adapter_layer11': {'route_entropy': 0.640328984375, 'slot_load': [0.12567999958992004, 0.7480799555778503, 0.11931999772787094, 0.18583999574184418, 0.2666400074958801, 0.10147999972105026, 0.18695999681949615, 0.26600000262260437], 'dead_slots': 0, 'negative_weight_fraction': 0.30938}}
2026-07-20 02:05:35,713 [trainer.py] => No NME accuracy.
2026-07-20 02:05:35,714 [trainer.py] => CNN: {'total': np.float64(90.6), '00-49': np.float64(90.6), 'old': 0, 'new': np.float64(90.6)}
2026-07-20 02:05:35,714 [trainer.py] => CNN top1 curve: [np.float64(90.6)]
2026-07-20 02:05:35,714 [trainer.py] => CNN top5 curve: [np.float64(98.88)]

2026-07-20 02:05:35,714 [trainer.py] => Average Accuracy (CNN): 90.6 

2026-07-20 02:05:35,715 [trainer.py] => All params: 89972668
2026-07-20 02:05:35,715 [trainer.py] => Trainable params: 4174012
2026-07-20 02:05:35,717 [care.py] => Learning on 50-100
2026-07-20 02:06:16,110 [care.py] => Task 1, Epoch 1/1 => LR 2.50e-02 Loss 2.749/0.921/1.828, Train_accy 69.80
2026-07-20 02:06:16,112 [care.py] => Adapter diagnostics: {'adapter_layer0': {'route_entropy': 0.5863573046875, 'slot_load': [1.0, 0.0, 0.0011599999852478504, 0.0021199998445808887, 0.0008399999933317304, 0.15651999413967133, 0.014879999682307243, 0.8244799971580505], 'dead_slots': 1, 'negative_weight_fraction': 0.9764}, 'adapter_layer1': {'route_entropy': 0.4498580859375, 'slot_load': [0.23199999332427979, 0.20455999672412872, 0.04023999720811844, 0.5140799880027771, 0.00019999999494757503, 0.007960000075399876, 1.0, 0.0009599999757483602], 'dead_slots': 0, 'negative_weight_fraction': 0.7284}, 'adapter_layer2': {'route_entropy': 0.3139157421875, 'slot_load': [0.11691999435424805, 0.4930799901485443, 0.04259999841451645, 0.02563999965786934, 0.1141199991106987, 0.009839999489486217, 0.19779999554157257, 1.0], 'dead_slots': 0, 'negative_weight_fraction': 0.67102}, 'adapter_layer3': {'route_entropy': 0.3623100390625, 'slot_load': [0.050039999186992645, 0.22912000119686127, 0.03455999866127968, 1.0, 0.10672000050544739, 0.05055999755859375, 0.37511998414993286, 0.15388000011444092], 'dead_slots': 0, 'negative_weight_fraction': 0.80798}, 'adapter_layer4': {'route_entropy': 0.644954375, 'slot_load': [7.999999797903001e-05, 0.0, 0.0, 0.0, 1.0, 0.0, 0.9999199509620667, 0.0], 'dead_slots': 5, 'negative_weight_fraction': 0.5}, 'adapter_layer5': {'route_entropy': 0.4133745703125, 'slot_load': [0.08376000076532364, 0.08872000128030777, 0.42163997888565063, 0.1648000031709671, 0.038520000874996185, 0.03035999834537506, 0.17219999432563782, 1.0], 'dead_slots': 0, 'negative_weight_fraction': 0.68594}, 'adapter_layer6': {'route_entropy': 0.6105728515625, 'slot_load': [0.00023999999393709004, 1.0, 0.005119999870657921, 3.9999998989515007e-05, 0.9945999979972839, 0.0, 0.0, 0.0], 'dead_slots': 3, 'negative_weight_fraction': 0.5}, 'adapter_layer7': {'route_entropy': 0.348975, 'slot_load': [0.18239998817443848, 0.010639999993145466, 0.3784799873828888, 0.20136000216007233, 0.19336000084877014, 0.026200000196695328, 1.0, 0.0075599998235702515], 'dead_slots': 0, 'negative_weight_fraction': 0.69198}, 'adapter_layer8': {'route_entropy': 0.3302116015625, 'slot_load': [0.03136000037193298, 0.04559999704360962, 0.27063998579978943, 0.11955999583005905, 0.33715999126434326, 1.0, 0.11903999745845795, 0.07663999497890472], 'dead_slots': 0, 'negative_weight_fraction': 0.8036}, 'adapter_layer9': {'route_entropy': 0.6444437109375, 'slot_load': [1.0, 0.0, 0.0, 0.0, 0.0, 0.0, 1.0, 0.0], 'dead_slots': 6, 'negative_weight_fraction': 0.5}, 'adapter_layer10': {'route_entropy': 0.478573203125, 'slot_load': [0.4049599766731262, 0.20047999918460846, 0.0025199998635798693, 0.05955999717116356, 1.0, 0.06412000209093094, 0.05791999772191048, 0.210439994931221], 'dead_slots': 0, 'negative_weight_fraction': 0.9414}, 'adapter_layer11': {'route_entropy': 0.5223032421875, 'slot_load': [0.23183999955654144, 0.9999599456787109, 0.21728000044822693, 0.1929199993610382, 0.13155999779701233, 0.010559999383985996, 0.0522799976170063, 0.16359999775886536], 'dead_slots': 0, 'negative_weight_fraction': 0.30618}}
2026-07-20 02:07:53,708 [care.py] => Task 1, Epoch 1/1 => Loss 0.278, CA_accy 95.00
2026-07-20 02:08:33,749 [care.py] => Task 1, Epoch 1/1 => LR 0.00e+00 Loss 2.302/0.684/1.618, Train_accy 76.31
2026-07-20 02:08:33,752 [care.py] => Adapter diagnostics: {'adapter_layer0': {'route_entropy': 0.526983046875, 'slot_load': [1.0, 0.0, 0.0, 0.0, 0.0, 0.0, 0.0, 1.0], 'dead_slots': 6, 'negative_weight_fraction': 1.0}, 'adapter_layer1': {'route_entropy': 0.573440078125, 'slot_load': [0.0, 0.0, 0.0, 1.0, 0.0, 0.0, 1.0, 0.0], 'dead_slots': 6, 'negative_weight_fraction': 0.5}, 'adapter_layer2': {'route_entropy': 0.2373368359375, 'slot_load': [0.4710399806499481, 0.1021599993109703, 0.22407999634742737, 0.02319999970495701, 0.14955998957157135, 0.0037999998312443495, 0.026159999892115593, 1.0], 'dead_slots': 0, 'negative_weight_fraction': 0.84344}, 'adapter_layer3': {'route_entropy': 0.2780260546875, 'slot_load': [0.1029599979519844, 0.4541199803352356, 0.0024800000246614218, 1.0, 0.04343999922275543, 0.07159999758005142, 0.19659999012947083, 0.12879998981952667], 'dead_slots': 0, 'negative_weight_fraction': 0.71896}, 'adapter_layer4': {'route_entropy': 0.5201625390625, 'slot_load': [0.017640000209212303, 0.0, 3.9999998989515007e-05, 0.023319998756051064, 1.0, 0.0, 0.9589599967002869, 3.9999998989515007e-05], 'dead_slots': 2, 'negative_weight_fraction': 0.48832}, 'adapter_layer5': {'route_entropy': 0.47340578125, 'slot_load': [0.4351999759674072, 0.017400000244379044, 0.0024800000246614218, 0.0041600000113248825, 0.5281199812889099, 0.009560000151395798, 0.0030799999367445707, 1.0], 'dead_slots': 0, 'negative_weight_fraction': 0.99454}, 'adapter_layer6': {'route_entropy': 0.6180005078125, 'slot_load': [0.00019999999494757503, 1.0, 0.009879999794065952, 0.0, 0.989799976348877, 0.00011999999696854502, 0.0, 0.0], 'dead_slots': 3, 'negative_weight_fraction': 0.5}, 'adapter_layer7': {'route_entropy': 0.338824609375, 'slot_load': [0.03412000089883804, 0.003719999920576811, 0.8331199884414673, 0.02743999846279621, 0.08743999898433685, 0.0077599999494850636, 1.0, 0.006399999838322401], 'dead_slots': 0, 'negative_weight_fraction': 0.5319}, 'adapter_layer8': {'route_entropy': 0.4428568359375, 'slot_load': [0.00019999999494757503, 0.9563199877738953, 0.008999999612569809, 0.0016799999866634607, 0.013119999319314957, 1.0, 0.010999999940395355, 0.008679999969899654], 'dead_slots': 0, 'negative_weight_fraction': 0.9857}, 'adapter_layer9': {'route_entropy': 0.6458206640625, 'slot_load': [1.0, 0.0, 0.0, 0.0, 0.0, 0.0, 1.0, 0.0], 'dead_slots': 6, 'negative_weight_fraction': 0.5}, 'adapter_layer10': {'route_entropy': 0.52142046875, 'slot_load': [3.9999998989515007e-05, 3.9999998989515007e-05, 0.0, 0.0014799999771639705, 1.0, 0.0010400000028312206, 0.9876399636268616, 0.009759999811649323], 'dead_slots': 1, 'negative_weight_fraction': 0.99998}, 'adapter_layer11': {'route_entropy': 0.5562909375, 'slot_load': [0.006479999981820583, 0.9999599456787109, 0.002199999988079071, 0.007439999841153622, 0.07727999985218048, 0.3499999940395355, 0.5550000071525574, 0.0016399999149143696], 'dead_slots': 0, 'negative_weight_fraction': 0.00486}}
2026-07-20 02:10:10,693 [care.py] => Task 1, Epoch 1/1 => Loss 0.248, CA_accy 95.78
2026-07-20 02:11:22,526 [trainer.py] => No NME accuracy.
2026-07-20 02:11:22,526 [trainer.py] => CNN: {'total': np.float64(88.31), '00-49': np.float64(87.7), '50-99': np.float64(88.92), 'old': np.float64(87.7), 'new': np.float64(88.92)}
2026-07-20 02:11:22,526 [trainer.py] => CNN top1 curve: [np.float64(90.6), np.float64(88.31)]
2026-07-20 02:11:22,526 [trainer.py] => CNN top5 curve: [np.float64(98.88), np.float64(98.3)]

2026-07-20 02:11:22,526 [trainer.py] => Average Accuracy (CNN): 89.455 

2026-07-20 02:11:22,527 [trainer.py] => Forgetting (CNN): 2.8999999999999915
