2026-07-20 02:12:54,623 [trainer.py] => config: exps/cifar100/basis_hard_top2_scale01_balance01_smoke_2task.json
2026-07-20 02:12:54,623 [trainer.py] => prefix: basis_hard_top2_scale01_balance01_smoke_2task
2026-07-20 02:12:54,623 [trainer.py] => dataset: cifar224
2026-07-20 02:12:54,623 [trainer.py] => memory_size: 0
2026-07-20 02:12:54,623 [trainer.py] => memory_per_class: 0
2026-07-20 02:12:54,623 [trainer.py] => fixed_memory: False
2026-07-20 02:12:54,623 [trainer.py] => shuffle: True
2026-07-20 02:12:54,624 [trainer.py] => init_cls: 50
2026-07-20 02:12:54,624 [trainer.py] => increment: 50
2026-07-20 02:12:54,624 [trainer.py] => model_name: care
2026-07-20 02:12:54,624 [trainer.py] => backbone_type: vit_base_patch16_224_in21k_brmoe
2026-07-20 02:12:54,624 [trainer.py] => device: [device(type='cuda', index=5)]
2026-07-20 02:12:54,624 [trainer.py] => seed: 1993
2026-07-20 02:12:54,624 [trainer.py] => tuned_epoch: 1
2026-07-20 02:12:54,624 [trainer.py] => init_lr: 0.05
2026-07-20 02:12:54,624 [trainer.py] => batch_size: 128
2026-07-20 02:12:54,624 [trainer.py] => weight_decay: 0.0005
2026-07-20 02:12:54,624 [trainer.py] => min_lr: 0
2026-07-20 02:12:54,624 [trainer.py] => optimizer: sgd
2026-07-20 02:12:54,624 [trainer.py] => scheduler: cosine
2026-07-20 02:12:54,624 [trainer.py] => init_milestones: [1]
2026-07-20 02:12:54,624 [trainer.py] => init_lr_decay: 0.1
2026-07-20 02:12:54,624 [trainer.py] => crct_epochs: 1
2026-07-20 02:12:54,624 [trainer.py] => ca_lr: 0.005
2026-07-20 02:12:54,624 [trainer.py] => ca_storage_efficient_method: covariance
2026-07-20 02:12:54,624 [trainer.py] => ca_storage_efficient_method_choices: ['covariance', 'variance']
2026-07-20 02:12:54,624 [trainer.py] => decay: False
2026-07-20 02:12:54,624 [trainer.py] => pretrained: True
2026-07-20 02:12:54,624 [trainer.py] => scale: 20
2026-07-20 02:12:54,624 [trainer.py] => m: 0
2026-07-20 02:12:54,624 [trainer.py] => drop: 0
2026-07-20 02:12:54,624 [trainer.py] => drop_path: 0
2026-07-20 02:12:54,624 [trainer.py] => memory_mode: hard_top2
2026-07-20 02:12:54,624 [trainer.py] => basis_count: 8
2026-07-20 02:12:54,624 [trainer.py] => basis_rank: 16
2026-07-20 02:12:54,624 [trainer.py] => basis_key_dim: 128
2026-07-20 02:12:54,624 [trainer.py] => router_temperature: 0.2
2026-07-20 02:12:54,624 [trainer.py] => balance_temperature: 0.2
2026-07-20 02:12:54,624 [trainer.py] => router_balance_weight: 0.1
2026-07-20 02:12:54,624 [trainer.py] => basis_init_scale: 0.1
2026-07-20 02:12:54,624 [trainer.py] => use_shared_adapter: False
2026-07-20 02:12:54,624 [trainer.py] => amp: True
2026-07-20 02:12:56,116 [data_manager.py] => [68, 56, 78, 8, 23, 84, 90, 65, 74, 76, 40, 89, 3, 92, 55, 9, 26, 80, 43, 38, 58, 70, 77, 1, 85, 19, 17, 50, 28, 53, 13, 81, 45, 82, 6, 59, 83, 16, 15, 44, 91, 41, 72, 60, 79, 52, 20, 10, 31, 54, 37, 95, 14, 71, 96, 98, 97, 2, 64, 66, 42, 22, 35, 86, 24, 34, 87, 21, 99, 0, 88, 27, 18, 94, 11, 12, 47, 25, 30, 46, 62, 69, 36, 61, 7, 63, 75, 5, 32, 4, 51, 48, 73, 93, 39, 67, 29, 49, 57, 33]
2026-07-20 02:12:59,067 [_builder.py] => Loading pretrained weights from Hugging Face hub (timm/vit_base_patch16_224.orig_in21k)
2026-07-20 02:12:59,394 [_hub.py] => [timm/vit_base_patch16_224.orig_in21k] Safe alternative available for 'pytorch_model.bin' (as 'model.safetensors'). Loading weights using safetensors.
2026-07-20 02:12:59,425 [_builder.py] => Missing keys (head.weight, head.bias) discovered while loading pretrained weights. This is expected if model is being adapted.
2026-07-20 02:12:59,523 [care.py] => Training with Automatic Mixed Precision
2026-07-20 02:12:59,524 [care.py] => 89,934,268 model total parameters.
2026-07-20 02:12:59,525 [care.py] => 4,135,612 model training parameters.
2026-07-20 02:12:59,525 [care.py] => backbone.head.weight: 76800
2026-07-20 02:12:59,525 [care.py] => backbone.head.bias: 100
2026-07-20 02:12:59,525 [care.py] => backbone.adapter.adapter_layer0.keys: 1024
2026-07-20 02:12:59,525 [care.py] => backbone.adapter.adapter_layer0.down: 98304
2026-07-20 02:12:59,525 [care.py] => backbone.adapter.adapter_layer0.up: 98304
2026-07-20 02:12:59,525 [care.py] => backbone.adapter.adapter_layer0.scale: 768
2026-07-20 02:12:59,525 [care.py] => backbone.adapter.adapter_layer0.input_norm.weight: 768
2026-07-20 02:12:59,525 [care.py] => backbone.adapter.adapter_layer0.input_norm.bias: 768
2026-07-20 02:12:59,525 [care.py] => backbone.adapter.adapter_layer0.query.weight: 98304
2026-07-20 02:12:59,525 [care.py] => backbone.adapter.adapter_layer0.latent_head.0.0.weight: 768
2026-07-20 02:12:59,525 [care.py] => backbone.adapter.adapter_layer0.latent_head.0.0.bias: 768
2026-07-20 02:12:59,526 [care.py] => backbone.adapter.adapter_layer0.latent_head.0.1.weight: 38400
2026-07-20 02:12:59,526 [care.py] => backbone.adapter.adapter_layer0.latent_head.0.1.bias: 50
2026-07-20 02:12:59,526 [care.py] => backbone.adapter.adapter_layer1.keys: 1024
2026-07-20 02:12:59,526 [care.py] => backbone.adapter.adapter_layer1.down: 98304
2026-07-20 02:12:59,526 [care.py] => backbone.adapter.adapter_layer1.up: 98304
2026-07-20 02:12:59,526 [care.py] => backbone.adapter.adapter_layer1.scale: 768
2026-07-20 02:12:59,526 [care.py] => backbone.adapter.adapter_layer1.input_norm.weight: 768
2026-07-20 02:12:59,526 [care.py] => backbone.adapter.adapter_layer1.input_norm.bias: 768
2026-07-20 02:12:59,526 [care.py] => backbone.adapter.adapter_layer1.query.weight: 98304
2026-07-20 02:12:59,526 [care.py] => backbone.adapter.adapter_layer1.latent_head.0.0.weight: 768
2026-07-20 02:12:59,526 [care.py] => backbone.adapter.adapter_layer1.latent_head.0.0.bias: 768
2026-07-20 02:12:59,526 [care.py] => backbone.adapter.adapter_layer1.latent_head.0.1.weight: 38400
2026-07-20 02:12:59,526 [care.py] => backbone.adapter.adapter_layer1.latent_head.0.1.bias: 50
2026-07-20 02:12:59,526 [care.py] => backbone.adapter.adapter_layer2.keys: 1024
2026-07-20 02:12:59,526 [care.py] => backbone.adapter.adapter_layer2.down: 98304
2026-07-20 02:12:59,526 [care.py] => backbone.adapter.adapter_layer2.up: 98304
2026-07-20 02:12:59,526 [care.py] => backbone.adapter.adapter_layer2.scale: 768
2026-07-20 02:12:59,526 [care.py] => backbone.adapter.adapter_layer2.input_norm.weight: 768
2026-07-20 02:12:59,526 [care.py] => backbone.adapter.adapter_layer2.input_norm.bias: 768
2026-07-20 02:12:59,526 [care.py] => backbone.adapter.adapter_layer2.query.weight: 98304
2026-07-20 02:12:59,526 [care.py] => backbone.adapter.adapter_layer2.latent_head.0.0.weight: 768
2026-07-20 02:12:59,526 [care.py] => backbone.adapter.adapter_layer2.latent_head.0.0.bias: 768
2026-07-20 02:12:59,526 [care.py] => backbone.adapter.adapter_layer2.latent_head.0.1.weight: 38400
2026-07-20 02:12:59,526 [care.py] => backbone.adapter.adapter_layer2.latent_head.0.1.bias: 50
2026-07-20 02:12:59,526 [care.py] => backbone.adapter.adapter_layer3.keys: 1024
2026-07-20 02:12:59,526 [care.py] => backbone.adapter.adapter_layer3.down: 98304
2026-07-20 02:12:59,526 [care.py] => backbone.adapter.adapter_layer3.up: 98304
2026-07-20 02:12:59,526 [care.py] => backbone.adapter.adapter_layer3.scale: 768
2026-07-20 02:12:59,526 [care.py] => backbone.adapter.adapter_layer3.input_norm.weight: 768
2026-07-20 02:12:59,526 [care.py] => backbone.adapter.adapter_layer3.input_norm.bias: 768
2026-07-20 02:12:59,526 [care.py] => backbone.adapter.adapter_layer3.query.weight: 98304
2026-07-20 02:12:59,526 [care.py] => backbone.adapter.adapter_layer3.latent_head.0.0.weight: 768
2026-07-20 02:12:59,526 [care.py] => backbone.adapter.adapter_layer3.latent_head.0.0.bias: 768
2026-07-20 02:12:59,526 [care.py] => backbone.adapter.adapter_layer3.latent_head.0.1.weight: 38400
2026-07-20 02:12:59,526 [care.py] => backbone.adapter.adapter_layer3.latent_head.0.1.bias: 50
2026-07-20 02:12:59,526 [care.py] => backbone.adapter.adapter_layer4.keys: 1024
2026-07-20 02:12:59,526 [care.py] => backbone.adapter.adapter_layer4.down: 98304
2026-07-20 02:12:59,526 [care.py] => backbone.adapter.adapter_layer4.up: 98304
2026-07-20 02:12:59,526 [care.py] => backbone.adapter.adapter_layer4.scale: 768
2026-07-20 02:12:59,527 [care.py] => backbone.adapter.adapter_layer4.input_norm.weight: 768
2026-07-20 02:12:59,527 [care.py] => backbone.adapter.adapter_layer4.input_norm.bias: 768
2026-07-20 02:12:59,527 [care.py] => backbone.adapter.adapter_layer4.query.weight: 98304
2026-07-20 02:12:59,527 [care.py] => backbone.adapter.adapter_layer4.latent_head.0.0.weight: 768
2026-07-20 02:12:59,527 [care.py] => backbone.adapter.adapter_layer4.latent_head.0.0.bias: 768
2026-07-20 02:12:59,527 [care.py] => backbone.adapter.adapter_layer4.latent_head.0.1.weight: 38400
2026-07-20 02:12:59,527 [care.py] => backbone.adapter.adapter_layer4.latent_head.0.1.bias: 50
2026-07-20 02:12:59,527 [care.py] => backbone.adapter.adapter_layer5.keys: 1024
2026-07-20 02:12:59,527 [care.py] => backbone.adapter.adapter_layer5.down: 98304
2026-07-20 02:12:59,527 [care.py] => backbone.adapter.adapter_layer5.up: 98304
2026-07-20 02:12:59,527 [care.py] => backbone.adapter.adapter_layer5.scale: 768
2026-07-20 02:12:59,527 [care.py] => backbone.adapter.adapter_layer5.input_norm.weight: 768
2026-07-20 02:12:59,527 [care.py] => backbone.adapter.adapter_layer5.input_norm.bias: 768
2026-07-20 02:12:59,527 [care.py] => backbone.adapter.adapter_layer5.query.weight: 98304
2026-07-20 02:12:59,527 [care.py] => backbone.adapter.adapter_layer5.latent_head.0.0.weight: 768
2026-07-20 02:12:59,527 [care.py] => backbone.adapter.adapter_layer5.latent_head.0.0.bias: 768
2026-07-20 02:12:59,527 [care.py] => backbone.adapter.adapter_layer5.latent_head.0.1.weight: 38400
2026-07-20 02:12:59,527 [care.py] => backbone.adapter.adapter_layer5.latent_head.0.1.bias: 50
2026-07-20 02:12:59,527 [care.py] => backbone.adapter.adapter_layer6.keys: 1024
2026-07-20 02:12:59,527 [care.py] => backbone.adapter.adapter_layer6.down: 98304
2026-07-20 02:12:59,527 [care.py] => backbone.adapter.adapter_layer6.up: 98304
2026-07-20 02:12:59,527 [care.py] => backbone.adapter.adapter_layer6.scale: 768
2026-07-20 02:12:59,527 [care.py] => backbone.adapter.adapter_layer6.input_norm.weight: 768
2026-07-20 02:12:59,527 [care.py] => backbone.adapter.adapter_layer6.input_norm.bias: 768
2026-07-20 02:12:59,527 [care.py] => backbone.adapter.adapter_layer6.query.weight: 98304
2026-07-20 02:12:59,527 [care.py] => backbone.adapter.adapter_layer6.latent_head.0.0.weight: 768
2026-07-20 02:12:59,527 [care.py] => backbone.adapter.adapter_layer6.latent_head.0.0.bias: 768
2026-07-20 02:12:59,527 [care.py] => backbone.adapter.adapter_layer6.latent_head.0.1.weight: 38400
2026-07-20 02:12:59,527 [care.py] => backbone.adapter.adapter_layer6.latent_head.0.1.bias: 50
2026-07-20 02:12:59,527 [care.py] => backbone.adapter.adapter_layer7.keys: 1024
2026-07-20 02:12:59,527 [care.py] => backbone.adapter.adapter_layer7.down: 98304
2026-07-20 02:12:59,527 [care.py] => backbone.adapter.adapter_layer7.up: 98304
2026-07-20 02:12:59,527 [care.py] => backbone.adapter.adapter_layer7.scale: 768
2026-07-20 02:12:59,527 [care.py] => backbone.adapter.adapter_layer7.input_norm.weight: 768
2026-07-20 02:12:59,527 [care.py] => backbone.adapter.adapter_layer7.input_norm.bias: 768
2026-07-20 02:12:59,527 [care.py] => backbone.adapter.adapter_layer7.query.weight: 98304
2026-07-20 02:12:59,527 [care.py] => backbone.adapter.adapter_layer7.latent_head.0.0.weight: 768
2026-07-20 02:12:59,527 [care.py] => backbone.adapter.adapter_layer7.latent_head.0.0.bias: 768
2026-07-20 02:12:59,527 [care.py] => backbone.adapter.adapter_layer7.latent_head.0.1.weight: 38400
2026-07-20 02:12:59,528 [care.py] => backbone.adapter.adapter_layer7.latent_head.0.1.bias: 50
2026-07-20 02:12:59,528 [care.py] => backbone.adapter.adapter_layer8.keys: 1024
2026-07-20 02:12:59,528 [care.py] => backbone.adapter.adapter_layer8.down: 98304
2026-07-20 02:12:59,528 [care.py] => backbone.adapter.adapter_layer8.up: 98304
2026-07-20 02:12:59,528 [care.py] => backbone.adapter.adapter_layer8.scale: 768
2026-07-20 02:12:59,528 [care.py] => backbone.adapter.adapter_layer8.input_norm.weight: 768
2026-07-20 02:12:59,528 [care.py] => backbone.adapter.adapter_layer8.input_norm.bias: 768
2026-07-20 02:12:59,528 [care.py] => backbone.adapter.adapter_layer8.query.weight: 98304
2026-07-20 02:12:59,528 [care.py] => backbone.adapter.adapter_layer8.latent_head.0.0.weight: 768
2026-07-20 02:12:59,528 [care.py] => backbone.adapter.adapter_layer8.latent_head.0.0.bias: 768
2026-07-20 02:12:59,528 [care.py] => backbone.adapter.adapter_layer8.latent_head.0.1.weight: 38400
2026-07-20 02:12:59,528 [care.py] => backbone.adapter.adapter_layer8.latent_head.0.1.bias: 50
2026-07-20 02:12:59,528 [care.py] => backbone.adapter.adapter_layer9.keys: 1024
2026-07-20 02:12:59,528 [care.py] => backbone.adapter.adapter_layer9.down: 98304
2026-07-20 02:12:59,528 [care.py] => backbone.adapter.adapter_layer9.up: 98304
2026-07-20 02:12:59,528 [care.py] => backbone.adapter.adapter_layer9.scale: 768
2026-07-20 02:12:59,528 [care.py] => backbone.adapter.adapter_layer9.input_norm.weight: 768
2026-07-20 02:12:59,528 [care.py] => backbone.adapter.adapter_layer9.input_norm.bias: 768
2026-07-20 02:12:59,528 [care.py] => backbone.adapter.adapter_layer9.query.weight: 98304
2026-07-20 02:12:59,528 [care.py] => backbone.adapter.adapter_layer9.latent_head.0.0.weight: 768
2026-07-20 02:12:59,528 [care.py] => backbone.adapter.adapter_layer9.latent_head.0.0.bias: 768
2026-07-20 02:12:59,528 [care.py] => backbone.adapter.adapter_layer9.latent_head.0.1.weight: 38400
2026-07-20 02:12:59,528 [care.py] => backbone.adapter.adapter_layer9.latent_head.0.1.bias: 50
2026-07-20 02:12:59,528 [care.py] => backbone.adapter.adapter_layer10.keys: 1024
2026-07-20 02:12:59,528 [care.py] => backbone.adapter.adapter_layer10.down: 98304
2026-07-20 02:12:59,528 [care.py] => backbone.adapter.adapter_layer10.up: 98304
2026-07-20 02:12:59,528 [care.py] => backbone.adapter.adapter_layer10.scale: 768
2026-07-20 02:12:59,528 [care.py] => backbone.adapter.adapter_layer10.input_norm.weight: 768
2026-07-20 02:12:59,528 [care.py] => backbone.adapter.adapter_layer10.input_norm.bias: 768
2026-07-20 02:12:59,528 [care.py] => backbone.adapter.adapter_layer10.query.weight: 98304
2026-07-20 02:12:59,528 [care.py] => backbone.adapter.adapter_layer10.latent_head.0.0.weight: 768
2026-07-20 02:12:59,528 [care.py] => backbone.adapter.adapter_layer10.latent_head.0.0.bias: 768
2026-07-20 02:12:59,528 [care.py] => backbone.adapter.adapter_layer10.latent_head.0.1.weight: 38400
2026-07-20 02:12:59,528 [care.py] => backbone.adapter.adapter_layer10.latent_head.0.1.bias: 50
2026-07-20 02:12:59,528 [care.py] => backbone.adapter.adapter_layer11.keys: 1024
2026-07-20 02:12:59,528 [care.py] => backbone.adapter.adapter_layer11.down: 98304
2026-07-20 02:12:59,528 [care.py] => backbone.adapter.adapter_layer11.up: 98304
2026-07-20 02:12:59,528 [care.py] => backbone.adapter.adapter_layer11.scale: 768
2026-07-20 02:12:59,529 [care.py] => backbone.adapter.adapter_layer11.input_norm.weight: 768
2026-07-20 02:12:59,529 [care.py] => backbone.adapter.adapter_layer11.input_norm.bias: 768
2026-07-20 02:12:59,529 [care.py] => backbone.adapter.adapter_layer11.query.weight: 98304
2026-07-20 02:12:59,529 [care.py] => backbone.adapter.adapter_layer11.latent_head.0.0.weight: 768
2026-07-20 02:12:59,529 [care.py] => backbone.adapter.adapter_layer11.latent_head.0.0.bias: 768
2026-07-20 02:12:59,529 [care.py] => backbone.adapter.adapter_layer11.latent_head.0.1.weight: 38400
2026-07-20 02:12:59,529 [care.py] => backbone.adapter.adapter_layer11.latent_head.0.1.bias: 50
2026-07-20 02:12:59,529 [trainer.py] => Train Augmentation [RandomResizedCrop(size=(256, 256), scale=(0.08, 1.0), ratio=(0.75, 1.3333), interpolation=bicubic, antialias=True), CenterCrop(size=(224, 224)), RandomHorizontalFlip(p=0.5), ColorJitter(brightness=(0.75, 1.25), contrast=None, saturation=None, hue=None), ToTensor(), Normalize(mean=[0.5, 0.5, 0.5], std=[0.5, 0.5, 0.5])]
2026-07-20 02:12:59,529 [trainer.py] => Test Augmentation [Resize(size=256, interpolation=bicubic, max_size=None, antialias=True), CenterCrop(size=(224, 224)), ToTensor(), Normalize(mean=[0.5, 0.5, 0.5], std=[0.5, 0.5, 0.5])]
2026-07-20 02:12:59,529 [trainer.py] => All params: 89934268
2026-07-20 02:12:59,530 [trainer.py] => Trainable params: 4135612
2026-07-20 02:12:59,531 [care.py] => Learning on 0-50
2026-07-20 02:13:39,955 [care.py] => Task 0, Epoch 1/1 => LR 0.00e+00 Loss 3.029/1.119/1.905, Train_accy 70.36
2026-07-20 02:13:39,957 [care.py] => Adapter diagnostics: {'adapter_layer0': {'route_entropy': 0.69164, 'slot_load': [0.30956000089645386, 0.2590399980545044, 0.24087999761104584, 0.10687999427318573, 0.21276000142097473, 0.4767199754714966, 0.20272000133991241, 0.19144000113010406], 'dead_slots': 0, 'negative_weight_fraction': 0.0}, 'adapter_layer1': {'route_entropy': 0.692185546875, 'slot_load': [0.4142400026321411, 0.29151999950408936, 0.25679999589920044, 0.17167998850345612, 0.25496000051498413, 0.2590000033378601, 0.16672000288963318, 0.18507999181747437], 'dead_slots': 0, 'negative_weight_fraction': 0.0}, 'adapter_layer2': {'route_entropy': 0.6900025, 'slot_load': [0.21667999029159546, 0.23819999396800995, 0.20503999292850494, 0.27476000785827637, 0.3542799949645996, 0.3134799897670746, 0.16967999935150146, 0.22788000106811523], 'dead_slots': 0, 'negative_weight_fraction': 0.0}, 'adapter_layer3': {'route_entropy': 0.690267265625, 'slot_load': [0.20307999849319458, 0.21475999057292938, 0.21403999626636505, 0.19659999012947083, 0.29679998755455017, 0.21728000044822693, 0.27847999334335327, 0.378959983587265], 'dead_slots': 0, 'negative_weight_fraction': 0.0}, 'adapter_layer4': {'route_entropy': 0.69005796875, 'slot_load': [0.03759999945759773, 0.27908000349998474, 0.2067199945449829, 0.2014399915933609, 0.3251599967479706, 0.319599986076355, 0.3351599872112274, 0.29523998498916626], 'dead_slots': 0, 'negative_weight_fraction': 0.0}, 'adapter_layer5': {'route_entropy': 0.687866015625, 'slot_load': [0.05267999693751335, 0.20931999385356903, 0.1584799885749817, 0.19723999500274658, 0.24595999717712402, 0.32043999433517456, 0.34351998567581177, 0.4723599851131439], 'dead_slots': 0, 'negative_weight_fraction': 0.0}, 'adapter_layer6': {'route_entropy': 0.688603046875, 'slot_load': [0.17815999686717987, 0.3898800015449524, 0.230119988322258, 0.283519983291626, 0.21455998718738556, 0.30427998304367065, 0.18371999263763428, 0.2157599925994873], 'dead_slots': 0, 'negative_weight_fraction': 0.0}, 'adapter_layer7': {'route_entropy': 0.68931546875, 'slot_load': [0.28279998898506165, 0.19947999715805054, 0.24435999989509583, 0.15495999157428741, 0.29927998781204224, 0.35575997829437256, 0.3293199837207794, 0.1340399980545044], 'dead_slots': 0, 'negative_weight_fraction': 0.0}, 'adapter_layer8': {'route_entropy': 0.68949203125, 'slot_load': [0.3194800019264221, 0.24067999422550201, 0.20024000108242035, 0.24935999512672424, 0.30191999673843384, 0.25227999687194824, 0.2728399932384491, 0.1631999909877777], 'dead_slots': 0, 'negative_weight_fraction': 0.0}, 'adapter_layer9': {'route_entropy': 0.68973, 'slot_load': [0.20396000146865845, 0.20187999308109283, 0.2163199931383133, 0.21571999788284302, 0.40807998180389404, 0.17695999145507812, 0.290800005197525, 0.2862800061702728], 'dead_slots': 0, 'negative_weight_fraction': 0.0}, 'adapter_layer10': {'route_entropy': 0.6891, 'slot_load': [0.3002399802207947, 0.2704399824142456, 0.27399998903274536, 0.21115998923778534, 0.18308000266551971, 0.34856000542640686, 0.2861599922180176, 0.1263599991798401], 'dead_slots': 0, 'negative_weight_fraction': 0.0}, 'adapter_layer11': {'route_entropy': 0.67905625, 'slot_load': [0.2917200028896332, 0.21323999762535095, 0.2950800061225891, 0.31224000453948975, 0.23995999991893768, 0.1693599969148636, 0.2650800049304962, 0.21332000195980072], 'dead_slots': 0, 'negative_weight_fraction': 0.0}}
2026-07-20 02:15:28,820 [trainer.py] => No NME accuracy.
2026-07-20 02:15:28,821 [trainer.py] => CNN: {'total': np.float64(88.52), '00-49': np.float64(88.52), 'old': 0, 'new': np.float64(88.52)}
2026-07-20 02:15:28,821 [trainer.py] => CNN top1 curve: [np.float64(88.52)]
2026-07-20 02:15:28,821 [trainer.py] => CNN top5 curve: [np.float64(98.1)]

2026-07-20 02:15:28,821 [trainer.py] => Average Accuracy (CNN): 88.52 

2026-07-20 02:15:28,822 [trainer.py] => All params: 89972668
2026-07-20 02:15:28,822 [trainer.py] => Trainable params: 4174012
2026-07-20 02:15:28,823 [care.py] => Learning on 50-100
2026-07-20 02:16:08,553 [care.py] => Task 1, Epoch 1/1 => LR 2.50e-02 Loss 3.022/1.100/1.917, Train_accy 64.39
2026-07-20 02:16:08,555 [care.py] => Adapter diagnostics: {'adapter_layer0': {'route_entropy': 0.6533529296875, 'slot_load': [0.05063999816775322, 0.22575999796390533, 0.2655999958515167, 0.24855999648571014, 0.22411999106407166, 0.5264399647712708, 0.1679600030183792, 0.2909199893474579], 'dead_slots': 0, 'negative_weight_fraction': 0.0}, 'adapter_layer1': {'route_entropy': 0.66732703125, 'slot_load': [0.621239960193634, 0.24795998632907867, 0.14955998957157135, 0.18699999153614044, 0.17283999919891357, 0.21615999937057495, 0.16339999437332153, 0.24183999001979828], 'dead_slots': 0, 'negative_weight_fraction': 0.0}, 'adapter_layer2': {'route_entropy': 0.692610703125, 'slot_load': [0.2218799889087677, 0.25759997963905334, 0.2218799889087677, 0.2574799954891205, 0.22363999485969543, 0.29175999760627747, 0.23635999858379364, 0.28939998149871826], 'dead_slots': 0, 'negative_weight_fraction': 0.0}, 'adapter_layer3': {'route_entropy': 0.69214671875, 'slot_load': [0.23827999830245972, 0.2457999885082245, 0.24583999812602997, 0.22591999173164368, 0.2908399999141693, 0.21279999613761902, 0.29815998673439026, 0.24235999584197998], 'dead_slots': 0, 'negative_weight_fraction': 0.0}, 'adapter_layer4': {'route_entropy': 0.692558046875, 'slot_load': [0.0, 0.3240399956703186, 0.2772800028324127, 0.22100000083446503, 0.29175999760627747, 0.31411999464035034, 0.29811999201774597, 0.2736800014972687], 'dead_slots': 1, 'negative_weight_fraction': 0.0}, 'adapter_layer5': {'route_entropy': 0.691510546875, 'slot_load': [0.031279999762773514, 0.29391998052597046, 0.19671998918056488, 0.256879985332489, 0.2678000032901764, 0.2351199984550476, 0.3243599832057953, 0.39392000436782837], 'dead_slots': 0, 'negative_weight_fraction': 0.0}, 'adapter_layer6': {'route_entropy': 0.69039203125, 'slot_load': [0.22355999052524567, 0.3035999834537506, 0.24244000017642975, 0.2524400055408478, 0.26416000723838806, 0.291159987449646, 0.27423998713493347, 0.14839999377727509], 'dead_slots': 0, 'negative_weight_fraction': 0.0}, 'adapter_layer7': {'route_entropy': 0.691037578125, 'slot_load': [0.2544800043106079, 0.25227999687194824, 0.2556000053882599, 0.25492000579833984, 0.23843999207019806, 0.229559987783432, 0.28415998816490173, 0.23055998980998993], 'dead_slots': 0, 'negative_weight_fraction': 0.0}, 'adapter_layer8': {'route_entropy': 0.69165421875, 'slot_load': [0.24687999486923218, 0.22783999145030975, 0.2438799887895584, 0.2879199981689453, 0.2741999924182892, 0.233039990067482, 0.2715199887752533, 0.2147199958562851], 'dead_slots': 0, 'negative_weight_fraction': 0.0}, 'adapter_layer9': {'route_entropy': 0.691760625, 'slot_load': [0.26023998856544495, 0.27719998359680176, 0.2473599910736084, 0.2117999941110611, 0.3188000023365021, 0.2232399880886078, 0.22203999757766724, 0.23931999504566193], 'dead_slots': 0, 'negative_weight_fraction': 0.0}, 'adapter_layer10': {'route_entropy': 0.691236640625, 'slot_load': [0.24583999812602997, 0.2340799868106842, 0.2603999972343445, 0.24007999897003174, 0.26043999195098877, 0.23131999373435974, 0.2955999970436096, 0.2322399914264679], 'dead_slots': 0, 'negative_weight_fraction': 0.0}, 'adapter_layer11': {'route_entropy': 0.683793046875, 'slot_load': [0.19175998866558075, 0.1603199988603592, 0.24543999135494232, 0.47859999537467957, 0.30827999114990234, 0.21539999544620514, 0.2207999974489212, 0.1793999969959259], 'dead_slots': 0, 'negative_weight_fraction': 0.0}}
2026-07-20 02:17:45,435 [care.py] => Task 1, Epoch 1/1 => Loss 0.397, CA_accy 92.57
2026-07-20 02:18:25,184 [care.py] => Task 1, Epoch 1/1 => LR 0.00e+00 Loss 2.732/0.863/1.865, Train_accy 69.87
2026-07-20 02:18:25,186 [care.py] => Adapter diagnostics: {'adapter_layer0': {'route_entropy': 0.6360407421875, 'slot_load': [0.49563997983932495, 0.2242799997329712, 0.08215999603271484, 0.09200000017881393, 0.208639994263649, 0.5438399910926819, 0.055479999631643295, 0.29795998334884644], 'dead_slots': 0, 'negative_weight_fraction': 0.0}, 'adapter_layer1': {'route_entropy': 0.6914375, 'slot_load': [0.0, 0.9065199494361877, 0.1597999930381775, 0.21087999641895294, 0.22039999067783356, 0.1799599975347519, 0.13831999897956848, 0.18411999940872192], 'dead_slots': 1, 'negative_weight_fraction': 0.0}, 'adapter_layer2': {'route_entropy': 0.692587890625, 'slot_load': [0.14715999364852905, 0.29420000314712524, 0.22088000178337097, 0.2399199903011322, 0.2163199931383133, 0.3020800054073334, 0.22987999022006989, 0.3495599925518036], 'dead_slots': 0, 'negative_weight_fraction': 0.0}, 'adapter_layer3': {'route_entropy': 0.69219546875, 'slot_load': [0.22939999401569366, 0.292279988527298, 0.21344000101089478, 0.21651999652385712, 0.2741999924182892, 0.23335999250411987, 0.2996799945831299, 0.24111999571323395], 'dead_slots': 0, 'negative_weight_fraction': 0.0}, 'adapter_layer4': {'route_entropy': 0.692570078125, 'slot_load': [0.0, 0.3102000057697296, 0.27184000611305237, 0.24139998853206635, 0.28492000699043274, 0.32148000597953796, 0.2935599982738495, 0.2766000032424927], 'dead_slots': 1, 'negative_weight_fraction': 0.0}, 'adapter_layer5': {'route_entropy': 0.691792890625, 'slot_load': [0.1995600014925003, 0.25331997871398926, 0.18039999902248383, 0.24751999974250793, 0.24291999638080597, 0.255840003490448, 0.29287999868392944, 0.3275599777698517], 'dead_slots': 0, 'negative_weight_fraction': 0.0}, 'adapter_layer6': {'route_entropy': 0.690590234375, 'slot_load': [0.2269199937582016, 0.29947999119758606, 0.2557999789714813, 0.28336000442504883, 0.27911999821662903, 0.28387999534606934, 0.2733199894428253, 0.09811999648809433], 'dead_slots': 0, 'negative_weight_fraction': 0.0}, 'adapter_layer7': {'route_entropy': 0.69112828125, 'slot_load': [0.26655998826026917, 0.23855999112129211, 0.262800008058548, 0.2539199888706207, 0.2556000053882599, 0.23715999722480774, 0.2677599787712097, 0.2176399976015091], 'dead_slots': 0, 'negative_weight_fraction': 0.0}, 'adapter_layer8': {'route_entropy': 0.691678359375, 'slot_load': [0.24795998632907867, 0.21967999637126923, 0.2497599869966507, 0.28459998965263367, 0.2697199881076813, 0.23243999481201172, 0.2781600058078766, 0.21767999231815338], 'dead_slots': 0, 'negative_weight_fraction': 0.0}, 'adapter_layer9': {'route_entropy': 0.69168640625, 'slot_load': [0.2821999788284302, 0.3594000041484833, 0.25628000497817993, 0.21267999708652496, 0.15531998872756958, 0.260560005903244, 0.2250799983739853, 0.24847999215126038], 'dead_slots': 0, 'negative_weight_fraction': 0.0}, 'adapter_layer10': {'route_entropy': 0.69121546875, 'slot_load': [0.25759997963905334, 0.23523999750614166, 0.2624799907207489, 0.23959998786449432, 0.2547599971294403, 0.2287999987602234, 0.28863999247550964, 0.23287999629974365], 'dead_slots': 0, 'negative_weight_fraction': 0.0}, 'adapter_layer11': {'route_entropy': 0.68550109375, 'slot_load': [0.38103997707366943, 0.21091999113559723, 0.19280000030994415, 0.32763999700546265, 0.19039998948574066, 0.23707999289035797, 0.1977199912071228, 0.2624000012874603], 'dead_slots': 0, 'negative_weight_fraction': 0.0}}
2026-07-20 02:20:01,275 [care.py] => Task 1, Epoch 1/1 => Loss 0.341, CA_accy 93.92
2026-07-20 02:21:13,177 [trainer.py] => No NME accuracy.
2026-07-20 02:21:13,177 [trainer.py] => CNN: {'total': np.float64(86.57), '00-49': np.float64(87.52), '50-99': np.float64(85.62), 'old': np.float64(87.52), 'new': np.float64(85.62)}
2026-07-20 02:21:13,177 [trainer.py] => CNN top1 curve: [np.float64(88.52), np.float64(86.57)]
2026-07-20 02:21:13,177 [trainer.py] => CNN top5 curve: [np.float64(98.1), np.float64(97.66)]

2026-07-20 02:21:13,177 [trainer.py] => Average Accuracy (CNN): 87.54499999999999 

2026-07-20 02:21:13,178 [trainer.py] => Forgetting (CNN): 1.0
