2026-07-20 02:35:03,304 [trainer.py] => config: exps/cifar100/basis_fixed_top2_scale01_smoke_2task.json
2026-07-20 02:35:03,304 [trainer.py] => prefix: basis_fixed_top2_scale01_cifar100_smoke_2task
2026-07-20 02:35:03,304 [trainer.py] => dataset: cifar224
2026-07-20 02:35:03,304 [trainer.py] => memory_size: 0
2026-07-20 02:35:03,304 [trainer.py] => memory_per_class: 0
2026-07-20 02:35:03,304 [trainer.py] => fixed_memory: False
2026-07-20 02:35:03,304 [trainer.py] => shuffle: True
2026-07-20 02:35:03,304 [trainer.py] => init_cls: 50
2026-07-20 02:35:03,304 [trainer.py] => increment: 50
2026-07-20 02:35:03,304 [trainer.py] => model_name: care
2026-07-20 02:35:03,304 [trainer.py] => backbone_type: vit_base_patch16_224_in21k_brmoe
2026-07-20 02:35:03,304 [trainer.py] => device: [device(type='cuda', index=7)]
2026-07-20 02:35:03,304 [trainer.py] => seed: 1993
2026-07-20 02:35:03,304 [trainer.py] => tuned_epoch: 1
2026-07-20 02:35:03,304 [trainer.py] => init_lr: 0.05
2026-07-20 02:35:03,304 [trainer.py] => batch_size: 128
2026-07-20 02:35:03,304 [trainer.py] => weight_decay: 0.0005
2026-07-20 02:35:03,304 [trainer.py] => min_lr: 0
2026-07-20 02:35:03,304 [trainer.py] => optimizer: sgd
2026-07-20 02:35:03,304 [trainer.py] => scheduler: cosine
2026-07-20 02:35:03,304 [trainer.py] => init_milestones: [1]
2026-07-20 02:35:03,304 [trainer.py] => init_lr_decay: 0.1
2026-07-20 02:35:03,304 [trainer.py] => crct_epochs: 1
2026-07-20 02:35:03,304 [trainer.py] => ca_lr: 0.005
2026-07-20 02:35:03,304 [trainer.py] => ca_storage_efficient_method: covariance
2026-07-20 02:35:03,304 [trainer.py] => ca_storage_efficient_method_choices: ['covariance', 'variance']
2026-07-20 02:35:03,304 [trainer.py] => decay: False
2026-07-20 02:35:03,304 [trainer.py] => pretrained: True
2026-07-20 02:35:03,304 [trainer.py] => scale: 20
2026-07-20 02:35:03,305 [trainer.py] => m: 0
2026-07-20 02:35:03,305 [trainer.py] => drop: 0
2026-07-20 02:35:03,305 [trainer.py] => drop_path: 0
2026-07-20 02:35:03,305 [trainer.py] => memory_mode: fixed_top2
2026-07-20 02:35:03,305 [trainer.py] => basis_count: 8
2026-07-20 02:35:03,305 [trainer.py] => basis_rank: 16
2026-07-20 02:35:03,305 [trainer.py] => basis_key_dim: 128
2026-07-20 02:35:03,305 [trainer.py] => router_temperature: 0.2
2026-07-20 02:35:03,305 [trainer.py] => basis_init_scale: 0.1
2026-07-20 02:35:03,305 [trainer.py] => use_shared_adapter: False
2026-07-20 02:35:03,305 [trainer.py] => amp: True
2026-07-20 02:35:04,799 [data_manager.py] => [68, 56, 78, 8, 23, 84, 90, 65, 74, 76, 40, 89, 3, 92, 55, 9, 26, 80, 43, 38, 58, 70, 77, 1, 85, 19, 17, 50, 28, 53, 13, 81, 45, 82, 6, 59, 83, 16, 15, 44, 91, 41, 72, 60, 79, 52, 20, 10, 31, 54, 37, 95, 14, 71, 96, 98, 97, 2, 64, 66, 42, 22, 35, 86, 24, 34, 87, 21, 99, 0, 88, 27, 18, 94, 11, 12, 47, 25, 30, 46, 62, 69, 36, 61, 7, 63, 75, 5, 32, 4, 51, 48, 73, 93, 39, 67, 29, 49, 57, 33]
2026-07-20 02:35:07,829 [_builder.py] => Loading pretrained weights from Hugging Face hub (timm/vit_base_patch16_224.orig_in21k)
2026-07-20 02:35:08,171 [_hub.py] => [timm/vit_base_patch16_224.orig_in21k] Safe alternative available for 'pytorch_model.bin' (as 'model.safetensors'). Loading weights using safetensors.
2026-07-20 02:35:08,202 [_builder.py] => Missing keys (head.weight, head.bias) discovered while loading pretrained weights. This is expected if model is being adapted.
2026-07-20 02:35:08,252 [care.py] => Training with Automatic Mixed Precision
2026-07-20 02:35:08,253 [care.py] => 89,934,268 model total parameters.
2026-07-20 02:35:08,254 [care.py] => 4,135,612 model training parameters.
2026-07-20 02:35:08,254 [care.py] => backbone.head.weight: 76800
2026-07-20 02:35:08,254 [care.py] => backbone.head.bias: 100
2026-07-20 02:35:08,254 [care.py] => backbone.adapter.adapter_layer0.keys: 1024
2026-07-20 02:35:08,254 [care.py] => backbone.adapter.adapter_layer0.down: 98304
2026-07-20 02:35:08,255 [care.py] => backbone.adapter.adapter_layer0.up: 98304
2026-07-20 02:35:08,255 [care.py] => backbone.adapter.adapter_layer0.scale: 768
2026-07-20 02:35:08,255 [care.py] => backbone.adapter.adapter_layer0.input_norm.weight: 768
2026-07-20 02:35:08,255 [care.py] => backbone.adapter.adapter_layer0.input_norm.bias: 768
2026-07-20 02:35:08,255 [care.py] => backbone.adapter.adapter_layer0.query.weight: 98304
2026-07-20 02:35:08,255 [care.py] => backbone.adapter.adapter_layer0.latent_head.0.0.weight: 768
2026-07-20 02:35:08,255 [care.py] => backbone.adapter.adapter_layer0.latent_head.0.0.bias: 768
2026-07-20 02:35:08,255 [care.py] => backbone.adapter.adapter_layer0.latent_head.0.1.weight: 38400
2026-07-20 02:35:08,255 [care.py] => backbone.adapter.adapter_layer0.latent_head.0.1.bias: 50
2026-07-20 02:35:08,255 [care.py] => backbone.adapter.adapter_layer1.keys: 1024
2026-07-20 02:35:08,255 [care.py] => backbone.adapter.adapter_layer1.down: 98304
2026-07-20 02:35:08,255 [care.py] => backbone.adapter.adapter_layer1.up: 98304
2026-07-20 02:35:08,255 [care.py] => backbone.adapter.adapter_layer1.scale: 768
2026-07-20 02:35:08,255 [care.py] => backbone.adapter.adapter_layer1.input_norm.weight: 768
2026-07-20 02:35:08,255 [care.py] => backbone.adapter.adapter_layer1.input_norm.bias: 768
2026-07-20 02:35:08,255 [care.py] => backbone.adapter.adapter_layer1.query.weight: 98304
2026-07-20 02:35:08,255 [care.py] => backbone.adapter.adapter_layer1.latent_head.0.0.weight: 768
2026-07-20 02:35:08,255 [care.py] => backbone.adapter.adapter_layer1.latent_head.0.0.bias: 768
2026-07-20 02:35:08,255 [care.py] => backbone.adapter.adapter_layer1.latent_head.0.1.weight: 38400
2026-07-20 02:35:08,255 [care.py] => backbone.adapter.adapter_layer1.latent_head.0.1.bias: 50
2026-07-20 02:35:08,255 [care.py] => backbone.adapter.adapter_layer2.keys: 1024
2026-07-20 02:35:08,255 [care.py] => backbone.adapter.adapter_layer2.down: 98304
2026-07-20 02:35:08,255 [care.py] => backbone.adapter.adapter_layer2.up: 98304
2026-07-20 02:35:08,255 [care.py] => backbone.adapter.adapter_layer2.scale: 768
2026-07-20 02:35:08,255 [care.py] => backbone.adapter.adapter_layer2.input_norm.weight: 768
2026-07-20 02:35:08,255 [care.py] => backbone.adapter.adapter_layer2.input_norm.bias: 768
2026-07-20 02:35:08,255 [care.py] => backbone.adapter.adapter_layer2.query.weight: 98304
2026-07-20 02:35:08,255 [care.py] => backbone.adapter.adapter_layer2.latent_head.0.0.weight: 768
2026-07-20 02:35:08,255 [care.py] => backbone.adapter.adapter_layer2.latent_head.0.0.bias: 768
2026-07-20 02:35:08,255 [care.py] => backbone.adapter.adapter_layer2.latent_head.0.1.weight: 38400
2026-07-20 02:35:08,255 [care.py] => backbone.adapter.adapter_layer2.latent_head.0.1.bias: 50
2026-07-20 02:35:08,255 [care.py] => backbone.adapter.adapter_layer3.keys: 1024
2026-07-20 02:35:08,255 [care.py] => backbone.adapter.adapter_layer3.down: 98304
2026-07-20 02:35:08,256 [care.py] => backbone.adapter.adapter_layer3.up: 98304
2026-07-20 02:35:08,256 [care.py] => backbone.adapter.adapter_layer3.scale: 768
2026-07-20 02:35:08,256 [care.py] => backbone.adapter.adapter_layer3.input_norm.weight: 768
2026-07-20 02:35:08,256 [care.py] => backbone.adapter.adapter_layer3.input_norm.bias: 768
2026-07-20 02:35:08,256 [care.py] => backbone.adapter.adapter_layer3.query.weight: 98304
2026-07-20 02:35:08,256 [care.py] => backbone.adapter.adapter_layer3.latent_head.0.0.weight: 768
2026-07-20 02:35:08,256 [care.py] => backbone.adapter.adapter_layer3.latent_head.0.0.bias: 768
2026-07-20 02:35:08,256 [care.py] => backbone.adapter.adapter_layer3.latent_head.0.1.weight: 38400
2026-07-20 02:35:08,256 [care.py] => backbone.adapter.adapter_layer3.latent_head.0.1.bias: 50
2026-07-20 02:35:08,256 [care.py] => backbone.adapter.adapter_layer4.keys: 1024
2026-07-20 02:35:08,256 [care.py] => backbone.adapter.adapter_layer4.down: 98304
2026-07-20 02:35:08,256 [care.py] => backbone.adapter.adapter_layer4.up: 98304
2026-07-20 02:35:08,256 [care.py] => backbone.adapter.adapter_layer4.scale: 768
2026-07-20 02:35:08,256 [care.py] => backbone.adapter.adapter_layer4.input_norm.weight: 768
2026-07-20 02:35:08,256 [care.py] => backbone.adapter.adapter_layer4.input_norm.bias: 768
2026-07-20 02:35:08,256 [care.py] => backbone.adapter.adapter_layer4.query.weight: 98304
2026-07-20 02:35:08,256 [care.py] => backbone.adapter.adapter_layer4.latent_head.0.0.weight: 768
2026-07-20 02:35:08,256 [care.py] => backbone.adapter.adapter_layer4.latent_head.0.0.bias: 768
2026-07-20 02:35:08,256 [care.py] => backbone.adapter.adapter_layer4.latent_head.0.1.weight: 38400
2026-07-20 02:35:08,256 [care.py] => backbone.adapter.adapter_layer4.latent_head.0.1.bias: 50
2026-07-20 02:35:08,256 [care.py] => backbone.adapter.adapter_layer5.keys: 1024
2026-07-20 02:35:08,256 [care.py] => backbone.adapter.adapter_layer5.down: 98304
2026-07-20 02:35:08,256 [care.py] => backbone.adapter.adapter_layer5.up: 98304
2026-07-20 02:35:08,256 [care.py] => backbone.adapter.adapter_layer5.scale: 768
2026-07-20 02:35:08,256 [care.py] => backbone.adapter.adapter_layer5.input_norm.weight: 768
2026-07-20 02:35:08,256 [care.py] => backbone.adapter.adapter_layer5.input_norm.bias: 768
2026-07-20 02:35:08,256 [care.py] => backbone.adapter.adapter_layer5.query.weight: 98304
2026-07-20 02:35:08,256 [care.py] => backbone.adapter.adapter_layer5.latent_head.0.0.weight: 768
2026-07-20 02:35:08,256 [care.py] => backbone.adapter.adapter_layer5.latent_head.0.0.bias: 768
2026-07-20 02:35:08,256 [care.py] => backbone.adapter.adapter_layer5.latent_head.0.1.weight: 38400
2026-07-20 02:35:08,256 [care.py] => backbone.adapter.adapter_layer5.latent_head.0.1.bias: 50
2026-07-20 02:35:08,256 [care.py] => backbone.adapter.adapter_layer6.keys: 1024
2026-07-20 02:35:08,256 [care.py] => backbone.adapter.adapter_layer6.down: 98304
2026-07-20 02:35:08,256 [care.py] => backbone.adapter.adapter_layer6.up: 98304
2026-07-20 02:35:08,256 [care.py] => backbone.adapter.adapter_layer6.scale: 768
2026-07-20 02:35:08,256 [care.py] => backbone.adapter.adapter_layer6.input_norm.weight: 768
2026-07-20 02:35:08,256 [care.py] => backbone.adapter.adapter_layer6.input_norm.bias: 768
2026-07-20 02:35:08,256 [care.py] => backbone.adapter.adapter_layer6.query.weight: 98304
2026-07-20 02:35:08,256 [care.py] => backbone.adapter.adapter_layer6.latent_head.0.0.weight: 768
2026-07-20 02:35:08,257 [care.py] => backbone.adapter.adapter_layer6.latent_head.0.0.bias: 768
2026-07-20 02:35:08,257 [care.py] => backbone.adapter.adapter_layer6.latent_head.0.1.weight: 38400
2026-07-20 02:35:08,257 [care.py] => backbone.adapter.adapter_layer6.latent_head.0.1.bias: 50
2026-07-20 02:35:08,257 [care.py] => backbone.adapter.adapter_layer7.keys: 1024
2026-07-20 02:35:08,257 [care.py] => backbone.adapter.adapter_layer7.down: 98304
2026-07-20 02:35:08,257 [care.py] => backbone.adapter.adapter_layer7.up: 98304
2026-07-20 02:35:08,257 [care.py] => backbone.adapter.adapter_layer7.scale: 768
2026-07-20 02:35:08,257 [care.py] => backbone.adapter.adapter_layer7.input_norm.weight: 768
2026-07-20 02:35:08,257 [care.py] => backbone.adapter.adapter_layer7.input_norm.bias: 768
2026-07-20 02:35:08,257 [care.py] => backbone.adapter.adapter_layer7.query.weight: 98304
2026-07-20 02:35:08,257 [care.py] => backbone.adapter.adapter_layer7.latent_head.0.0.weight: 768
2026-07-20 02:35:08,257 [care.py] => backbone.adapter.adapter_layer7.latent_head.0.0.bias: 768
2026-07-20 02:35:08,257 [care.py] => backbone.adapter.adapter_layer7.latent_head.0.1.weight: 38400
2026-07-20 02:35:08,257 [care.py] => backbone.adapter.adapter_layer7.latent_head.0.1.bias: 50
2026-07-20 02:35:08,257 [care.py] => backbone.adapter.adapter_layer8.keys: 1024
2026-07-20 02:35:08,257 [care.py] => backbone.adapter.adapter_layer8.down: 98304
2026-07-20 02:35:08,257 [care.py] => backbone.adapter.adapter_layer8.up: 98304
2026-07-20 02:35:08,257 [care.py] => backbone.adapter.adapter_layer8.scale: 768
2026-07-20 02:35:08,257 [care.py] => backbone.adapter.adapter_layer8.input_norm.weight: 768
2026-07-20 02:35:08,257 [care.py] => backbone.adapter.adapter_layer8.input_norm.bias: 768
2026-07-20 02:35:08,257 [care.py] => backbone.adapter.adapter_layer8.query.weight: 98304
2026-07-20 02:35:08,257 [care.py] => backbone.adapter.adapter_layer8.latent_head.0.0.weight: 768
2026-07-20 02:35:08,257 [care.py] => backbone.adapter.adapter_layer8.latent_head.0.0.bias: 768
2026-07-20 02:35:08,257 [care.py] => backbone.adapter.adapter_layer8.latent_head.0.1.weight: 38400
2026-07-20 02:35:08,257 [care.py] => backbone.adapter.adapter_layer8.latent_head.0.1.bias: 50
2026-07-20 02:35:08,257 [care.py] => backbone.adapter.adapter_layer9.keys: 1024
2026-07-20 02:35:08,257 [care.py] => backbone.adapter.adapter_layer9.down: 98304
2026-07-20 02:35:08,257 [care.py] => backbone.adapter.adapter_layer9.up: 98304
2026-07-20 02:35:08,257 [care.py] => backbone.adapter.adapter_layer9.scale: 768
2026-07-20 02:35:08,257 [care.py] => backbone.adapter.adapter_layer9.input_norm.weight: 768
2026-07-20 02:35:08,257 [care.py] => backbone.adapter.adapter_layer9.input_norm.bias: 768
2026-07-20 02:35:08,257 [care.py] => backbone.adapter.adapter_layer9.query.weight: 98304
2026-07-20 02:35:08,257 [care.py] => backbone.adapter.adapter_layer9.latent_head.0.0.weight: 768
2026-07-20 02:35:08,257 [care.py] => backbone.adapter.adapter_layer9.latent_head.0.0.bias: 768
2026-07-20 02:35:08,257 [care.py] => backbone.adapter.adapter_layer9.latent_head.0.1.weight: 38400
2026-07-20 02:35:08,257 [care.py] => backbone.adapter.adapter_layer9.latent_head.0.1.bias: 50
2026-07-20 02:35:08,257 [care.py] => backbone.adapter.adapter_layer10.keys: 1024
2026-07-20 02:35:08,257 [care.py] => backbone.adapter.adapter_layer10.down: 98304
2026-07-20 02:35:08,257 [care.py] => backbone.adapter.adapter_layer10.up: 98304
2026-07-20 02:35:08,258 [care.py] => backbone.adapter.adapter_layer10.scale: 768
2026-07-20 02:35:08,258 [care.py] => backbone.adapter.adapter_layer10.input_norm.weight: 768
2026-07-20 02:35:08,258 [care.py] => backbone.adapter.adapter_layer10.input_norm.bias: 768
2026-07-20 02:35:08,258 [care.py] => backbone.adapter.adapter_layer10.query.weight: 98304
2026-07-20 02:35:08,258 [care.py] => backbone.adapter.adapter_layer10.latent_head.0.0.weight: 768
2026-07-20 02:35:08,258 [care.py] => backbone.adapter.adapter_layer10.latent_head.0.0.bias: 768
2026-07-20 02:35:08,258 [care.py] => backbone.adapter.adapter_layer10.latent_head.0.1.weight: 38400
2026-07-20 02:35:08,258 [care.py] => backbone.adapter.adapter_layer10.latent_head.0.1.bias: 50
2026-07-20 02:35:08,258 [care.py] => backbone.adapter.adapter_layer11.keys: 1024
2026-07-20 02:35:08,258 [care.py] => backbone.adapter.adapter_layer11.down: 98304
2026-07-20 02:35:08,258 [care.py] => backbone.adapter.adapter_layer11.up: 98304
2026-07-20 02:35:08,258 [care.py] => backbone.adapter.adapter_layer11.scale: 768
2026-07-20 02:35:08,258 [care.py] => backbone.adapter.adapter_layer11.input_norm.weight: 768
2026-07-20 02:35:08,258 [care.py] => backbone.adapter.adapter_layer11.input_norm.bias: 768
2026-07-20 02:35:08,258 [care.py] => backbone.adapter.adapter_layer11.query.weight: 98304
2026-07-20 02:35:08,258 [care.py] => backbone.adapter.adapter_layer11.latent_head.0.0.weight: 768
2026-07-20 02:35:08,258 [care.py] => backbone.adapter.adapter_layer11.latent_head.0.0.bias: 768
2026-07-20 02:35:08,258 [care.py] => backbone.adapter.adapter_layer11.latent_head.0.1.weight: 38400
2026-07-20 02:35:08,258 [care.py] => backbone.adapter.adapter_layer11.latent_head.0.1.bias: 50
2026-07-20 02:35:08,258 [trainer.py] => Train Augmentation [RandomResizedCrop(size=(256, 256), scale=(0.08, 1.0), ratio=(0.75, 1.3333), interpolation=bicubic, antialias=True), CenterCrop(size=(224, 224)), RandomHorizontalFlip(p=0.5), ColorJitter(brightness=(0.75, 1.25), contrast=None, saturation=None, hue=None), ToTensor(), Normalize(mean=[0.5, 0.5, 0.5], std=[0.5, 0.5, 0.5])]
2026-07-20 02:35:08,258 [trainer.py] => Test Augmentation [Resize(size=256, interpolation=bicubic, max_size=None, antialias=True), CenterCrop(size=(224, 224)), ToTensor(), Normalize(mean=[0.5, 0.5, 0.5], std=[0.5, 0.5, 0.5])]
2026-07-20 02:35:08,259 [trainer.py] => All params: 89934268
2026-07-20 02:35:08,259 [trainer.py] => Trainable params: 4135612
2026-07-20 02:35:08,260 [care.py] => Learning on 0-50
2026-07-20 02:35:47,181 [care.py] => Task 0, Epoch 1/1 => LR 0.00e+00 Loss 3.049/1.110/1.938, Train_accy 70.58
2026-07-20 02:35:47,183 [care.py] => Adapter diagnostics: {'adapter_layer0': {'route_entropy': 0.69314625, 'slot_load': [1.0, 1.0, 0.0, 0.0, 0.0, 0.0, 0.0, 0.0], 'dead_slots': 6, 'negative_weight_fraction': 0.0}, 'adapter_layer1': {'route_entropy': 0.69314625, 'slot_load': [1.0, 1.0, 0.0, 0.0, 0.0, 0.0, 0.0, 0.0], 'dead_slots': 6, 'negative_weight_fraction': 0.0}, 'adapter_layer2': {'route_entropy': 0.69314625, 'slot_load': [1.0, 1.0, 0.0, 0.0, 0.0, 0.0, 0.0, 0.0], 'dead_slots': 6, 'negative_weight_fraction': 0.0}, 'adapter_layer3': {'route_entropy': 0.69314625, 'slot_load': [1.0, 1.0, 0.0, 0.0, 0.0, 0.0, 0.0, 0.0], 'dead_slots': 6, 'negative_weight_fraction': 0.0}, 'adapter_layer4': {'route_entropy': 0.69314625, 'slot_load': [1.0, 1.0, 0.0, 0.0, 0.0, 0.0, 0.0, 0.0], 'dead_slots': 6, 'negative_weight_fraction': 0.0}, 'adapter_layer5': {'route_entropy': 0.69314625, 'slot_load': [1.0, 1.0, 0.0, 0.0, 0.0, 0.0, 0.0, 0.0], 'dead_slots': 6, 'negative_weight_fraction': 0.0}, 'adapter_layer6': {'route_entropy': 0.69314625, 'slot_load': [1.0, 1.0, 0.0, 0.0, 0.0, 0.0, 0.0, 0.0], 'dead_slots': 6, 'negative_weight_fraction': 0.0}, 'adapter_layer7': {'route_entropy': 0.69314625, 'slot_load': [1.0, 1.0, 0.0, 0.0, 0.0, 0.0, 0.0, 0.0], 'dead_slots': 6, 'negative_weight_fraction': 0.0}, 'adapter_layer8': {'route_entropy': 0.69314625, 'slot_load': [1.0, 1.0, 0.0, 0.0, 0.0, 0.0, 0.0, 0.0], 'dead_slots': 6, 'negative_weight_fraction': 0.0}, 'adapter_layer9': {'route_entropy': 0.69314625, 'slot_load': [1.0, 1.0, 0.0, 0.0, 0.0, 0.0, 0.0, 0.0], 'dead_slots': 6, 'negative_weight_fraction': 0.0}, 'adapter_layer10': {'route_entropy': 0.69314625, 'slot_load': [1.0, 1.0, 0.0, 0.0, 0.0, 0.0, 0.0, 0.0], 'dead_slots': 6, 'negative_weight_fraction': 0.0}, 'adapter_layer11': {'route_entropy': 0.69314625, 'slot_load': [1.0, 1.0, 0.0, 0.0, 0.0, 0.0, 0.0, 0.0], 'dead_slots': 6, 'negative_weight_fraction': 0.0}}
2026-07-20 02:37:36,176 [trainer.py] => No NME accuracy.
2026-07-20 02:37:36,177 [trainer.py] => CNN: {'total': np.float64(89.42), '00-49': np.float64(89.42), 'old': 0, 'new': np.float64(89.42)}
2026-07-20 02:37:36,177 [trainer.py] => CNN top1 curve: [np.float64(89.42)]
2026-07-20 02:37:36,177 [trainer.py] => CNN top5 curve: [np.float64(98.52)]

2026-07-20 02:37:36,177 [trainer.py] => Average Accuracy (CNN): 89.42 

2026-07-20 02:37:36,177 [trainer.py] => All params: 89972668
2026-07-20 02:37:36,178 [trainer.py] => Trainable params: 4174012
2026-07-20 02:37:36,179 [care.py] => Learning on 50-100
2026-07-20 02:38:14,250 [care.py] => Task 1, Epoch 1/1 => LR 2.50e-02 Loss 2.908/0.967/1.941, Train_accy 67.98
2026-07-20 02:38:14,252 [care.py] => Adapter diagnostics: {'adapter_layer0': {'route_entropy': 0.69314625, 'slot_load': [1.0, 1.0, 0.0, 0.0, 0.0, 0.0, 0.0, 0.0], 'dead_slots': 6, 'negative_weight_fraction': 0.0}, 'adapter_layer1': {'route_entropy': 0.69314625, 'slot_load': [1.0, 1.0, 0.0, 0.0, 0.0, 0.0, 0.0, 0.0], 'dead_slots': 6, 'negative_weight_fraction': 0.0}, 'adapter_layer2': {'route_entropy': 0.69314625, 'slot_load': [1.0, 1.0, 0.0, 0.0, 0.0, 0.0, 0.0, 0.0], 'dead_slots': 6, 'negative_weight_fraction': 0.0}, 'adapter_layer3': {'route_entropy': 0.69314625, 'slot_load': [1.0, 1.0, 0.0, 0.0, 0.0, 0.0, 0.0, 0.0], 'dead_slots': 6, 'negative_weight_fraction': 0.0}, 'adapter_layer4': {'route_entropy': 0.69314625, 'slot_load': [1.0, 1.0, 0.0, 0.0, 0.0, 0.0, 0.0, 0.0], 'dead_slots': 6, 'negative_weight_fraction': 0.0}, 'adapter_layer5': {'route_entropy': 0.69314625, 'slot_load': [1.0, 1.0, 0.0, 0.0, 0.0, 0.0, 0.0, 0.0], 'dead_slots': 6, 'negative_weight_fraction': 0.0}, 'adapter_layer6': {'route_entropy': 0.69314625, 'slot_load': [1.0, 1.0, 0.0, 0.0, 0.0, 0.0, 0.0, 0.0], 'dead_slots': 6, 'negative_weight_fraction': 0.0}, 'adapter_layer7': {'route_entropy': 0.69314625, 'slot_load': [1.0, 1.0, 0.0, 0.0, 0.0, 0.0, 0.0, 0.0], 'dead_slots': 6, 'negative_weight_fraction': 0.0}, 'adapter_layer8': {'route_entropy': 0.69314625, 'slot_load': [1.0, 1.0, 0.0, 0.0, 0.0, 0.0, 0.0, 0.0], 'dead_slots': 6, 'negative_weight_fraction': 0.0}, 'adapter_layer9': {'route_entropy': 0.69314625, 'slot_load': [1.0, 1.0, 0.0, 0.0, 0.0, 0.0, 0.0, 0.0], 'dead_slots': 6, 'negative_weight_fraction': 0.0}, 'adapter_layer10': {'route_entropy': 0.69314625, 'slot_load': [1.0, 1.0, 0.0, 0.0, 0.0, 0.0, 0.0, 0.0], 'dead_slots': 6, 'negative_weight_fraction': 0.0}, 'adapter_layer11': {'route_entropy': 0.69314625, 'slot_load': [1.0, 1.0, 0.0, 0.0, 0.0, 0.0, 0.0, 0.0], 'dead_slots': 6, 'negative_weight_fraction': 0.0}}
2026-07-20 02:39:52,268 [care.py] => Task 1, Epoch 1/1 => Loss 0.308, CA_accy 94.45
2026-07-20 02:40:30,889 [care.py] => Task 1, Epoch 1/1 => LR 0.00e+00 Loss 2.580/0.715/1.865, Train_accy 74.88
2026-07-20 02:40:30,891 [care.py] => Adapter diagnostics: {'adapter_layer0': {'route_entropy': 0.69314625, 'slot_load': [1.0, 1.0, 0.0, 0.0, 0.0, 0.0, 0.0, 0.0], 'dead_slots': 6, 'negative_weight_fraction': 0.0}, 'adapter_layer1': {'route_entropy': 0.69314625, 'slot_load': [1.0, 1.0, 0.0, 0.0, 0.0, 0.0, 0.0, 0.0], 'dead_slots': 6, 'negative_weight_fraction': 0.0}, 'adapter_layer2': {'route_entropy': 0.69314625, 'slot_load': [1.0, 1.0, 0.0, 0.0, 0.0, 0.0, 0.0, 0.0], 'dead_slots': 6, 'negative_weight_fraction': 0.0}, 'adapter_layer3': {'route_entropy': 0.69314625, 'slot_load': [1.0, 1.0, 0.0, 0.0, 0.0, 0.0, 0.0, 0.0], 'dead_slots': 6, 'negative_weight_fraction': 0.0}, 'adapter_layer4': {'route_entropy': 0.69314625, 'slot_load': [1.0, 1.0, 0.0, 0.0, 0.0, 0.0, 0.0, 0.0], 'dead_slots': 6, 'negative_weight_fraction': 0.0}, 'adapter_layer5': {'route_entropy': 0.69314625, 'slot_load': [1.0, 1.0, 0.0, 0.0, 0.0, 0.0, 0.0, 0.0], 'dead_slots': 6, 'negative_weight_fraction': 0.0}, 'adapter_layer6': {'route_entropy': 0.69314625, 'slot_load': [1.0, 1.0, 0.0, 0.0, 0.0, 0.0, 0.0, 0.0], 'dead_slots': 6, 'negative_weight_fraction': 0.0}, 'adapter_layer7': {'route_entropy': 0.69314625, 'slot_load': [1.0, 1.0, 0.0, 0.0, 0.0, 0.0, 0.0, 0.0], 'dead_slots': 6, 'negative_weight_fraction': 0.0}, 'adapter_layer8': {'route_entropy': 0.69314625, 'slot_load': [1.0, 1.0, 0.0, 0.0, 0.0, 0.0, 0.0, 0.0], 'dead_slots': 6, 'negative_weight_fraction': 0.0}, 'adapter_layer9': {'route_entropy': 0.69314625, 'slot_load': [1.0, 1.0, 0.0, 0.0, 0.0, 0.0, 0.0, 0.0], 'dead_slots': 6, 'negative_weight_fraction': 0.0}, 'adapter_layer10': {'route_entropy': 0.69314625, 'slot_load': [1.0, 1.0, 0.0, 0.0, 0.0, 0.0, 0.0, 0.0], 'dead_slots': 6, 'negative_weight_fraction': 0.0}, 'adapter_layer11': {'route_entropy': 0.69314625, 'slot_load': [1.0, 1.0, 0.0, 0.0, 0.0, 0.0, 0.0, 0.0], 'dead_slots': 6, 'negative_weight_fraction': 0.0}}
2026-07-20 02:42:08,316 [care.py] => Task 1, Epoch 1/1 => Loss 0.275, CA_accy 95.23
2026-07-20 02:43:20,096 [trainer.py] => No NME accuracy.
2026-07-20 02:43:20,096 [trainer.py] => CNN: {'total': np.float64(87.98), '00-49': np.float64(87.54), '50-99': np.float64(88.42), 'old': np.float64(87.54), 'new': np.float64(88.42)}
2026-07-20 02:43:20,096 [trainer.py] => CNN top1 curve: [np.float64(89.42), np.float64(87.98)]
2026-07-20 02:43:20,096 [trainer.py] => CNN top5 curve: [np.float64(98.52), np.float64(98.17)]

2026-07-20 02:43:20,096 [trainer.py] => Average Accuracy (CNN): 88.7 

2026-07-20 02:43:20,097 [trainer.py] => Forgetting (CNN): 1.8799999999999955
