2026-07-20 02:35:03,304 [trainer.py] => config: exps/cifar100/no_adapter_smoke_2task.json
2026-07-20 02:35:03,304 [trainer.py] => prefix: no_adapter_cifar100_smoke_2task
2026-07-20 02:35:03,304 [trainer.py] => dataset: cifar224
2026-07-20 02:35:03,304 [trainer.py] => memory_size: 0
2026-07-20 02:35:03,304 [trainer.py] => memory_per_class: 0
2026-07-20 02:35:03,304 [trainer.py] => fixed_memory: False
2026-07-20 02:35:03,304 [trainer.py] => shuffle: True
2026-07-20 02:35:03,304 [trainer.py] => init_cls: 50
2026-07-20 02:35:03,304 [trainer.py] => increment: 50
2026-07-20 02:35:03,304 [trainer.py] => model_name: care
2026-07-20 02:35:03,304 [trainer.py] => backbone_type: vit_base_patch16_224_in21k_brmoe
2026-07-20 02:35:03,304 [trainer.py] => device: [device(type='cuda', index=5)]
2026-07-20 02:35:03,304 [trainer.py] => seed: 1993
2026-07-20 02:35:03,304 [trainer.py] => tuned_epoch: 1
2026-07-20 02:35:03,304 [trainer.py] => init_lr: 0.05
2026-07-20 02:35:03,304 [trainer.py] => batch_size: 128
2026-07-20 02:35:03,304 [trainer.py] => weight_decay: 0.0005
2026-07-20 02:35:03,304 [trainer.py] => min_lr: 0
2026-07-20 02:35:03,304 [trainer.py] => optimizer: sgd
2026-07-20 02:35:03,304 [trainer.py] => scheduler: cosine
2026-07-20 02:35:03,304 [trainer.py] => init_milestones: [1]
2026-07-20 02:35:03,304 [trainer.py] => init_lr_decay: 0.1
2026-07-20 02:35:03,304 [trainer.py] => crct_epochs: 1
2026-07-20 02:35:03,304 [trainer.py] => ca_lr: 0.005
2026-07-20 02:35:03,304 [trainer.py] => ca_storage_efficient_method: covariance
2026-07-20 02:35:03,304 [trainer.py] => ca_storage_efficient_method_choices: ['covariance', 'variance']
2026-07-20 02:35:03,304 [trainer.py] => decay: False
2026-07-20 02:35:03,304 [trainer.py] => pretrained: True
2026-07-20 02:35:03,304 [trainer.py] => scale: 20
2026-07-20 02:35:03,304 [trainer.py] => m: 0
2026-07-20 02:35:03,304 [trainer.py] => drop: 0
2026-07-20 02:35:03,304 [trainer.py] => drop_path: 0
2026-07-20 02:35:03,305 [trainer.py] => memory_mode: hard_top2
2026-07-20 02:35:03,305 [trainer.py] => basis_count: 8
2026-07-20 02:35:03,305 [trainer.py] => basis_rank: 16
2026-07-20 02:35:03,305 [trainer.py] => basis_key_dim: 128
2026-07-20 02:35:03,305 [trainer.py] => router_temperature: 0.2
2026-07-20 02:35:03,305 [trainer.py] => basis_init_scale: 0.1
2026-07-20 02:35:03,305 [trainer.py] => basis_enabled: False
2026-07-20 02:35:03,305 [trainer.py] => use_shared_adapter: False
2026-07-20 02:35:03,305 [trainer.py] => amp: True
2026-07-20 02:35:04,798 [data_manager.py] => [68, 56, 78, 8, 23, 84, 90, 65, 74, 76, 40, 89, 3, 92, 55, 9, 26, 80, 43, 38, 58, 70, 77, 1, 85, 19, 17, 50, 28, 53, 13, 81, 45, 82, 6, 59, 83, 16, 15, 44, 91, 41, 72, 60, 79, 52, 20, 10, 31, 54, 37, 95, 14, 71, 96, 98, 97, 2, 64, 66, 42, 22, 35, 86, 24, 34, 87, 21, 99, 0, 88, 27, 18, 94, 11, 12, 47, 25, 30, 46, 62, 69, 36, 61, 7, 63, 75, 5, 32, 4, 51, 48, 73, 93, 39, 67, 29, 49, 57, 33]
2026-07-20 02:35:07,768 [_builder.py] => Loading pretrained weights from Hugging Face hub (timm/vit_base_patch16_224.orig_in21k)
2026-07-20 02:35:08,108 [_hub.py] => [timm/vit_base_patch16_224.orig_in21k] Safe alternative available for 'pytorch_model.bin' (as 'model.safetensors'). Loading weights using safetensors.
2026-07-20 02:35:08,142 [_builder.py] => Missing keys (head.weight, head.bias) discovered while loading pretrained weights. This is expected if model is being adapted.
2026-07-20 02:35:08,189 [care.py] => Training with Automatic Mixed Precision
2026-07-20 02:35:08,190 [care.py] => 89,934,268 model total parameters.
2026-07-20 02:35:08,191 [care.py] => 4,135,612 model training parameters.
2026-07-20 02:35:08,191 [care.py] => backbone.head.weight: 76800
2026-07-20 02:35:08,191 [care.py] => backbone.head.bias: 100
2026-07-20 02:35:08,191 [care.py] => backbone.adapter.adapter_layer0.keys: 1024
2026-07-20 02:35:08,191 [care.py] => backbone.adapter.adapter_layer0.down: 98304
2026-07-20 02:35:08,191 [care.py] => backbone.adapter.adapter_layer0.up: 98304
2026-07-20 02:35:08,191 [care.py] => backbone.adapter.adapter_layer0.scale: 768
2026-07-20 02:35:08,191 [care.py] => backbone.adapter.adapter_layer0.input_norm.weight: 768
2026-07-20 02:35:08,192 [care.py] => backbone.adapter.adapter_layer0.input_norm.bias: 768
2026-07-20 02:35:08,192 [care.py] => backbone.adapter.adapter_layer0.query.weight: 98304
2026-07-20 02:35:08,192 [care.py] => backbone.adapter.adapter_layer0.latent_head.0.0.weight: 768
2026-07-20 02:35:08,192 [care.py] => backbone.adapter.adapter_layer0.latent_head.0.0.bias: 768
2026-07-20 02:35:08,192 [care.py] => backbone.adapter.adapter_layer0.latent_head.0.1.weight: 38400
2026-07-20 02:35:08,192 [care.py] => backbone.adapter.adapter_layer0.latent_head.0.1.bias: 50
2026-07-20 02:35:08,192 [care.py] => backbone.adapter.adapter_layer1.keys: 1024
2026-07-20 02:35:08,192 [care.py] => backbone.adapter.adapter_layer1.down: 98304
2026-07-20 02:35:08,192 [care.py] => backbone.adapter.adapter_layer1.up: 98304
2026-07-20 02:35:08,192 [care.py] => backbone.adapter.adapter_layer1.scale: 768
2026-07-20 02:35:08,192 [care.py] => backbone.adapter.adapter_layer1.input_norm.weight: 768
2026-07-20 02:35:08,192 [care.py] => backbone.adapter.adapter_layer1.input_norm.bias: 768
2026-07-20 02:35:08,192 [care.py] => backbone.adapter.adapter_layer1.query.weight: 98304
2026-07-20 02:35:08,192 [care.py] => backbone.adapter.adapter_layer1.latent_head.0.0.weight: 768
2026-07-20 02:35:08,192 [care.py] => backbone.adapter.adapter_layer1.latent_head.0.0.bias: 768
2026-07-20 02:35:08,192 [care.py] => backbone.adapter.adapter_layer1.latent_head.0.1.weight: 38400
2026-07-20 02:35:08,192 [care.py] => backbone.adapter.adapter_layer1.latent_head.0.1.bias: 50
2026-07-20 02:35:08,192 [care.py] => backbone.adapter.adapter_layer2.keys: 1024
2026-07-20 02:35:08,192 [care.py] => backbone.adapter.adapter_layer2.down: 98304
2026-07-20 02:35:08,192 [care.py] => backbone.adapter.adapter_layer2.up: 98304
2026-07-20 02:35:08,192 [care.py] => backbone.adapter.adapter_layer2.scale: 768
2026-07-20 02:35:08,192 [care.py] => backbone.adapter.adapter_layer2.input_norm.weight: 768
2026-07-20 02:35:08,192 [care.py] => backbone.adapter.adapter_layer2.input_norm.bias: 768
2026-07-20 02:35:08,192 [care.py] => backbone.adapter.adapter_layer2.query.weight: 98304
2026-07-20 02:35:08,192 [care.py] => backbone.adapter.adapter_layer2.latent_head.0.0.weight: 768
2026-07-20 02:35:08,192 [care.py] => backbone.adapter.adapter_layer2.latent_head.0.0.bias: 768
2026-07-20 02:35:08,193 [care.py] => backbone.adapter.adapter_layer2.latent_head.0.1.weight: 38400
2026-07-20 02:35:08,193 [care.py] => backbone.adapter.adapter_layer2.latent_head.0.1.bias: 50
2026-07-20 02:35:08,193 [care.py] => backbone.adapter.adapter_layer3.keys: 1024
2026-07-20 02:35:08,193 [care.py] => backbone.adapter.adapter_layer3.down: 98304
2026-07-20 02:35:08,193 [care.py] => backbone.adapter.adapter_layer3.up: 98304
2026-07-20 02:35:08,193 [care.py] => backbone.adapter.adapter_layer3.scale: 768
2026-07-20 02:35:08,193 [care.py] => backbone.adapter.adapter_layer3.input_norm.weight: 768
2026-07-20 02:35:08,193 [care.py] => backbone.adapter.adapter_layer3.input_norm.bias: 768
2026-07-20 02:35:08,193 [care.py] => backbone.adapter.adapter_layer3.query.weight: 98304
2026-07-20 02:35:08,193 [care.py] => backbone.adapter.adapter_layer3.latent_head.0.0.weight: 768
2026-07-20 02:35:08,193 [care.py] => backbone.adapter.adapter_layer3.latent_head.0.0.bias: 768
2026-07-20 02:35:08,193 [care.py] => backbone.adapter.adapter_layer3.latent_head.0.1.weight: 38400
2026-07-20 02:35:08,193 [care.py] => backbone.adapter.adapter_layer3.latent_head.0.1.bias: 50
2026-07-20 02:35:08,193 [care.py] => backbone.adapter.adapter_layer4.keys: 1024
2026-07-20 02:35:08,193 [care.py] => backbone.adapter.adapter_layer4.down: 98304
2026-07-20 02:35:08,193 [care.py] => backbone.adapter.adapter_layer4.up: 98304
2026-07-20 02:35:08,193 [care.py] => backbone.adapter.adapter_layer4.scale: 768
2026-07-20 02:35:08,193 [care.py] => backbone.adapter.adapter_layer4.input_norm.weight: 768
2026-07-20 02:35:08,193 [care.py] => backbone.adapter.adapter_layer4.input_norm.bias: 768
2026-07-20 02:35:08,193 [care.py] => backbone.adapter.adapter_layer4.query.weight: 98304
2026-07-20 02:35:08,193 [care.py] => backbone.adapter.adapter_layer4.latent_head.0.0.weight: 768
2026-07-20 02:35:08,193 [care.py] => backbone.adapter.adapter_layer4.latent_head.0.0.bias: 768
2026-07-20 02:35:08,193 [care.py] => backbone.adapter.adapter_layer4.latent_head.0.1.weight: 38400
2026-07-20 02:35:08,193 [care.py] => backbone.adapter.adapter_layer4.latent_head.0.1.bias: 50
2026-07-20 02:35:08,193 [care.py] => backbone.adapter.adapter_layer5.keys: 1024
2026-07-20 02:35:08,193 [care.py] => backbone.adapter.adapter_layer5.down: 98304
2026-07-20 02:35:08,193 [care.py] => backbone.adapter.adapter_layer5.up: 98304
2026-07-20 02:35:08,194 [care.py] => backbone.adapter.adapter_layer5.scale: 768
2026-07-20 02:35:08,194 [care.py] => backbone.adapter.adapter_layer5.input_norm.weight: 768
2026-07-20 02:35:08,194 [care.py] => backbone.adapter.adapter_layer5.input_norm.bias: 768
2026-07-20 02:35:08,194 [care.py] => backbone.adapter.adapter_layer5.query.weight: 98304
2026-07-20 02:35:08,194 [care.py] => backbone.adapter.adapter_layer5.latent_head.0.0.weight: 768
2026-07-20 02:35:08,194 [care.py] => backbone.adapter.adapter_layer5.latent_head.0.0.bias: 768
2026-07-20 02:35:08,194 [care.py] => backbone.adapter.adapter_layer5.latent_head.0.1.weight: 38400
2026-07-20 02:35:08,194 [care.py] => backbone.adapter.adapter_layer5.latent_head.0.1.bias: 50
2026-07-20 02:35:08,194 [care.py] => backbone.adapter.adapter_layer6.keys: 1024
2026-07-20 02:35:08,194 [care.py] => backbone.adapter.adapter_layer6.down: 98304
2026-07-20 02:35:08,194 [care.py] => backbone.adapter.adapter_layer6.up: 98304
2026-07-20 02:35:08,194 [care.py] => backbone.adapter.adapter_layer6.scale: 768
2026-07-20 02:35:08,194 [care.py] => backbone.adapter.adapter_layer6.input_norm.weight: 768
2026-07-20 02:35:08,194 [care.py] => backbone.adapter.adapter_layer6.input_norm.bias: 768
2026-07-20 02:35:08,194 [care.py] => backbone.adapter.adapter_layer6.query.weight: 98304
2026-07-20 02:35:08,194 [care.py] => backbone.adapter.adapter_layer6.latent_head.0.0.weight: 768
2026-07-20 02:35:08,194 [care.py] => backbone.adapter.adapter_layer6.latent_head.0.0.bias: 768
2026-07-20 02:35:08,194 [care.py] => backbone.adapter.adapter_layer6.latent_head.0.1.weight: 38400
2026-07-20 02:35:08,194 [care.py] => backbone.adapter.adapter_layer6.latent_head.0.1.bias: 50
2026-07-20 02:35:08,194 [care.py] => backbone.adapter.adapter_layer7.keys: 1024
2026-07-20 02:35:08,194 [care.py] => backbone.adapter.adapter_layer7.down: 98304
2026-07-20 02:35:08,194 [care.py] => backbone.adapter.adapter_layer7.up: 98304
2026-07-20 02:35:08,194 [care.py] => backbone.adapter.adapter_layer7.scale: 768
2026-07-20 02:35:08,194 [care.py] => backbone.adapter.adapter_layer7.input_norm.weight: 768
2026-07-20 02:35:08,194 [care.py] => backbone.adapter.adapter_layer7.input_norm.bias: 768
2026-07-20 02:35:08,195 [care.py] => backbone.adapter.adapter_layer7.query.weight: 98304
2026-07-20 02:35:08,195 [care.py] => backbone.adapter.adapter_layer7.latent_head.0.0.weight: 768
2026-07-20 02:35:08,195 [care.py] => backbone.adapter.adapter_layer7.latent_head.0.0.bias: 768
2026-07-20 02:35:08,195 [care.py] => backbone.adapter.adapter_layer7.latent_head.0.1.weight: 38400
2026-07-20 02:35:08,195 [care.py] => backbone.adapter.adapter_layer7.latent_head.0.1.bias: 50
2026-07-20 02:35:08,195 [care.py] => backbone.adapter.adapter_layer8.keys: 1024
2026-07-20 02:35:08,195 [care.py] => backbone.adapter.adapter_layer8.down: 98304
2026-07-20 02:35:08,195 [care.py] => backbone.adapter.adapter_layer8.up: 98304
2026-07-20 02:35:08,195 [care.py] => backbone.adapter.adapter_layer8.scale: 768
2026-07-20 02:35:08,195 [care.py] => backbone.adapter.adapter_layer8.input_norm.weight: 768
2026-07-20 02:35:08,195 [care.py] => backbone.adapter.adapter_layer8.input_norm.bias: 768
2026-07-20 02:35:08,195 [care.py] => backbone.adapter.adapter_layer8.query.weight: 98304
2026-07-20 02:35:08,195 [care.py] => backbone.adapter.adapter_layer8.latent_head.0.0.weight: 768
2026-07-20 02:35:08,195 [care.py] => backbone.adapter.adapter_layer8.latent_head.0.0.bias: 768
2026-07-20 02:35:08,195 [care.py] => backbone.adapter.adapter_layer8.latent_head.0.1.weight: 38400
2026-07-20 02:35:08,195 [care.py] => backbone.adapter.adapter_layer8.latent_head.0.1.bias: 50
2026-07-20 02:35:08,195 [care.py] => backbone.adapter.adapter_layer9.keys: 1024
2026-07-20 02:35:08,195 [care.py] => backbone.adapter.adapter_layer9.down: 98304
2026-07-20 02:35:08,195 [care.py] => backbone.adapter.adapter_layer9.up: 98304
2026-07-20 02:35:08,195 [care.py] => backbone.adapter.adapter_layer9.scale: 768
2026-07-20 02:35:08,195 [care.py] => backbone.adapter.adapter_layer9.input_norm.weight: 768
2026-07-20 02:35:08,195 [care.py] => backbone.adapter.adapter_layer9.input_norm.bias: 768
2026-07-20 02:35:08,195 [care.py] => backbone.adapter.adapter_layer9.query.weight: 98304
2026-07-20 02:35:08,195 [care.py] => backbone.adapter.adapter_layer9.latent_head.0.0.weight: 768
2026-07-20 02:35:08,195 [care.py] => backbone.adapter.adapter_layer9.latent_head.0.0.bias: 768
2026-07-20 02:35:08,196 [care.py] => backbone.adapter.adapter_layer9.latent_head.0.1.weight: 38400
2026-07-20 02:35:08,196 [care.py] => backbone.adapter.adapter_layer9.latent_head.0.1.bias: 50
2026-07-20 02:35:08,196 [care.py] => backbone.adapter.adapter_layer10.keys: 1024
2026-07-20 02:35:08,196 [care.py] => backbone.adapter.adapter_layer10.down: 98304
2026-07-20 02:35:08,196 [care.py] => backbone.adapter.adapter_layer10.up: 98304
2026-07-20 02:35:08,196 [care.py] => backbone.adapter.adapter_layer10.scale: 768
2026-07-20 02:35:08,196 [care.py] => backbone.adapter.adapter_layer10.input_norm.weight: 768
2026-07-20 02:35:08,196 [care.py] => backbone.adapter.adapter_layer10.input_norm.bias: 768
2026-07-20 02:35:08,196 [care.py] => backbone.adapter.adapter_layer10.query.weight: 98304
2026-07-20 02:35:08,196 [care.py] => backbone.adapter.adapter_layer10.latent_head.0.0.weight: 768
2026-07-20 02:35:08,196 [care.py] => backbone.adapter.adapter_layer10.latent_head.0.0.bias: 768
2026-07-20 02:35:08,196 [care.py] => backbone.adapter.adapter_layer10.latent_head.0.1.weight: 38400
2026-07-20 02:35:08,196 [care.py] => backbone.adapter.adapter_layer10.latent_head.0.1.bias: 50
2026-07-20 02:35:08,196 [care.py] => backbone.adapter.adapter_layer11.keys: 1024
2026-07-20 02:35:08,196 [care.py] => backbone.adapter.adapter_layer11.down: 98304
2026-07-20 02:35:08,196 [care.py] => backbone.adapter.adapter_layer11.up: 98304
2026-07-20 02:35:08,196 [care.py] => backbone.adapter.adapter_layer11.scale: 768
2026-07-20 02:35:08,196 [care.py] => backbone.adapter.adapter_layer11.input_norm.weight: 768
2026-07-20 02:35:08,196 [care.py] => backbone.adapter.adapter_layer11.input_norm.bias: 768
2026-07-20 02:35:08,196 [care.py] => backbone.adapter.adapter_layer11.query.weight: 98304
2026-07-20 02:35:08,196 [care.py] => backbone.adapter.adapter_layer11.latent_head.0.0.weight: 768
2026-07-20 02:35:08,196 [care.py] => backbone.adapter.adapter_layer11.latent_head.0.0.bias: 768
2026-07-20 02:35:08,196 [care.py] => backbone.adapter.adapter_layer11.latent_head.0.1.weight: 38400
2026-07-20 02:35:08,196 [care.py] => backbone.adapter.adapter_layer11.latent_head.0.1.bias: 50
2026-07-20 02:35:08,197 [trainer.py] => Train Augmentation [RandomResizedCrop(size=(256, 256), scale=(0.08, 1.0), ratio=(0.75, 1.3333), interpolation=bicubic, antialias=True), CenterCrop(size=(224, 224)), RandomHorizontalFlip(p=0.5), ColorJitter(brightness=(0.75, 1.25), contrast=None, saturation=None, hue=None), ToTensor(), Normalize(mean=[0.5, 0.5, 0.5], std=[0.5, 0.5, 0.5])]
2026-07-20 02:35:08,197 [trainer.py] => Test Augmentation [Resize(size=256, interpolation=bicubic, max_size=None, antialias=True), CenterCrop(size=(224, 224)), ToTensor(), Normalize(mean=[0.5, 0.5, 0.5], std=[0.5, 0.5, 0.5])]
2026-07-20 02:35:08,198 [trainer.py] => All params: 89934268
2026-07-20 02:35:08,199 [trainer.py] => Trainable params: 4135612
2026-07-20 02:35:08,207 [care.py] => Learning on 0-50
2026-07-20 02:35:41,352 [care.py] => Task 0, Epoch 1/1 => LR 0.00e+00 Loss 3.088/1.119/1.969, Train_accy 70.34
2026-07-20 02:35:41,355 [care.py] => Adapter diagnostics: {'adapter_layer0': {'route_entropy': 0.69115859375, 'slot_load': [0.0, 0.0, 0.0, 0.3285599946975708, 0.9944799542427063, 0.006079999729990959, 0.6708799600601196, 0.0], 'dead_slots': 4, 'negative_weight_fraction': 0.0}, 'adapter_layer1': {'route_entropy': 0.685852109375, 'slot_load': [0.89683997631073, 0.0005200000014156103, 7.999999797903001e-05, 0.09043999761343002, 0.0, 1.0, 0.0, 0.012120000086724758], 'dead_slots': 2, 'negative_weight_fraction': 0.0}, 'adapter_layer2': {'route_entropy': 0.6894584375, 'slot_load': [0.010359999723732471, 0.02199999988079071, 0.9806399941444397, 0.0018399999244138598, 0.9851599931716919, 0.0, 0.0, 0.0], 'dead_slots': 3, 'negative_weight_fraction': 0.0}, 'adapter_layer3': {'route_entropy': 0.6468300390625, 'slot_load': [0.11615999788045883, 0.009680000133812428, 0.0026000000070780516, 7.999999797903001e-05, 1.0, 0.03240000084042549, 0.008320000022649765, 0.8307600021362305], 'dead_slots': 0, 'negative_weight_fraction': 0.0}, 'adapter_layer4': {'route_entropy': 0.6539925390625, 'slot_load': [0.012279999442398548, 3.9999998989515007e-05, 0.11811999976634979, 0.0035199997946619987, 0.9985599517822266, 0.38231998682022095, 0.40347999334335327, 0.08167999982833862], 'dead_slots': 0, 'negative_weight_fraction': 0.0}, 'adapter_layer5': {'route_entropy': 0.686946953125, 'slot_load': [0.0, 0.051920000463724136, 0.46219998598098755, 0.04739999771118164, 0.0038399999029934406, 0.6547600030899048, 0.7798799872398376, 0.0], 'dead_slots': 2, 'negative_weight_fraction': 0.0}, 'adapter_layer6': {'route_entropy': 0.68405109375, 'slot_load': [0.0623599998652935, 0.8152799606323242, 0.0014400000218302011, 0.010160000063478947, 0.44091999530792236, 0.5570799708366394, 0.10260000079870224, 0.010160000063478947], 'dead_slots': 0, 'negative_weight_fraction': 0.0}, 'adapter_layer7': {'route_entropy': 0.67450375, 'slot_load': [0.04820000007748604, 0.13199999928474426, 0.47015997767448425, 0.08247999846935272, 0.2457999885082245, 0.9871199727058411, 0.0, 0.0342399999499321], 'dead_slots': 1, 'negative_weight_fraction': 0.0}, 'adapter_layer8': {'route_entropy': 0.680759375, 'slot_load': [0.0026000000070780516, 0.00019999999494757503, 0.4041999876499176, 0.9315999746322632, 0.29627999663352966, 0.00019999999494757503, 0.36475998163223267, 0.00015999999595806003], 'dead_slots': 0, 'negative_weight_fraction': 0.0}, 'adapter_layer9': {'route_entropy': 0.687563671875, 'slot_load': [0.0009199999622069299, 0.4827199876308441, 0.5931999683380127, 3.9999998989515007e-05, 0.03563999757170677, 0.010199999436736107, 0.8619199991226196, 0.015359999611973763], 'dead_slots': 0, 'negative_weight_fraction': 0.0}, 'adapter_layer10': {'route_entropy': 0.686689296875, 'slot_load': [0.823639988899231, 0.5150799751281738, 0.09011999517679214, 0.11631999909877777, 0.0016799999866634607, 0.0371599979698658, 0.39719998836517334, 0.018799999728798866], 'dead_slots': 0, 'negative_weight_fraction': 0.0}, 'adapter_layer11': {'route_entropy': 0.670283359375, 'slot_load': [0.05116000026464462, 0.09916000068187714, 0.1515599936246872, 0.14139999449253082, 0.878279983997345, 0.03275999799370766, 0.6189599633216858, 0.026719998568296432], 'dead_slots': 0, 'negative_weight_fraction': 0.0}}
2026-07-20 02:37:28,029 [trainer.py] => No NME accuracy.
2026-07-20 02:37:28,029 [trainer.py] => CNN: {'total': np.float64(88.42), '00-49': np.float64(88.42), 'old': 0, 'new': np.float64(88.42)}
2026-07-20 02:37:28,029 [trainer.py] => CNN top1 curve: [np.float64(88.42)]
2026-07-20 02:37:28,029 [trainer.py] => CNN top5 curve: [np.float64(98.08)]

2026-07-20 02:37:28,029 [trainer.py] => Average Accuracy (CNN): 88.42 

2026-07-20 02:37:28,030 [trainer.py] => All params: 89972668
2026-07-20 02:37:28,031 [trainer.py] => Trainable params: 4174012
2026-07-20 02:37:28,032 [care.py] => Learning on 50-100
2026-07-20 02:38:00,511 [care.py] => Task 1, Epoch 1/1 => LR 2.50e-02 Loss 3.090/1.122/1.968, Train_accy 63.72
2026-07-20 02:38:00,513 [care.py] => Adapter diagnostics: {'adapter_layer0': {'route_entropy': 0.69128203125, 'slot_load': [0.0, 0.0, 0.0, 0.32655999064445496, 0.9945199489593506, 0.005959999747574329, 0.6728799939155579, 7.999999797903001e-05], 'dead_slots': 3, 'negative_weight_fraction': 0.0}, 'adapter_layer1': {'route_entropy': 0.686120234375, 'slot_load': [0.9151600003242493, 0.00031999999191612005, 0.00011999999696854502, 0.06532000005245209, 0.0, 1.0, 0.0, 0.01907999999821186], 'dead_slots': 2, 'negative_weight_fraction': 0.0}, 'adapter_layer2': {'route_entropy': 0.689275078125, 'slot_load': [0.012319999746978283, 0.03075999952852726, 0.9724799990653992, 0.0025599999353289604, 0.9818399548530579, 0.0, 3.9999998989515007e-05, 0.0], 'dead_slots': 2, 'negative_weight_fraction': 0.0}, 'adapter_layer3': {'route_entropy': 0.64594875, 'slot_load': [0.1136000007390976, 0.008119999431073666, 0.0030399998649954796, 0.00011999999696854502, 1.0, 0.0254799984395504, 0.007879999466240406, 0.841759979724884], 'dead_slots': 0, 'negative_weight_fraction': 0.0}, 'adapter_layer4': {'route_entropy': 0.654977109375, 'slot_load': [0.01411999948322773, 0.0006799999973736703, 0.11627999693155289, 0.003279999829828739, 0.997439980506897, 0.36215999722480774, 0.4055599868297577, 0.10047999769449234], 'dead_slots': 0, 'negative_weight_fraction': 0.0}, 'adapter_layer5': {'route_entropy': 0.687015625, 'slot_load': [7.999999797903001e-05, 0.041680000722408295, 0.5109999775886536, 0.07683999836444855, 0.004119999706745148, 0.6273599863052368, 0.7389199733734131, 0.0], 'dead_slots': 1, 'negative_weight_fraction': 0.0}, 'adapter_layer6': {'route_entropy': 0.683374921875, 'slot_load': [0.0671599954366684, 0.8477999567985535, 0.0008799999486654997, 0.007519999984651804, 0.4438000023365021, 0.5036399960517883, 0.12088000029325485, 0.008320000022649765], 'dead_slots': 0, 'negative_weight_fraction': 0.0}, 'adapter_layer7': {'route_entropy': 0.674536953125, 'slot_load': [0.0634399950504303, 0.1536799967288971, 0.39287999272346497, 0.09795999526977539, 0.2584799826145172, 0.9837999939918518, 0.0, 0.04975999891757965], 'dead_slots': 1, 'negative_weight_fraction': 0.0}, 'adapter_layer8': {'route_entropy': 0.68112828125, 'slot_load': [0.002839999971911311, 0.00019999999494757503, 0.466839998960495, 0.9171599745750427, 0.31627997756004333, 7.999999797903001e-05, 0.2965199947357178, 7.999999797903001e-05], 'dead_slots': 0, 'negative_weight_fraction': 0.0}, 'adapter_layer9': {'route_entropy': 0.687026015625, 'slot_load': [0.0006399999838322401, 0.4702799916267395, 0.5857200026512146, 7.999999797903001e-05, 0.041919998824596405, 0.01599999889731407, 0.8719599843025208, 0.013399999588727951], 'dead_slots': 0, 'negative_weight_fraction': 0.0}, 'adapter_layer10': {'route_entropy': 0.684598046875, 'slot_load': [0.8631999492645264, 0.45819997787475586, 0.11467999964952469, 0.11419999599456787, 0.0061599998734891415, 0.03787999972701073, 0.38067999482154846, 0.02499999850988388], 'dead_slots': 0, 'negative_weight_fraction': 0.0}, 'adapter_layer11': {'route_entropy': 0.67197546875, 'slot_load': [0.04615999758243561, 0.14079999923706055, 0.1528400033712387, 0.12167999893426895, 0.852840006351471, 0.02855999954044819, 0.6289199590682983, 0.028199998661875725], 'dead_slots': 0, 'negative_weight_fraction': 0.0}}
2026-07-20 02:39:37,214 [care.py] => Task 1, Epoch 1/1 => Loss 0.398, CA_accy 92.60
2026-07-20 02:40:09,664 [care.py] => Task 1, Epoch 1/1 => LR 0.00e+00 Loss 2.875/0.911/1.963, Train_accy 68.57
2026-07-20 02:40:09,666 [care.py] => Adapter diagnostics: {'adapter_layer0': {'route_entropy': 0.691278515625, 'slot_load': [0.0, 0.0, 0.0, 0.32391998171806335, 0.9947999715805054, 0.007280000019818544, 0.6739199757575989, 7.999999797903001e-05], 'dead_slots': 3, 'negative_weight_fraction': 0.0}, 'adapter_layer1': {'route_entropy': 0.68615390625, 'slot_load': [0.9174000024795532, 0.0002799999783746898, 0.00011999999696854502, 0.06427999585866928, 0.0, 1.0, 0.0, 0.01791999861598015], 'dead_slots': 2, 'negative_weight_fraction': 0.0}, 'adapter_layer2': {'route_entropy': 0.689305234375, 'slot_load': [0.012319999746978283, 0.0321200005710125, 0.9708399772644043, 0.0019600000232458115, 0.9827199578285217, 0.0, 3.9999998989515007e-05, 0.0], 'dead_slots': 2, 'negative_weight_fraction': 0.0}, 'adapter_layer3': {'route_entropy': 0.6460405859375, 'slot_load': [0.11183999478816986, 0.008799999952316284, 0.002839999971911311, 0.00011999999696854502, 0.9998799562454224, 0.025279998779296875, 0.008200000040233135, 0.8430399894714355], 'dead_slots': 0, 'negative_weight_fraction': 0.0}, 'adapter_layer4': {'route_entropy': 0.6549816015625, 'slot_load': [0.01447999943047762, 0.0005200000014156103, 0.11627999693155289, 0.002839999971911311, 0.9974799752235413, 0.3656799793243408, 0.4012799859046936, 0.10143999755382538], 'dead_slots': 0, 'negative_weight_fraction': 0.0}, 'adapter_layer5': {'route_entropy': 0.686948203125, 'slot_load': [0.0, 0.04303999990224838, 0.5091599822044373, 0.07735999673604965, 0.0049600000493228436, 0.626039981842041, 0.7394399642944336, 0.0], 'dead_slots': 2, 'negative_weight_fraction': 0.0}, 'adapter_layer6': {'route_entropy': 0.683399375, 'slot_load': [0.06604000180959702, 0.8487199544906616, 0.0012799999676644802, 0.006479999981820583, 0.4429199993610382, 0.5067999958992004, 0.11919999867677689, 0.008559999987483025], 'dead_slots': 0, 'negative_weight_fraction': 0.0}, 'adapter_layer7': {'route_entropy': 0.674527890625, 'slot_load': [0.06283999979496002, 0.15643998980522156, 0.39159998297691345, 0.09771999716758728, 0.2592400014400482, 0.9839199781417847, 0.0, 0.048239998519420624], 'dead_slots': 1, 'negative_weight_fraction': 0.0}, 'adapter_layer8': {'route_entropy': 0.681205390625, 'slot_load': [0.0033599999733269215, 0.00011999999696854502, 0.4740400016307831, 0.9144799709320068, 0.3131199777126312, 0.00015999999595806003, 0.2946400046348572, 7.999999797903001e-05], 'dead_slots': 0, 'negative_weight_fraction': 0.0}, 'adapter_layer9': {'route_entropy': 0.6871053125, 'slot_load': [0.0005999999702908099, 0.47435998916625977, 0.5817999839782715, 7.999999797903001e-05, 0.04367999732494354, 0.01599999889731407, 0.8710799813270569, 0.012399999424815178], 'dead_slots': 0, 'negative_weight_fraction': 0.0}, 'adapter_layer10': {'route_entropy': 0.684483515625, 'slot_load': [0.8669599890708923, 0.46355998516082764, 0.10847999900579453, 0.11155999451875687, 0.006839999929070473, 0.03996000066399574, 0.3787199854850769, 0.023919999599456787], 'dead_slots': 0, 'negative_weight_fraction': 0.0}, 'adapter_layer11': {'route_entropy': 0.67195078125, 'slot_load': [0.04659999907016754, 0.14180000126361847, 0.1550000011920929, 0.12195999920368195, 0.8481599688529968, 0.02735999971628189, 0.634880006313324, 0.024240000173449516], 'dead_slots': 0, 'negative_weight_fraction': 0.0}}
2026-07-20 02:41:44,917 [care.py] => Task 1, Epoch 1/1 => Loss 0.378, CA_accy 93.11
2026-07-20 02:42:54,270 [trainer.py] => No NME accuracy.
2026-07-20 02:42:54,270 [trainer.py] => CNN: {'total': np.float64(83.93), '00-49': np.float64(84.66), '50-99': np.float64(83.2), 'old': np.float64(84.66), 'new': np.float64(83.2)}
2026-07-20 02:42:54,270 [trainer.py] => CNN top1 curve: [np.float64(88.42), np.float64(83.93)]
2026-07-20 02:42:54,270 [trainer.py] => CNN top5 curve: [np.float64(98.08), np.float64(96.61)]

2026-07-20 02:42:54,270 [trainer.py] => Average Accuracy (CNN): 86.17500000000001 

2026-07-20 02:42:54,271 [trainer.py] => Forgetting (CNN): 3.760000000000005
