2026-07-20 02:03:00,814 [trainer.py] => config: exps/cifar100/basis_hard_top2_scale01_smoke_2task.json
2026-07-20 02:03:00,814 [trainer.py] => prefix: basis_hard_top2_scale01_cifar100_smoke_2task
2026-07-20 02:03:00,814 [trainer.py] => dataset: cifar224
2026-07-20 02:03:00,814 [trainer.py] => memory_size: 0
2026-07-20 02:03:00,814 [trainer.py] => memory_per_class: 0
2026-07-20 02:03:00,814 [trainer.py] => fixed_memory: False
2026-07-20 02:03:00,814 [trainer.py] => shuffle: True
2026-07-20 02:03:00,814 [trainer.py] => init_cls: 50
2026-07-20 02:03:00,814 [trainer.py] => increment: 50
2026-07-20 02:03:00,814 [trainer.py] => model_name: care
2026-07-20 02:03:00,814 [trainer.py] => backbone_type: vit_base_patch16_224_in21k_brmoe
2026-07-20 02:03:00,814 [trainer.py] => device: [device(type='cuda', index=5)]
2026-07-20 02:03:00,814 [trainer.py] => seed: 1993
2026-07-20 02:03:00,815 [trainer.py] => tuned_epoch: 1
2026-07-20 02:03:00,815 [trainer.py] => init_lr: 0.05
2026-07-20 02:03:00,815 [trainer.py] => batch_size: 128
2026-07-20 02:03:00,815 [trainer.py] => weight_decay: 0.0005
2026-07-20 02:03:00,815 [trainer.py] => min_lr: 0
2026-07-20 02:03:00,815 [trainer.py] => optimizer: sgd
2026-07-20 02:03:00,815 [trainer.py] => scheduler: cosine
2026-07-20 02:03:00,815 [trainer.py] => init_milestones: [1]
2026-07-20 02:03:00,815 [trainer.py] => init_lr_decay: 0.1
2026-07-20 02:03:00,815 [trainer.py] => crct_epochs: 1
2026-07-20 02:03:00,815 [trainer.py] => ca_lr: 0.005
2026-07-20 02:03:00,815 [trainer.py] => ca_storage_efficient_method: covariance
2026-07-20 02:03:00,815 [trainer.py] => ca_storage_efficient_method_choices: ['covariance', 'variance']
2026-07-20 02:03:00,815 [trainer.py] => decay: False
2026-07-20 02:03:00,815 [trainer.py] => pretrained: True
2026-07-20 02:03:00,815 [trainer.py] => scale: 20
2026-07-20 02:03:00,815 [trainer.py] => m: 0
2026-07-20 02:03:00,815 [trainer.py] => drop: 0
2026-07-20 02:03:00,815 [trainer.py] => drop_path: 0
2026-07-20 02:03:00,815 [trainer.py] => memory_mode: hard_top2
2026-07-20 02:03:00,815 [trainer.py] => basis_count: 8
2026-07-20 02:03:00,815 [trainer.py] => basis_rank: 16
2026-07-20 02:03:00,815 [trainer.py] => basis_key_dim: 128
2026-07-20 02:03:00,815 [trainer.py] => router_temperature: 0.2
2026-07-20 02:03:00,815 [trainer.py] => basis_init_scale: 0.1
2026-07-20 02:03:00,815 [trainer.py] => use_shared_adapter: False
2026-07-20 02:03:00,815 [trainer.py] => amp: True
2026-07-20 02:03:02,310 [data_manager.py] => [68, 56, 78, 8, 23, 84, 90, 65, 74, 76, 40, 89, 3, 92, 55, 9, 26, 80, 43, 38, 58, 70, 77, 1, 85, 19, 17, 50, 28, 53, 13, 81, 45, 82, 6, 59, 83, 16, 15, 44, 91, 41, 72, 60, 79, 52, 20, 10, 31, 54, 37, 95, 14, 71, 96, 98, 97, 2, 64, 66, 42, 22, 35, 86, 24, 34, 87, 21, 99, 0, 88, 27, 18, 94, 11, 12, 47, 25, 30, 46, 62, 69, 36, 61, 7, 63, 75, 5, 32, 4, 51, 48, 73, 93, 39, 67, 29, 49, 57, 33]
2026-07-20 02:03:05,273 [_builder.py] => Loading pretrained weights from Hugging Face hub (timm/vit_base_patch16_224.orig_in21k)
2026-07-20 02:03:05,589 [_hub.py] => [timm/vit_base_patch16_224.orig_in21k] Safe alternative available for 'pytorch_model.bin' (as 'model.safetensors'). Loading weights using safetensors.
2026-07-20 02:03:05,610 [_builder.py] => Missing keys (head.weight, head.bias) discovered while loading pretrained weights. This is expected if model is being adapted.
2026-07-20 02:03:05,651 [care.py] => Training with Automatic Mixed Precision
2026-07-20 02:03:05,652 [care.py] => 89,934,268 model total parameters.
2026-07-20 02:03:05,653 [care.py] => 4,135,612 model training parameters.
2026-07-20 02:03:05,653 [care.py] => backbone.head.weight: 76800
2026-07-20 02:03:05,653 [care.py] => backbone.head.bias: 100
2026-07-20 02:03:05,653 [care.py] => backbone.adapter.adapter_layer0.keys: 1024
2026-07-20 02:03:05,653 [care.py] => backbone.adapter.adapter_layer0.down: 98304
2026-07-20 02:03:05,653 [care.py] => backbone.adapter.adapter_layer0.up: 98304
2026-07-20 02:03:05,653 [care.py] => backbone.adapter.adapter_layer0.scale: 768
2026-07-20 02:03:05,653 [care.py] => backbone.adapter.adapter_layer0.input_norm.weight: 768
2026-07-20 02:03:05,653 [care.py] => backbone.adapter.adapter_layer0.input_norm.bias: 768
2026-07-20 02:03:05,653 [care.py] => backbone.adapter.adapter_layer0.query.weight: 98304
2026-07-20 02:03:05,653 [care.py] => backbone.adapter.adapter_layer0.latent_head.0.0.weight: 768
2026-07-20 02:03:05,653 [care.py] => backbone.adapter.adapter_layer0.latent_head.0.0.bias: 768
2026-07-20 02:03:05,654 [care.py] => backbone.adapter.adapter_layer0.latent_head.0.1.weight: 38400
2026-07-20 02:03:05,654 [care.py] => backbone.adapter.adapter_layer0.latent_head.0.1.bias: 50
2026-07-20 02:03:05,654 [care.py] => backbone.adapter.adapter_layer1.keys: 1024
2026-07-20 02:03:05,654 [care.py] => backbone.adapter.adapter_layer1.down: 98304
2026-07-20 02:03:05,654 [care.py] => backbone.adapter.adapter_layer1.up: 98304
2026-07-20 02:03:05,654 [care.py] => backbone.adapter.adapter_layer1.scale: 768
2026-07-20 02:03:05,654 [care.py] => backbone.adapter.adapter_layer1.input_norm.weight: 768
2026-07-20 02:03:05,654 [care.py] => backbone.adapter.adapter_layer1.input_norm.bias: 768
2026-07-20 02:03:05,654 [care.py] => backbone.adapter.adapter_layer1.query.weight: 98304
2026-07-20 02:03:05,654 [care.py] => backbone.adapter.adapter_layer1.latent_head.0.0.weight: 768
2026-07-20 02:03:05,654 [care.py] => backbone.adapter.adapter_layer1.latent_head.0.0.bias: 768
2026-07-20 02:03:05,654 [care.py] => backbone.adapter.adapter_layer1.latent_head.0.1.weight: 38400
2026-07-20 02:03:05,654 [care.py] => backbone.adapter.adapter_layer1.latent_head.0.1.bias: 50
2026-07-20 02:03:05,654 [care.py] => backbone.adapter.adapter_layer2.keys: 1024
2026-07-20 02:03:05,654 [care.py] => backbone.adapter.adapter_layer2.down: 98304
2026-07-20 02:03:05,654 [care.py] => backbone.adapter.adapter_layer2.up: 98304
2026-07-20 02:03:05,654 [care.py] => backbone.adapter.adapter_layer2.scale: 768
2026-07-20 02:03:05,654 [care.py] => backbone.adapter.adapter_layer2.input_norm.weight: 768
2026-07-20 02:03:05,654 [care.py] => backbone.adapter.adapter_layer2.input_norm.bias: 768
2026-07-20 02:03:05,654 [care.py] => backbone.adapter.adapter_layer2.query.weight: 98304
2026-07-20 02:03:05,654 [care.py] => backbone.adapter.adapter_layer2.latent_head.0.0.weight: 768
2026-07-20 02:03:05,654 [care.py] => backbone.adapter.adapter_layer2.latent_head.0.0.bias: 768
2026-07-20 02:03:05,654 [care.py] => backbone.adapter.adapter_layer2.latent_head.0.1.weight: 38400
2026-07-20 02:03:05,654 [care.py] => backbone.adapter.adapter_layer2.latent_head.0.1.bias: 50
2026-07-20 02:03:05,654 [care.py] => backbone.adapter.adapter_layer3.keys: 1024
2026-07-20 02:03:05,654 [care.py] => backbone.adapter.adapter_layer3.down: 98304
2026-07-20 02:03:05,654 [care.py] => backbone.adapter.adapter_layer3.up: 98304
2026-07-20 02:03:05,654 [care.py] => backbone.adapter.adapter_layer3.scale: 768
2026-07-20 02:03:05,654 [care.py] => backbone.adapter.adapter_layer3.input_norm.weight: 768
2026-07-20 02:03:05,654 [care.py] => backbone.adapter.adapter_layer3.input_norm.bias: 768
2026-07-20 02:03:05,654 [care.py] => backbone.adapter.adapter_layer3.query.weight: 98304
2026-07-20 02:03:05,654 [care.py] => backbone.adapter.adapter_layer3.latent_head.0.0.weight: 768
2026-07-20 02:03:05,654 [care.py] => backbone.adapter.adapter_layer3.latent_head.0.0.bias: 768
2026-07-20 02:03:05,654 [care.py] => backbone.adapter.adapter_layer3.latent_head.0.1.weight: 38400
2026-07-20 02:03:05,654 [care.py] => backbone.adapter.adapter_layer3.latent_head.0.1.bias: 50
2026-07-20 02:03:05,654 [care.py] => backbone.adapter.adapter_layer4.keys: 1024
2026-07-20 02:03:05,654 [care.py] => backbone.adapter.adapter_layer4.down: 98304
2026-07-20 02:03:05,655 [care.py] => backbone.adapter.adapter_layer4.up: 98304
2026-07-20 02:03:05,655 [care.py] => backbone.adapter.adapter_layer4.scale: 768
2026-07-20 02:03:05,655 [care.py] => backbone.adapter.adapter_layer4.input_norm.weight: 768
2026-07-20 02:03:05,655 [care.py] => backbone.adapter.adapter_layer4.input_norm.bias: 768
2026-07-20 02:03:05,655 [care.py] => backbone.adapter.adapter_layer4.query.weight: 98304
2026-07-20 02:03:05,655 [care.py] => backbone.adapter.adapter_layer4.latent_head.0.0.weight: 768
2026-07-20 02:03:05,655 [care.py] => backbone.adapter.adapter_layer4.latent_head.0.0.bias: 768
2026-07-20 02:03:05,655 [care.py] => backbone.adapter.adapter_layer4.latent_head.0.1.weight: 38400
2026-07-20 02:03:05,655 [care.py] => backbone.adapter.adapter_layer4.latent_head.0.1.bias: 50
2026-07-20 02:03:05,655 [care.py] => backbone.adapter.adapter_layer5.keys: 1024
2026-07-20 02:03:05,655 [care.py] => backbone.adapter.adapter_layer5.down: 98304
2026-07-20 02:03:05,655 [care.py] => backbone.adapter.adapter_layer5.up: 98304
2026-07-20 02:03:05,655 [care.py] => backbone.adapter.adapter_layer5.scale: 768
2026-07-20 02:03:05,655 [care.py] => backbone.adapter.adapter_layer5.input_norm.weight: 768
2026-07-20 02:03:05,655 [care.py] => backbone.adapter.adapter_layer5.input_norm.bias: 768
2026-07-20 02:03:05,655 [care.py] => backbone.adapter.adapter_layer5.query.weight: 98304
2026-07-20 02:03:05,655 [care.py] => backbone.adapter.adapter_layer5.latent_head.0.0.weight: 768
2026-07-20 02:03:05,655 [care.py] => backbone.adapter.adapter_layer5.latent_head.0.0.bias: 768
2026-07-20 02:03:05,655 [care.py] => backbone.adapter.adapter_layer5.latent_head.0.1.weight: 38400
2026-07-20 02:03:05,655 [care.py] => backbone.adapter.adapter_layer5.latent_head.0.1.bias: 50
2026-07-20 02:03:05,655 [care.py] => backbone.adapter.adapter_layer6.keys: 1024
2026-07-20 02:03:05,655 [care.py] => backbone.adapter.adapter_layer6.down: 98304
2026-07-20 02:03:05,655 [care.py] => backbone.adapter.adapter_layer6.up: 98304
2026-07-20 02:03:05,655 [care.py] => backbone.adapter.adapter_layer6.scale: 768
2026-07-20 02:03:05,655 [care.py] => backbone.adapter.adapter_layer6.input_norm.weight: 768
2026-07-20 02:03:05,655 [care.py] => backbone.adapter.adapter_layer6.input_norm.bias: 768
2026-07-20 02:03:05,655 [care.py] => backbone.adapter.adapter_layer6.query.weight: 98304
2026-07-20 02:03:05,655 [care.py] => backbone.adapter.adapter_layer6.latent_head.0.0.weight: 768
2026-07-20 02:03:05,655 [care.py] => backbone.adapter.adapter_layer6.latent_head.0.0.bias: 768
2026-07-20 02:03:05,655 [care.py] => backbone.adapter.adapter_layer6.latent_head.0.1.weight: 38400
2026-07-20 02:03:05,655 [care.py] => backbone.adapter.adapter_layer6.latent_head.0.1.bias: 50
2026-07-20 02:03:05,655 [care.py] => backbone.adapter.adapter_layer7.keys: 1024
2026-07-20 02:03:05,655 [care.py] => backbone.adapter.adapter_layer7.down: 98304
2026-07-20 02:03:05,655 [care.py] => backbone.adapter.adapter_layer7.up: 98304
2026-07-20 02:03:05,655 [care.py] => backbone.adapter.adapter_layer7.scale: 768
2026-07-20 02:03:05,655 [care.py] => backbone.adapter.adapter_layer7.input_norm.weight: 768
2026-07-20 02:03:05,655 [care.py] => backbone.adapter.adapter_layer7.input_norm.bias: 768
2026-07-20 02:03:05,655 [care.py] => backbone.adapter.adapter_layer7.query.weight: 98304
2026-07-20 02:03:05,655 [care.py] => backbone.adapter.adapter_layer7.latent_head.0.0.weight: 768
2026-07-20 02:03:05,656 [care.py] => backbone.adapter.adapter_layer7.latent_head.0.0.bias: 768
2026-07-20 02:03:05,656 [care.py] => backbone.adapter.adapter_layer7.latent_head.0.1.weight: 38400
2026-07-20 02:03:05,656 [care.py] => backbone.adapter.adapter_layer7.latent_head.0.1.bias: 50
2026-07-20 02:03:05,656 [care.py] => backbone.adapter.adapter_layer8.keys: 1024
2026-07-20 02:03:05,656 [care.py] => backbone.adapter.adapter_layer8.down: 98304
2026-07-20 02:03:05,656 [care.py] => backbone.adapter.adapter_layer8.up: 98304
2026-07-20 02:03:05,656 [care.py] => backbone.adapter.adapter_layer8.scale: 768
2026-07-20 02:03:05,656 [care.py] => backbone.adapter.adapter_layer8.input_norm.weight: 768
2026-07-20 02:03:05,656 [care.py] => backbone.adapter.adapter_layer8.input_norm.bias: 768
2026-07-20 02:03:05,656 [care.py] => backbone.adapter.adapter_layer8.query.weight: 98304
2026-07-20 02:03:05,656 [care.py] => backbone.adapter.adapter_layer8.latent_head.0.0.weight: 768
2026-07-20 02:03:05,656 [care.py] => backbone.adapter.adapter_layer8.latent_head.0.0.bias: 768
2026-07-20 02:03:05,656 [care.py] => backbone.adapter.adapter_layer8.latent_head.0.1.weight: 38400
2026-07-20 02:03:05,656 [care.py] => backbone.adapter.adapter_layer8.latent_head.0.1.bias: 50
2026-07-20 02:03:05,656 [care.py] => backbone.adapter.adapter_layer9.keys: 1024
2026-07-20 02:03:05,656 [care.py] => backbone.adapter.adapter_layer9.down: 98304
2026-07-20 02:03:05,656 [care.py] => backbone.adapter.adapter_layer9.up: 98304
2026-07-20 02:03:05,656 [care.py] => backbone.adapter.adapter_layer9.scale: 768
2026-07-20 02:03:05,656 [care.py] => backbone.adapter.adapter_layer9.input_norm.weight: 768
2026-07-20 02:03:05,656 [care.py] => backbone.adapter.adapter_layer9.input_norm.bias: 768
2026-07-20 02:03:05,656 [care.py] => backbone.adapter.adapter_layer9.query.weight: 98304
2026-07-20 02:03:05,656 [care.py] => backbone.adapter.adapter_layer9.latent_head.0.0.weight: 768
2026-07-20 02:03:05,656 [care.py] => backbone.adapter.adapter_layer9.latent_head.0.0.bias: 768
2026-07-20 02:03:05,656 [care.py] => backbone.adapter.adapter_layer9.latent_head.0.1.weight: 38400
2026-07-20 02:03:05,656 [care.py] => backbone.adapter.adapter_layer9.latent_head.0.1.bias: 50
2026-07-20 02:03:05,656 [care.py] => backbone.adapter.adapter_layer10.keys: 1024
2026-07-20 02:03:05,656 [care.py] => backbone.adapter.adapter_layer10.down: 98304
2026-07-20 02:03:05,656 [care.py] => backbone.adapter.adapter_layer10.up: 98304
2026-07-20 02:03:05,656 [care.py] => backbone.adapter.adapter_layer10.scale: 768
2026-07-20 02:03:05,656 [care.py] => backbone.adapter.adapter_layer10.input_norm.weight: 768
2026-07-20 02:03:05,656 [care.py] => backbone.adapter.adapter_layer10.input_norm.bias: 768
2026-07-20 02:03:05,656 [care.py] => backbone.adapter.adapter_layer10.query.weight: 98304
2026-07-20 02:03:05,656 [care.py] => backbone.adapter.adapter_layer10.latent_head.0.0.weight: 768
2026-07-20 02:03:05,656 [care.py] => backbone.adapter.adapter_layer10.latent_head.0.0.bias: 768
2026-07-20 02:03:05,656 [care.py] => backbone.adapter.adapter_layer10.latent_head.0.1.weight: 38400
2026-07-20 02:03:05,656 [care.py] => backbone.adapter.adapter_layer10.latent_head.0.1.bias: 50
2026-07-20 02:03:05,656 [care.py] => backbone.adapter.adapter_layer11.keys: 1024
2026-07-20 02:03:05,656 [care.py] => backbone.adapter.adapter_layer11.down: 98304
2026-07-20 02:03:05,656 [care.py] => backbone.adapter.adapter_layer11.up: 98304
2026-07-20 02:03:05,657 [care.py] => backbone.adapter.adapter_layer11.scale: 768
2026-07-20 02:03:05,657 [care.py] => backbone.adapter.adapter_layer11.input_norm.weight: 768
2026-07-20 02:03:05,657 [care.py] => backbone.adapter.adapter_layer11.input_norm.bias: 768
2026-07-20 02:03:05,657 [care.py] => backbone.adapter.adapter_layer11.query.weight: 98304
2026-07-20 02:03:05,657 [care.py] => backbone.adapter.adapter_layer11.latent_head.0.0.weight: 768
2026-07-20 02:03:05,657 [care.py] => backbone.adapter.adapter_layer11.latent_head.0.0.bias: 768
2026-07-20 02:03:05,657 [care.py] => backbone.adapter.adapter_layer11.latent_head.0.1.weight: 38400
2026-07-20 02:03:05,657 [care.py] => backbone.adapter.adapter_layer11.latent_head.0.1.bias: 50
2026-07-20 02:03:05,657 [trainer.py] => Train Augmentation [RandomResizedCrop(size=(256, 256), scale=(0.08, 1.0), ratio=(0.75, 1.3333), interpolation=bicubic, antialias=True), CenterCrop(size=(224, 224)), RandomHorizontalFlip(p=0.5), ColorJitter(brightness=(0.75, 1.25), contrast=None, saturation=None, hue=None), ToTensor(), Normalize(mean=[0.5, 0.5, 0.5], std=[0.5, 0.5, 0.5])]
2026-07-20 02:03:05,657 [trainer.py] => Test Augmentation [Resize(size=256, interpolation=bicubic, max_size=None, antialias=True), CenterCrop(size=(224, 224)), ToTensor(), Normalize(mean=[0.5, 0.5, 0.5], std=[0.5, 0.5, 0.5])]
2026-07-20 02:03:05,657 [trainer.py] => All params: 89934268
2026-07-20 02:03:05,658 [trainer.py] => Trainable params: 4135612
2026-07-20 02:03:05,659 [care.py] => Learning on 0-50
2026-07-20 02:03:45,949 [care.py] => Task 0, Epoch 1/1 => LR 0.00e+00 Loss 2.859/1.089/1.770, Train_accy 71.21
2026-07-20 02:03:45,952 [care.py] => Adapter diagnostics: {'adapter_layer0': {'route_entropy': 0.25568732421875, 'slot_load': [0.2282799929380417, 0.014560000039637089, 0.2131199985742569, 0.10075999796390533, 1.0, 0.007799999788403511, 0.3025999963283539, 0.13288000226020813], 'dead_slots': 0, 'negative_weight_fraction': 0.0}, 'adapter_layer1': {'route_entropy': 0.498073984375, 'slot_load': [0.9959200024604797, 0.029999999329447746, 0.012279999442398548, 0.038599997758865356, 0.011760000139474869, 0.6708799600601196, 0.018439998850226402, 0.2221199870109558], 'dead_slots': 0, 'negative_weight_fraction': 0.0}, 'adapter_layer2': {'route_entropy': 0.30226265625, 'slot_load': [0.216279998421669, 0.03500000014901161, 0.03351999819278717, 0.012759999372065067, 0.9999199509620667, 0.0, 0.702519953250885, 0.0], 'dead_slots': 2, 'negative_weight_fraction': 0.0}, 'adapter_layer3': {'route_entropy': 0.27109955078125, 'slot_load': [0.17243999242782593, 0.1717199981212616, 0.1024399995803833, 0.059759996831417084, 0.3834399878978729, 0.023879999294877052, 0.08755999803543091, 0.9987599849700928], 'dead_slots': 0, 'negative_weight_fraction': 0.0}, 'adapter_layer4': {'route_entropy': 0.3335831640625, 'slot_load': [0.0018399999244138598, 0.06703999638557434, 0.48391997814178467, 0.0047599999234080315, 0.9989999532699585, 0.3103199899196625, 0.1273999959230423, 0.00571999978274107], 'dead_slots': 0, 'negative_weight_fraction': 0.0}, 'adapter_layer5': {'route_entropy': 0.3409903515625, 'slot_load': [7.999999797903001e-05, 0.17576000094413757, 0.057079996913671494, 0.0022399998269975185, 0.011839999817311764, 0.9831599593162537, 0.16527999937534332, 0.6045599579811096], 'dead_slots': 0, 'negative_weight_fraction': 0.0}, 'adapter_layer6': {'route_entropy': 0.32893546875, 'slot_load': [0.05435999855399132, 0.9923999905586243, 3.9999998989515007e-05, 0.0011599999852478504, 0.7935199737548828, 0.0647599995136261, 0.09312000125646591, 0.0006399999838322401], 'dead_slots': 0, 'negative_weight_fraction': 0.0}, 'adapter_layer7': {'route_entropy': 0.38030703125, 'slot_load': [0.38967999815940857, 0.31251999735832214, 0.028999999165534973, 0.19995999336242676, 0.03783999755978584, 0.9999199509620667, 0.0, 0.03108000010251999], 'dead_slots': 1, 'negative_weight_fraction': 0.0}, 'adapter_layer8': {'route_entropy': 0.3423566796875, 'slot_load': [0.0005999999702908099, 0.04095999896526337, 0.09303999692201614, 0.9985599517822266, 0.20759999752044678, 0.0004799999878741801, 0.6584799885749817, 0.0002799999783746898], 'dead_slots': 0, 'negative_weight_fraction': 0.0}, 'adapter_layer9': {'route_entropy': 0.33016234375, 'slot_load': [0.00011999999696854502, 0.6785599589347839, 0.25067999958992004, 0.0, 0.021080000326037407, 0.026200000196695328, 0.9961599707603455, 0.02719999849796295], 'dead_slots': 1, 'negative_weight_fraction': 0.0}, 'adapter_layer10': {'route_entropy': 0.3559514453125, 'slot_load': [0.9784799814224243, 0.5508800148963928, 0.3875599801540375, 0.008719999343156815, 7.999999797903001e-05, 0.010239999741315842, 0.061079997569322586, 0.002959999954327941], 'dead_slots': 0, 'negative_weight_fraction': 0.0}, 'adapter_layer11': {'route_entropy': 0.560990234375, 'slot_load': [0.21323999762535095, 0.1847199946641922, 0.8958799839019775, 0.2043999880552292, 0.11275999993085861, 0.06808000057935715, 0.11620000004768372, 0.20471999049186707], 'dead_slots': 0, 'negative_weight_fraction': 0.0}}
2026-07-20 02:05:34,010 [trainer.py] => No NME accuracy.
2026-07-20 02:05:34,010 [trainer.py] => CNN: {'total': np.float64(91.22), '00-49': np.float64(91.22), 'old': 0, 'new': np.float64(91.22)}
2026-07-20 02:05:34,010 [trainer.py] => CNN top1 curve: [np.float64(91.22)]
2026-07-20 02:05:34,010 [trainer.py] => CNN top5 curve: [np.float64(98.94)]

2026-07-20 02:05:34,010 [trainer.py] => Average Accuracy (CNN): 91.22 

2026-07-20 02:05:34,011 [trainer.py] => All params: 89972668
2026-07-20 02:05:34,012 [trainer.py] => Trainable params: 4174012
2026-07-20 02:05:34,013 [care.py] => Learning on 50-100
2026-07-20 02:06:13,677 [care.py] => Task 1, Epoch 1/1 => LR 2.50e-02 Loss 2.425/0.866/1.560, Train_accy 71.71
2026-07-20 02:06:13,679 [care.py] => Adapter diagnostics: {'adapter_layer0': {'route_entropy': 0.094510478515625, 'slot_load': [0.36640000343322754, 0.00015999999595806003, 0.07756000012159348, 0.25279998779296875, 1.0, 0.004639999940991402, 0.09619999676942825, 0.202239990234375], 'dead_slots': 0, 'negative_weight_fraction': 0.0}, 'adapter_layer1': {'route_entropy': 0.11661892578125, 'slot_load': [1.0, 0.5203199982643127, 0.023799998685717583, 0.16171999275684357, 0.09319999814033508, 0.029239999130368233, 0.018160000443458557, 0.15355999767780304], 'dead_slots': 0, 'negative_weight_fraction': 0.0}, 'adapter_layer2': {'route_entropy': 0.22691955078125, 'slot_load': [0.0, 0.0016799999866634607, 0.0, 0.0, 1.0, 0.0, 0.9983199834823608, 0.0], 'dead_slots': 5, 'negative_weight_fraction': 0.0}, 'adapter_layer3': {'route_entropy': 0.110783837890625, 'slot_load': [0.6040799617767334, 0.002360000042244792, 0.2308799922466278, 0.02459999918937683, 0.029600000008940697, 0.0, 0.10847999900579453, 1.0], 'dead_slots': 1, 'negative_weight_fraction': 0.0}, 'adapter_layer4': {'route_entropy': 0.1922140625, 'slot_load': [3.9999998989515007e-05, 0.03328000009059906, 0.9595999717712402, 0.007079999893903732, 1.0, 0.0, 0.0, 0.0], 'dead_slots': 3, 'negative_weight_fraction': 0.0}, 'adapter_layer5': {'route_entropy': 0.2290921875, 'slot_load': [0.0, 0.00023999999393709004, 0.0, 0.0, 0.4027999937534332, 1.0, 0.003599999938160181, 0.5933600068092346], 'dead_slots': 3, 'negative_weight_fraction': 0.0}, 'adapter_layer6': {'route_entropy': 0.24709701171875, 'slot_load': [0.9678799510002136, 1.0, 7.999999797903001e-05, 3.9999998989515007e-05, 0.03195999935269356, 3.9999998989515007e-05, 0.0, 0.0], 'dead_slots': 2, 'negative_weight_fraction': 0.0}, 'adapter_layer7': {'route_entropy': 0.223656953125, 'slot_load': [0.027719998732209206, 0.005679999943822622, 0.0, 0.9505999684333801, 0.0, 1.0, 0.0, 0.01599999889731407], 'dead_slots': 3, 'negative_weight_fraction': 0.0}, 'adapter_layer8': {'route_entropy': 0.24722083984375, 'slot_load': [0.0, 0.8204799890518188, 0.0, 1.0, 0.0, 0.0, 0.17951999604701996, 0.0], 'dead_slots': 5, 'negative_weight_fraction': 0.0}, 'adapter_layer9': {'route_entropy': 0.24650458984375, 'slot_load': [0.0, 0.024039998650550842, 0.0, 0.0, 0.6924399733543396, 0.283519983291626, 1.0, 0.0], 'dead_slots': 4, 'negative_weight_fraction': 0.0}, 'adapter_layer10': {'route_entropy': 0.2119739453125, 'slot_load': [1.0, 0.9843999743461609, 0.0, 0.0, 0.0, 0.0, 0.0, 0.015599999576807022], 'dead_slots': 5, 'negative_weight_fraction': 0.0}, 'adapter_layer11': {'route_entropy': 0.3843747265625, 'slot_load': [0.0, 7.999999797903001e-05, 1.0, 0.6981599926948547, 0.0009999999310821295, 0.29947999119758606, 0.0, 0.0012799999676644802], 'dead_slots': 2, 'negative_weight_fraction': 0.0}}
2026-07-20 02:07:51,364 [care.py] => Task 1, Epoch 1/1 => Loss 0.249, CA_accy 95.44
2026-07-20 02:08:30,759 [care.py] => Task 1, Epoch 1/1 => LR 0.00e+00 Loss 1.951/0.656/1.295, Train_accy 77.38
2026-07-20 02:08:30,761 [care.py] => Adapter diagnostics: {'adapter_layer0': {'route_entropy': 0.157988330078125, 'slot_load': [0.0, 0.0, 0.0024800000246614218, 0.08100000023841858, 1.0, 0.0, 0.008559999987483025, 0.9079599976539612], 'dead_slots': 3, 'negative_weight_fraction': 0.0}, 'adapter_layer1': {'route_entropy': 0.05259373046875, 'slot_load': [1.0, 0.0, 0.0, 7.999999797903001e-05, 0.9490799903869629, 0.050839997828006744, 0.0, 0.0], 'dead_slots': 4, 'negative_weight_fraction': 0.0}, 'adapter_layer2': {'route_entropy': 0.1982594140625, 'slot_load': [0.0, 7.999999797903001e-05, 0.0, 0.0, 1.0, 0.0, 0.9999199509620667, 0.0], 'dead_slots': 5, 'negative_weight_fraction': 0.0}, 'adapter_layer3': {'route_entropy': 0.147565849609375, 'slot_load': [0.9651199579238892, 0.0, 0.03359999880194664, 0.0, 0.0012799999676644802, 0.0, 0.0, 1.0], 'dead_slots': 4, 'negative_weight_fraction': 0.0}, 'adapter_layer4': {'route_entropy': 0.3584863671875, 'slot_load': [0.0, 0.9931199550628662, 0.005279999691992998, 0.0015999999595806003, 1.0, 0.0, 0.0, 0.0], 'dead_slots': 4, 'negative_weight_fraction': 0.0}, 'adapter_layer5': {'route_entropy': 0.312052265625, 'slot_load': [0.0, 0.0, 0.0, 0.0, 1.0, 1.0, 0.0, 0.0], 'dead_slots': 6, 'negative_weight_fraction': 0.0}, 'adapter_layer6': {'route_entropy': 0.21555013671875, 'slot_load': [1.0, 1.0, 0.0, 0.0, 0.0, 0.0, 0.0, 0.0], 'dead_slots': 6, 'negative_weight_fraction': 0.0}, 'adapter_layer7': {'route_entropy': 0.20891974609375, 'slot_load': [0.0, 0.0, 0.0, 1.0, 0.0, 1.0, 0.0, 0.0], 'dead_slots': 6, 'negative_weight_fraction': 0.0}, 'adapter_layer8': {'route_entropy': 0.2313630859375, 'slot_load': [0.0, 0.9998799562454224, 0.0, 1.0, 0.0, 0.0, 0.00011999999696854502, 0.0], 'dead_slots': 5, 'negative_weight_fraction': 0.0}, 'adapter_layer9': {'route_entropy': 0.35264921875, 'slot_load': [0.0, 0.0, 0.0, 0.0, 1.0, 0.0, 1.0, 0.0], 'dead_slots': 6, 'negative_weight_fraction': 0.0}, 'adapter_layer10': {'route_entropy': 0.2990414453125, 'slot_load': [1.0, 0.43063998222351074, 0.0, 0.0, 0.0, 0.0, 0.0, 0.5693599581718445], 'dead_slots': 5, 'negative_weight_fraction': 0.0}, 'adapter_layer11': {'route_entropy': 0.324989453125, 'slot_load': [0.0, 0.0, 1.0, 0.3805599808692932, 0.00011999999696854502, 0.6191200017929077, 0.0, 0.00019999999494757503], 'dead_slots': 3, 'negative_weight_fraction': 0.0}}
2026-07-20 02:10:07,668 [care.py] => Task 1, Epoch 1/1 => Loss 0.224, CA_accy 96.15
2026-07-20 02:11:19,515 [trainer.py] => No NME accuracy.
2026-07-20 02:11:19,515 [trainer.py] => CNN: {'total': np.float64(88.89), '00-49': np.float64(88.0), '50-99': np.float64(89.78), 'old': np.float64(88.0), 'new': np.float64(89.78)}
2026-07-20 02:11:19,515 [trainer.py] => CNN top1 curve: [np.float64(91.22), np.float64(88.89)]
2026-07-20 02:11:19,515 [trainer.py] => CNN top5 curve: [np.float64(98.94), np.float64(98.45)]

2026-07-20 02:11:19,515 [trainer.py] => Average Accuracy (CNN): 90.055 

2026-07-20 02:11:19,516 [trainer.py] => Forgetting (CNN): 3.219999999999999
