2026-07-20 02:12:54,623 [trainer.py] => config: exps/cifar100/basis_hard_top2_scale01_balance1_smoke_2task.json
2026-07-20 02:12:54,623 [trainer.py] => prefix: basis_hard_top2_scale01_balance1_smoke_2task
2026-07-20 02:12:54,623 [trainer.py] => dataset: cifar224
2026-07-20 02:12:54,623 [trainer.py] => memory_size: 0
2026-07-20 02:12:54,623 [trainer.py] => memory_per_class: 0
2026-07-20 02:12:54,623 [trainer.py] => fixed_memory: False
2026-07-20 02:12:54,623 [trainer.py] => shuffle: True
2026-07-20 02:12:54,624 [trainer.py] => init_cls: 50
2026-07-20 02:12:54,624 [trainer.py] => increment: 50
2026-07-20 02:12:54,624 [trainer.py] => model_name: care
2026-07-20 02:12:54,624 [trainer.py] => backbone_type: vit_base_patch16_224_in21k_brmoe
2026-07-20 02:12:54,624 [trainer.py] => device: [device(type='cuda', index=7)]
2026-07-20 02:12:54,624 [trainer.py] => seed: 1993
2026-07-20 02:12:54,624 [trainer.py] => tuned_epoch: 1
2026-07-20 02:12:54,624 [trainer.py] => init_lr: 0.05
2026-07-20 02:12:54,624 [trainer.py] => batch_size: 128
2026-07-20 02:12:54,624 [trainer.py] => weight_decay: 0.0005
2026-07-20 02:12:54,624 [trainer.py] => min_lr: 0
2026-07-20 02:12:54,624 [trainer.py] => optimizer: sgd
2026-07-20 02:12:54,624 [trainer.py] => scheduler: cosine
2026-07-20 02:12:54,624 [trainer.py] => init_milestones: [1]
2026-07-20 02:12:54,624 [trainer.py] => init_lr_decay: 0.1
2026-07-20 02:12:54,624 [trainer.py] => crct_epochs: 1
2026-07-20 02:12:54,624 [trainer.py] => ca_lr: 0.005
2026-07-20 02:12:54,624 [trainer.py] => ca_storage_efficient_method: covariance
2026-07-20 02:12:54,624 [trainer.py] => ca_storage_efficient_method_choices: ['covariance', 'variance']
2026-07-20 02:12:54,624 [trainer.py] => decay: False
2026-07-20 02:12:54,624 [trainer.py] => pretrained: True
2026-07-20 02:12:54,624 [trainer.py] => scale: 20
2026-07-20 02:12:54,624 [trainer.py] => m: 0
2026-07-20 02:12:54,624 [trainer.py] => drop: 0
2026-07-20 02:12:54,624 [trainer.py] => drop_path: 0
2026-07-20 02:12:54,624 [trainer.py] => memory_mode: hard_top2
2026-07-20 02:12:54,624 [trainer.py] => basis_count: 8
2026-07-20 02:12:54,624 [trainer.py] => basis_rank: 16
2026-07-20 02:12:54,624 [trainer.py] => basis_key_dim: 128
2026-07-20 02:12:54,624 [trainer.py] => router_temperature: 0.2
2026-07-20 02:12:54,624 [trainer.py] => balance_temperature: 0.2
2026-07-20 02:12:54,624 [trainer.py] => router_balance_weight: 1.0
2026-07-20 02:12:54,624 [trainer.py] => basis_init_scale: 0.1
2026-07-20 02:12:54,624 [trainer.py] => use_shared_adapter: False
2026-07-20 02:12:54,624 [trainer.py] => amp: True
2026-07-20 02:12:56,119 [data_manager.py] => [68, 56, 78, 8, 23, 84, 90, 65, 74, 76, 40, 89, 3, 92, 55, 9, 26, 80, 43, 38, 58, 70, 77, 1, 85, 19, 17, 50, 28, 53, 13, 81, 45, 82, 6, 59, 83, 16, 15, 44, 91, 41, 72, 60, 79, 52, 20, 10, 31, 54, 37, 95, 14, 71, 96, 98, 97, 2, 64, 66, 42, 22, 35, 86, 24, 34, 87, 21, 99, 0, 88, 27, 18, 94, 11, 12, 47, 25, 30, 46, 62, 69, 36, 61, 7, 63, 75, 5, 32, 4, 51, 48, 73, 93, 39, 67, 29, 49, 57, 33]
2026-07-20 02:12:59,076 [_builder.py] => Loading pretrained weights from Hugging Face hub (timm/vit_base_patch16_224.orig_in21k)
2026-07-20 02:12:59,384 [_hub.py] => [timm/vit_base_patch16_224.orig_in21k] Safe alternative available for 'pytorch_model.bin' (as 'model.safetensors'). Loading weights using safetensors.
2026-07-20 02:12:59,409 [_builder.py] => Missing keys (head.weight, head.bias) discovered while loading pretrained weights. This is expected if model is being adapted.
2026-07-20 02:12:59,476 [care.py] => Training with Automatic Mixed Precision
2026-07-20 02:12:59,478 [care.py] => 89,934,268 model total parameters.
2026-07-20 02:12:59,479 [care.py] => 4,135,612 model training parameters.
2026-07-20 02:12:59,479 [care.py] => backbone.head.weight: 76800
2026-07-20 02:12:59,479 [care.py] => backbone.head.bias: 100
2026-07-20 02:12:59,479 [care.py] => backbone.adapter.adapter_layer0.keys: 1024
2026-07-20 02:12:59,479 [care.py] => backbone.adapter.adapter_layer0.down: 98304
2026-07-20 02:12:59,479 [care.py] => backbone.adapter.adapter_layer0.up: 98304
2026-07-20 02:12:59,479 [care.py] => backbone.adapter.adapter_layer0.scale: 768
2026-07-20 02:12:59,479 [care.py] => backbone.adapter.adapter_layer0.input_norm.weight: 768
2026-07-20 02:12:59,479 [care.py] => backbone.adapter.adapter_layer0.input_norm.bias: 768
2026-07-20 02:12:59,480 [care.py] => backbone.adapter.adapter_layer0.query.weight: 98304
2026-07-20 02:12:59,480 [care.py] => backbone.adapter.adapter_layer0.latent_head.0.0.weight: 768
2026-07-20 02:12:59,480 [care.py] => backbone.adapter.adapter_layer0.latent_head.0.0.bias: 768
2026-07-20 02:12:59,480 [care.py] => backbone.adapter.adapter_layer0.latent_head.0.1.weight: 38400
2026-07-20 02:12:59,480 [care.py] => backbone.adapter.adapter_layer0.latent_head.0.1.bias: 50
2026-07-20 02:12:59,480 [care.py] => backbone.adapter.adapter_layer1.keys: 1024
2026-07-20 02:12:59,480 [care.py] => backbone.adapter.adapter_layer1.down: 98304
2026-07-20 02:12:59,480 [care.py] => backbone.adapter.adapter_layer1.up: 98304
2026-07-20 02:12:59,480 [care.py] => backbone.adapter.adapter_layer1.scale: 768
2026-07-20 02:12:59,480 [care.py] => backbone.adapter.adapter_layer1.input_norm.weight: 768
2026-07-20 02:12:59,480 [care.py] => backbone.adapter.adapter_layer1.input_norm.bias: 768
2026-07-20 02:12:59,480 [care.py] => backbone.adapter.adapter_layer1.query.weight: 98304
2026-07-20 02:12:59,480 [care.py] => backbone.adapter.adapter_layer1.latent_head.0.0.weight: 768
2026-07-20 02:12:59,480 [care.py] => backbone.adapter.adapter_layer1.latent_head.0.0.bias: 768
2026-07-20 02:12:59,480 [care.py] => backbone.adapter.adapter_layer1.latent_head.0.1.weight: 38400
2026-07-20 02:12:59,480 [care.py] => backbone.adapter.adapter_layer1.latent_head.0.1.bias: 50
2026-07-20 02:12:59,480 [care.py] => backbone.adapter.adapter_layer2.keys: 1024
2026-07-20 02:12:59,480 [care.py] => backbone.adapter.adapter_layer2.down: 98304
2026-07-20 02:12:59,480 [care.py] => backbone.adapter.adapter_layer2.up: 98304
2026-07-20 02:12:59,480 [care.py] => backbone.adapter.adapter_layer2.scale: 768
2026-07-20 02:12:59,480 [care.py] => backbone.adapter.adapter_layer2.input_norm.weight: 768
2026-07-20 02:12:59,480 [care.py] => backbone.adapter.adapter_layer2.input_norm.bias: 768
2026-07-20 02:12:59,480 [care.py] => backbone.adapter.adapter_layer2.query.weight: 98304
2026-07-20 02:12:59,480 [care.py] => backbone.adapter.adapter_layer2.latent_head.0.0.weight: 768
2026-07-20 02:12:59,480 [care.py] => backbone.adapter.adapter_layer2.latent_head.0.0.bias: 768
2026-07-20 02:12:59,480 [care.py] => backbone.adapter.adapter_layer2.latent_head.0.1.weight: 38400
2026-07-20 02:12:59,480 [care.py] => backbone.adapter.adapter_layer2.latent_head.0.1.bias: 50
2026-07-20 02:12:59,480 [care.py] => backbone.adapter.adapter_layer3.keys: 1024
2026-07-20 02:12:59,481 [care.py] => backbone.adapter.adapter_layer3.down: 98304
2026-07-20 02:12:59,481 [care.py] => backbone.adapter.adapter_layer3.up: 98304
2026-07-20 02:12:59,481 [care.py] => backbone.adapter.adapter_layer3.scale: 768
2026-07-20 02:12:59,481 [care.py] => backbone.adapter.adapter_layer3.input_norm.weight: 768
2026-07-20 02:12:59,481 [care.py] => backbone.adapter.adapter_layer3.input_norm.bias: 768
2026-07-20 02:12:59,481 [care.py] => backbone.adapter.adapter_layer3.query.weight: 98304
2026-07-20 02:12:59,481 [care.py] => backbone.adapter.adapter_layer3.latent_head.0.0.weight: 768
2026-07-20 02:12:59,481 [care.py] => backbone.adapter.adapter_layer3.latent_head.0.0.bias: 768
2026-07-20 02:12:59,481 [care.py] => backbone.adapter.adapter_layer3.latent_head.0.1.weight: 38400
2026-07-20 02:12:59,481 [care.py] => backbone.adapter.adapter_layer3.latent_head.0.1.bias: 50
2026-07-20 02:12:59,481 [care.py] => backbone.adapter.adapter_layer4.keys: 1024
2026-07-20 02:12:59,481 [care.py] => backbone.adapter.adapter_layer4.down: 98304
2026-07-20 02:12:59,481 [care.py] => backbone.adapter.adapter_layer4.up: 98304
2026-07-20 02:12:59,481 [care.py] => backbone.adapter.adapter_layer4.scale: 768
2026-07-20 02:12:59,481 [care.py] => backbone.adapter.adapter_layer4.input_norm.weight: 768
2026-07-20 02:12:59,481 [care.py] => backbone.adapter.adapter_layer4.input_norm.bias: 768
2026-07-20 02:12:59,481 [care.py] => backbone.adapter.adapter_layer4.query.weight: 98304
2026-07-20 02:12:59,481 [care.py] => backbone.adapter.adapter_layer4.latent_head.0.0.weight: 768
2026-07-20 02:12:59,481 [care.py] => backbone.adapter.adapter_layer4.latent_head.0.0.bias: 768
2026-07-20 02:12:59,481 [care.py] => backbone.adapter.adapter_layer4.latent_head.0.1.weight: 38400
2026-07-20 02:12:59,481 [care.py] => backbone.adapter.adapter_layer4.latent_head.0.1.bias: 50
2026-07-20 02:12:59,481 [care.py] => backbone.adapter.adapter_layer5.keys: 1024
2026-07-20 02:12:59,481 [care.py] => backbone.adapter.adapter_layer5.down: 98304
2026-07-20 02:12:59,481 [care.py] => backbone.adapter.adapter_layer5.up: 98304
2026-07-20 02:12:59,481 [care.py] => backbone.adapter.adapter_layer5.scale: 768
2026-07-20 02:12:59,481 [care.py] => backbone.adapter.adapter_layer5.input_norm.weight: 768
2026-07-20 02:12:59,481 [care.py] => backbone.adapter.adapter_layer5.input_norm.bias: 768
2026-07-20 02:12:59,481 [care.py] => backbone.adapter.adapter_layer5.query.weight: 98304
2026-07-20 02:12:59,482 [care.py] => backbone.adapter.adapter_layer5.latent_head.0.0.weight: 768
2026-07-20 02:12:59,482 [care.py] => backbone.adapter.adapter_layer5.latent_head.0.0.bias: 768
2026-07-20 02:12:59,482 [care.py] => backbone.adapter.adapter_layer5.latent_head.0.1.weight: 38400
2026-07-20 02:12:59,482 [care.py] => backbone.adapter.adapter_layer5.latent_head.0.1.bias: 50
2026-07-20 02:12:59,482 [care.py] => backbone.adapter.adapter_layer6.keys: 1024
2026-07-20 02:12:59,482 [care.py] => backbone.adapter.adapter_layer6.down: 98304
2026-07-20 02:12:59,482 [care.py] => backbone.adapter.adapter_layer6.up: 98304
2026-07-20 02:12:59,482 [care.py] => backbone.adapter.adapter_layer6.scale: 768
2026-07-20 02:12:59,482 [care.py] => backbone.adapter.adapter_layer6.input_norm.weight: 768
2026-07-20 02:12:59,482 [care.py] => backbone.adapter.adapter_layer6.input_norm.bias: 768
2026-07-20 02:12:59,482 [care.py] => backbone.adapter.adapter_layer6.query.weight: 98304
2026-07-20 02:12:59,482 [care.py] => backbone.adapter.adapter_layer6.latent_head.0.0.weight: 768
2026-07-20 02:12:59,482 [care.py] => backbone.adapter.adapter_layer6.latent_head.0.0.bias: 768
2026-07-20 02:12:59,482 [care.py] => backbone.adapter.adapter_layer6.latent_head.0.1.weight: 38400
2026-07-20 02:12:59,482 [care.py] => backbone.adapter.adapter_layer6.latent_head.0.1.bias: 50
2026-07-20 02:12:59,482 [care.py] => backbone.adapter.adapter_layer7.keys: 1024
2026-07-20 02:12:59,482 [care.py] => backbone.adapter.adapter_layer7.down: 98304
2026-07-20 02:12:59,482 [care.py] => backbone.adapter.adapter_layer7.up: 98304
2026-07-20 02:12:59,482 [care.py] => backbone.adapter.adapter_layer7.scale: 768
2026-07-20 02:12:59,482 [care.py] => backbone.adapter.adapter_layer7.input_norm.weight: 768
2026-07-20 02:12:59,482 [care.py] => backbone.adapter.adapter_layer7.input_norm.bias: 768
2026-07-20 02:12:59,482 [care.py] => backbone.adapter.adapter_layer7.query.weight: 98304
2026-07-20 02:12:59,482 [care.py] => backbone.adapter.adapter_layer7.latent_head.0.0.weight: 768
2026-07-20 02:12:59,482 [care.py] => backbone.adapter.adapter_layer7.latent_head.0.0.bias: 768
2026-07-20 02:12:59,482 [care.py] => backbone.adapter.adapter_layer7.latent_head.0.1.weight: 38400
2026-07-20 02:12:59,482 [care.py] => backbone.adapter.adapter_layer7.latent_head.0.1.bias: 50
2026-07-20 02:12:59,482 [care.py] => backbone.adapter.adapter_layer8.keys: 1024
2026-07-20 02:12:59,482 [care.py] => backbone.adapter.adapter_layer8.down: 98304
2026-07-20 02:12:59,482 [care.py] => backbone.adapter.adapter_layer8.up: 98304
2026-07-20 02:12:59,482 [care.py] => backbone.adapter.adapter_layer8.scale: 768
2026-07-20 02:12:59,482 [care.py] => backbone.adapter.adapter_layer8.input_norm.weight: 768
2026-07-20 02:12:59,483 [care.py] => backbone.adapter.adapter_layer8.input_norm.bias: 768
2026-07-20 02:12:59,483 [care.py] => backbone.adapter.adapter_layer8.query.weight: 98304
2026-07-20 02:12:59,483 [care.py] => backbone.adapter.adapter_layer8.latent_head.0.0.weight: 768
2026-07-20 02:12:59,483 [care.py] => backbone.adapter.adapter_layer8.latent_head.0.0.bias: 768
2026-07-20 02:12:59,483 [care.py] => backbone.adapter.adapter_layer8.latent_head.0.1.weight: 38400
2026-07-20 02:12:59,483 [care.py] => backbone.adapter.adapter_layer8.latent_head.0.1.bias: 50
2026-07-20 02:12:59,483 [care.py] => backbone.adapter.adapter_layer9.keys: 1024
2026-07-20 02:12:59,483 [care.py] => backbone.adapter.adapter_layer9.down: 98304
2026-07-20 02:12:59,483 [care.py] => backbone.adapter.adapter_layer9.up: 98304
2026-07-20 02:12:59,483 [care.py] => backbone.adapter.adapter_layer9.scale: 768
2026-07-20 02:12:59,483 [care.py] => backbone.adapter.adapter_layer9.input_norm.weight: 768
2026-07-20 02:12:59,483 [care.py] => backbone.adapter.adapter_layer9.input_norm.bias: 768
2026-07-20 02:12:59,483 [care.py] => backbone.adapter.adapter_layer9.query.weight: 98304
2026-07-20 02:12:59,483 [care.py] => backbone.adapter.adapter_layer9.latent_head.0.0.weight: 768
2026-07-20 02:12:59,483 [care.py] => backbone.adapter.adapter_layer9.latent_head.0.0.bias: 768
2026-07-20 02:12:59,483 [care.py] => backbone.adapter.adapter_layer9.latent_head.0.1.weight: 38400
2026-07-20 02:12:59,483 [care.py] => backbone.adapter.adapter_layer9.latent_head.0.1.bias: 50
2026-07-20 02:12:59,483 [care.py] => backbone.adapter.adapter_layer10.keys: 1024
2026-07-20 02:12:59,483 [care.py] => backbone.adapter.adapter_layer10.down: 98304
2026-07-20 02:12:59,483 [care.py] => backbone.adapter.adapter_layer10.up: 98304
2026-07-20 02:12:59,483 [care.py] => backbone.adapter.adapter_layer10.scale: 768
2026-07-20 02:12:59,483 [care.py] => backbone.adapter.adapter_layer10.input_norm.weight: 768
2026-07-20 02:12:59,483 [care.py] => backbone.adapter.adapter_layer10.input_norm.bias: 768
2026-07-20 02:12:59,484 [care.py] => backbone.adapter.adapter_layer10.query.weight: 98304
2026-07-20 02:12:59,484 [care.py] => backbone.adapter.adapter_layer10.latent_head.0.0.weight: 768
2026-07-20 02:12:59,484 [care.py] => backbone.adapter.adapter_layer10.latent_head.0.0.bias: 768
2026-07-20 02:12:59,484 [care.py] => backbone.adapter.adapter_layer10.latent_head.0.1.weight: 38400
2026-07-20 02:12:59,484 [care.py] => backbone.adapter.adapter_layer10.latent_head.0.1.bias: 50
2026-07-20 02:12:59,484 [care.py] => backbone.adapter.adapter_layer11.keys: 1024
2026-07-20 02:12:59,484 [care.py] => backbone.adapter.adapter_layer11.down: 98304
2026-07-20 02:12:59,484 [care.py] => backbone.adapter.adapter_layer11.up: 98304
2026-07-20 02:12:59,484 [care.py] => backbone.adapter.adapter_layer11.scale: 768
2026-07-20 02:12:59,484 [care.py] => backbone.adapter.adapter_layer11.input_norm.weight: 768
2026-07-20 02:12:59,484 [care.py] => backbone.adapter.adapter_layer11.input_norm.bias: 768
2026-07-20 02:12:59,484 [care.py] => backbone.adapter.adapter_layer11.query.weight: 98304
2026-07-20 02:12:59,484 [care.py] => backbone.adapter.adapter_layer11.latent_head.0.0.weight: 768
2026-07-20 02:12:59,484 [care.py] => backbone.adapter.adapter_layer11.latent_head.0.0.bias: 768
2026-07-20 02:12:59,484 [care.py] => backbone.adapter.adapter_layer11.latent_head.0.1.weight: 38400
2026-07-20 02:12:59,484 [care.py] => backbone.adapter.adapter_layer11.latent_head.0.1.bias: 50
2026-07-20 02:12:59,484 [trainer.py] => Train Augmentation [RandomResizedCrop(size=(256, 256), scale=(0.08, 1.0), ratio=(0.75, 1.3333), interpolation=bicubic, antialias=True), CenterCrop(size=(224, 224)), RandomHorizontalFlip(p=0.5), ColorJitter(brightness=(0.75, 1.25), contrast=None, saturation=None, hue=None), ToTensor(), Normalize(mean=[0.5, 0.5, 0.5], std=[0.5, 0.5, 0.5])]
2026-07-20 02:12:59,484 [trainer.py] => Test Augmentation [Resize(size=256, interpolation=bicubic, max_size=None, antialias=True), CenterCrop(size=(224, 224)), ToTensor(), Normalize(mean=[0.5, 0.5, 0.5], std=[0.5, 0.5, 0.5])]
2026-07-20 02:12:59,485 [trainer.py] => All params: 89934268
2026-07-20 02:12:59,486 [trainer.py] => Trainable params: 4135612
2026-07-20 02:12:59,520 [care.py] => Learning on 0-50
2026-07-20 02:13:39,972 [care.py] => Task 0, Epoch 1/1 => LR 0.00e+00 Loss 3.028/1.119/1.900, Train_accy 70.36
2026-07-20 02:13:39,975 [care.py] => Adapter diagnostics: {'adapter_layer0': {'route_entropy': 0.69286765625, 'slot_load': [0.3860799968242645, 0.28115999698638916, 0.17824000120162964, 0.16356000304222107, 0.24247999489307404, 0.3089599907398224, 0.24424000084400177, 0.19528000056743622], 'dead_slots': 0, 'negative_weight_fraction': 0.0}, 'adapter_layer1': {'route_entropy': 0.692798671875, 'slot_load': [0.3418799936771393, 0.3147999942302704, 0.22947999835014343, 0.19731999933719635, 0.2786000072956085, 0.17559999227523804, 0.23527999222278595, 0.22703999280929565], 'dead_slots': 0, 'negative_weight_fraction': 0.0}, 'adapter_layer2': {'route_entropy': 0.692638984375, 'slot_load': [0.23240000009536743, 0.2486799955368042, 0.25676000118255615, 0.2268799990415573, 0.23687998950481415, 0.3030399978160858, 0.2107199877500534, 0.28463998436927795], 'dead_slots': 0, 'negative_weight_fraction': 0.0}, 'adapter_layer3': {'route_entropy': 0.6920453125, 'slot_load': [0.20216000080108643, 0.28095999360084534, 0.23531998693943024, 0.25655999779701233, 0.15403999388217926, 0.20919999480247498, 0.31011998653411865, 0.351639986038208], 'dead_slots': 0, 'negative_weight_fraction': 0.0}, 'adapter_layer4': {'route_entropy': 0.69196671875, 'slot_load': [0.2701999843120575, 0.2850799858570099, 0.25356000661849976, 0.23111999034881592, 0.22755999863147736, 0.2921600043773651, 0.2388399988412857, 0.20148000121116638], 'dead_slots': 0, 'negative_weight_fraction': 0.0}, 'adapter_layer5': {'route_entropy': 0.6915090625, 'slot_load': [0.2309199869632721, 0.23111999034881592, 0.2200399935245514, 0.2725200057029724, 0.2577199935913086, 0.25439998507499695, 0.2590000033378601, 0.27427998185157776], 'dead_slots': 0, 'negative_weight_fraction': 0.0}, 'adapter_layer6': {'route_entropy': 0.691069140625, 'slot_load': [0.23255999386310577, 0.27752000093460083, 0.2380799949169159, 0.26639997959136963, 0.23787999153137207, 0.24075999855995178, 0.2637600004673004, 0.24303999543190002], 'dead_slots': 0, 'negative_weight_fraction': 0.0}, 'adapter_layer7': {'route_entropy': 0.691250859375, 'slot_load': [0.25679999589920044, 0.21687999367713928, 0.23987999558448792, 0.21635998785495758, 0.2867199778556824, 0.24115999042987823, 0.2942799925804138, 0.2479199916124344], 'dead_slots': 0, 'negative_weight_fraction': 0.0}, 'adapter_layer8': {'route_entropy': 0.691747890625, 'slot_load': [0.22143998742103577, 0.24431999027729034, 0.25652000308036804, 0.27559998631477356, 0.2797600030899048, 0.21459999680519104, 0.28643998503685, 0.2213199883699417], 'dead_slots': 0, 'negative_weight_fraction': 0.0}, 'adapter_layer9': {'route_entropy': 0.691678515625, 'slot_load': [0.2881999909877777, 0.24719999730587006, 0.24723999202251434, 0.21623998880386353, 0.3296000063419342, 0.20635999739170074, 0.23483999073505402, 0.23031999170780182], 'dead_slots': 0, 'negative_weight_fraction': 0.0}, 'adapter_layer10': {'route_entropy': 0.691035703125, 'slot_load': [0.25435999035835266, 0.2306399941444397, 0.2725600004196167, 0.22939999401569366, 0.23811998963356018, 0.27083998918533325, 0.271479994058609, 0.23259998857975006], 'dead_slots': 0, 'negative_weight_fraction': 0.0}, 'adapter_layer11': {'route_entropy': 0.686839453125, 'slot_load': [0.2513999938964844, 0.2590000033378601, 0.2337999939918518, 0.22783999145030975, 0.2757200002670288, 0.2038399875164032, 0.27831998467445374, 0.27008000016212463], 'dead_slots': 0, 'negative_weight_fraction': 0.0}}
2026-07-20 02:15:29,450 [trainer.py] => No NME accuracy.
2026-07-20 02:15:29,450 [trainer.py] => CNN: {'total': np.float64(88.44), '00-49': np.float64(88.44), 'old': 0, 'new': np.float64(88.44)}
2026-07-20 02:15:29,450 [trainer.py] => CNN top1 curve: [np.float64(88.44)]
2026-07-20 02:15:29,450 [trainer.py] => CNN top5 curve: [np.float64(98.08)]

2026-07-20 02:15:29,450 [trainer.py] => Average Accuracy (CNN): 88.44 

2026-07-20 02:15:29,451 [trainer.py] => All params: 89972668
2026-07-20 02:15:29,451 [trainer.py] => Trainable params: 4174012
2026-07-20 02:15:29,453 [care.py] => Learning on 50-100
2026-07-20 02:16:09,193 [care.py] => Task 1, Epoch 1/1 => LR 2.50e-02 Loss 3.028/1.119/1.907, Train_accy 63.66
2026-07-20 02:16:09,195 [care.py] => Adapter diagnostics: {'adapter_layer0': {'route_entropy': 0.69136546875, 'slot_load': [0.5550000071525574, 0.23615999519824982, 0.23695999383926392, 0.1319199949502945, 0.18671999871730804, 0.27267998456954956, 0.18667998909950256, 0.19387999176979065], 'dead_slots': 0, 'negative_weight_fraction': 0.0}, 'adapter_layer1': {'route_entropy': 0.691530625, 'slot_load': [0.5933600068092346, 0.2733999788761139, 0.20055998861789703, 0.17080000042915344, 0.21796000003814697, 0.14075998961925507, 0.18191999197006226, 0.22123999893665314], 'dead_slots': 0, 'negative_weight_fraction': 0.0}, 'adapter_layer2': {'route_entropy': 0.692848671875, 'slot_load': [0.22571998834609985, 0.25195997953414917, 0.2500399947166443, 0.2481199949979782, 0.20315998792648315, 0.29495999217033386, 0.22807998955249786, 0.29795998334884644], 'dead_slots': 0, 'negative_weight_fraction': 0.0}, 'adapter_layer3': {'route_entropy': 0.692899375, 'slot_load': [0.21751999855041504, 0.28703999519348145, 0.18196000158786774, 0.26203998923301697, 0.21987999975681305, 0.20960000157356262, 0.30403998494148254, 0.3179199993610382], 'dead_slots': 0, 'negative_weight_fraction': 0.0}, 'adapter_layer4': {'route_entropy': 0.69236625, 'slot_load': [0.2809999883174896, 0.28307998180389404, 0.25415998697280884, 0.230119988322258, 0.23315998911857605, 0.28835999965667725, 0.23019999265670776, 0.19991999864578247], 'dead_slots': 0, 'negative_weight_fraction': 0.0}, 'adapter_layer5': {'route_entropy': 0.692008984375, 'slot_load': [0.22499999403953552, 0.23923999071121216, 0.22575999796390533, 0.2925199866294861, 0.24083998799324036, 0.25443997979164124, 0.25779998302459717, 0.26440000534057617], 'dead_slots': 0, 'negative_weight_fraction': 0.0}, 'adapter_layer6': {'route_entropy': 0.691860234375, 'slot_load': [0.2322399914264679, 0.26895999908447266, 0.24403999745845795, 0.26236000657081604, 0.22419999539852142, 0.2531599998474121, 0.2702399790287018, 0.24479998648166656], 'dead_slots': 0, 'negative_weight_fraction': 0.0}, 'adapter_layer7': {'route_entropy': 0.691629375, 'slot_load': [0.27699998021125793, 0.2000799924135208, 0.23335999250411987, 0.2274799942970276, 0.2932399809360504, 0.2268799990415573, 0.29284000396728516, 0.24911999702453613], 'dead_slots': 0, 'negative_weight_fraction': 0.0}, 'adapter_layer8': {'route_entropy': 0.692217421875, 'slot_load': [0.22168000042438507, 0.23984000086784363, 0.26556000113487244, 0.2821999788284302, 0.23707999289035797, 0.2287599891424179, 0.3057999908924103, 0.21908000111579895], 'dead_slots': 0, 'negative_weight_fraction': 0.0}, 'adapter_layer9': {'route_entropy': 0.69205296875, 'slot_load': [0.2778399884700775, 0.2862800061702728, 0.24591998755931854, 0.21571999788284302, 0.3174799978733063, 0.21223999559879303, 0.22195999324321747, 0.22255998849868774], 'dead_slots': 0, 'negative_weight_fraction': 0.0}, 'adapter_layer10': {'route_entropy': 0.69162078125, 'slot_load': [0.27616000175476074, 0.21784000098705292, 0.2646400034427643, 0.24459999799728394, 0.2467999905347824, 0.2486799955368042, 0.27908000349998474, 0.22219999134540558], 'dead_slots': 0, 'negative_weight_fraction': 0.0}, 'adapter_layer11': {'route_entropy': 0.685747734375, 'slot_load': [0.21755999326705933, 0.24831999838352203, 0.2303999960422516, 0.20679999887943268, 0.2937600016593933, 0.26795998215675354, 0.2962400019168854, 0.23895999789237976], 'dead_slots': 0, 'negative_weight_fraction': 0.0}}
2026-07-20 02:17:47,724 [care.py] => Task 1, Epoch 1/1 => Loss 0.393, CA_accy 92.68
2026-07-20 02:18:27,437 [care.py] => Task 1, Epoch 1/1 => LR 0.00e+00 Loss 2.697/0.850/1.843, Train_accy 70.19
2026-07-20 02:18:27,439 [care.py] => Adapter diagnostics: {'adapter_layer0': {'route_entropy': 0.68512296875, 'slot_load': [0.6609199643135071, 0.2271599918603897, 0.11275999993085861, 0.1531199961900711, 0.22419999539852142, 0.23612000048160553, 0.22807998955249786, 0.1576399952173233], 'dead_slots': 0, 'negative_weight_fraction': 0.0}, 'adapter_layer1': {'route_entropy': 0.684907734375, 'slot_load': [0.575439989566803, 0.2577199935913086, 0.16579999029636383, 0.21784000098705292, 0.177839994430542, 0.16275998950004578, 0.21852000057697296, 0.22407999634742737], 'dead_slots': 0, 'negative_weight_fraction': 0.0}, 'adapter_layer2': {'route_entropy': 0.69285359375, 'slot_load': [0.23855999112129211, 0.25251999497413635, 0.23315998911857605, 0.2444399893283844, 0.2014399915933609, 0.2876400053501129, 0.2383599877357483, 0.3038800060749054], 'dead_slots': 0, 'negative_weight_fraction': 0.0}, 'adapter_layer3': {'route_entropy': 0.692906484375, 'slot_load': [0.2492399960756302, 0.30719998478889465, 0.20923998951911926, 0.1727999895811081, 0.22071999311447144, 0.22883999347686768, 0.2888000011444092, 0.32315999269485474], 'dead_slots': 0, 'negative_weight_fraction': 0.0}, 'adapter_layer4': {'route_entropy': 0.69241125, 'slot_load': [0.2793999910354614, 0.27908000349998474, 0.24267999827861786, 0.23551999032497406, 0.23600000143051147, 0.2895999848842621, 0.23364000022411346, 0.2040800005197525], 'dead_slots': 0, 'negative_weight_fraction': 0.0}, 'adapter_layer5': {'route_entropy': 0.69202765625, 'slot_load': [0.2250399887561798, 0.23731999099254608, 0.23235999047756195, 0.28919997811317444, 0.22975999116897583, 0.24959999322891235, 0.26499998569488525, 0.2717199921607971], 'dead_slots': 0, 'negative_weight_fraction': 0.0}, 'adapter_layer6': {'route_entropy': 0.6918853125, 'slot_load': [0.23603999614715576, 0.2641199827194214, 0.2500399947166443, 0.25648000836372375, 0.22463999688625336, 0.26291999220848083, 0.26688000559806824, 0.23887999355793], 'dead_slots': 0, 'negative_weight_fraction': 0.0}, 'adapter_layer7': {'route_entropy': 0.6917446875, 'slot_load': [0.2768000066280365, 0.21772000193595886, 0.24368000030517578, 0.2425599992275238, 0.25224000215530396, 0.2367599904537201, 0.2845200002193451, 0.2457199990749359], 'dead_slots': 0, 'negative_weight_fraction': 0.0}, 'adapter_layer8': {'route_entropy': 0.692278515625, 'slot_load': [0.22015999257564545, 0.23395998775959015, 0.2688799798488617, 0.27399998903274536, 0.2399199903011322, 0.22975999116897583, 0.30743998289108276, 0.2258799970149994], 'dead_slots': 0, 'negative_weight_fraction': 0.0}, 'adapter_layer9': {'route_entropy': 0.692051953125, 'slot_load': [0.25779998302459717, 0.319599986076355, 0.22951999306678772, 0.2332799881696701, 0.27239999175071716, 0.23135998845100403, 0.22419999539852142, 0.23183999955654144], 'dead_slots': 0, 'negative_weight_fraction': 0.0}, 'adapter_layer10': {'route_entropy': 0.691672578125, 'slot_load': [0.2773999869823456, 0.20848000049591064, 0.263480007648468, 0.2457599937915802, 0.2372399866580963, 0.24819999933242798, 0.28407999873161316, 0.23535999655723572], 'dead_slots': 0, 'negative_weight_fraction': 0.0}, 'adapter_layer11': {'route_entropy': 0.68310390625, 'slot_load': [0.2051199972629547, 0.2553199827671051, 0.24855999648571014, 0.22007998824119568, 0.281360000371933, 0.2653999924659729, 0.29603999853134155, 0.22811999917030334], 'dead_slots': 0, 'negative_weight_fraction': 0.0}}
2026-07-20 02:20:05,685 [care.py] => Task 1, Epoch 1/1 => Loss 0.353, CA_accy 93.63
2026-07-20 02:21:17,430 [trainer.py] => No NME accuracy.
2026-07-20 02:21:17,430 [trainer.py] => CNN: {'total': np.float64(85.41), '00-49': np.float64(86.3), '50-99': np.float64(84.52), 'old': np.float64(86.3), 'new': np.float64(84.52)}
2026-07-20 02:21:17,430 [trainer.py] => CNN top1 curve: [np.float64(88.44), np.float64(85.41)]
2026-07-20 02:21:17,430 [trainer.py] => CNN top5 curve: [np.float64(98.08), np.float64(97.14)]

2026-07-20 02:21:17,430 [trainer.py] => Average Accuracy (CNN): 86.925 

2026-07-20 02:21:17,431 [trainer.py] => Forgetting (CNN): 2.1400000000000006
