2026-07-19 18:15:38,880 [trainer.py] => config: exps/cifar100/care_cifar_smoke_2task.json
2026-07-19 18:15:38,880 [trainer.py] => prefix: care_cifar100_smoke_2task
2026-07-19 18:15:38,880 [trainer.py] => dataset: cifar224
2026-07-19 18:15:38,880 [trainer.py] => memory_size: 0
2026-07-19 18:15:38,880 [trainer.py] => memory_per_class: 0
2026-07-19 18:15:38,880 [trainer.py] => fixed_memory: False
2026-07-19 18:15:38,880 [trainer.py] => shuffle: True
2026-07-19 18:15:38,880 [trainer.py] => init_cls: 50
2026-07-19 18:15:38,881 [trainer.py] => increment: 50
2026-07-19 18:15:38,881 [trainer.py] => model_name: care
2026-07-19 18:15:38,881 [trainer.py] => backbone_type: vit_base_patch16_224_in21k_brmoe
2026-07-19 18:15:38,881 [trainer.py] => device: [device(type='cuda', index=0), device(type='cuda', index=1)]
2026-07-19 18:15:38,881 [trainer.py] => seed: 1993
2026-07-19 18:15:38,881 [trainer.py] => tuned_epoch: 1
2026-07-19 18:15:38,881 [trainer.py] => init_lr: 0.05
2026-07-19 18:15:38,881 [trainer.py] => batch_size: 128
2026-07-19 18:15:38,881 [trainer.py] => weight_decay: 0.0005
2026-07-19 18:15:38,881 [trainer.py] => min_lr: 0
2026-07-19 18:15:38,881 [trainer.py] => optimizer: sgd
2026-07-19 18:15:38,881 [trainer.py] => scheduler: cosine
2026-07-19 18:15:38,881 [trainer.py] => init_milestones: [1]
2026-07-19 18:15:38,881 [trainer.py] => init_lr_decay: 0.1
2026-07-19 18:15:38,881 [trainer.py] => crct_epochs: 1
2026-07-19 18:15:38,881 [trainer.py] => ca_lr: 0.005
2026-07-19 18:15:38,881 [trainer.py] => ca_storage_efficient_method: covariance
2026-07-19 18:15:38,881 [trainer.py] => ca_storage_efficient_method_choices: ['covariance', 'variance']
2026-07-19 18:15:38,881 [trainer.py] => decay: False
2026-07-19 18:15:38,881 [trainer.py] => pretrained: True
2026-07-19 18:15:38,881 [trainer.py] => scale: 20
2026-07-19 18:15:38,881 [trainer.py] => m: 0
2026-07-19 18:15:38,881 [trainer.py] => drop: 0
2026-07-19 18:15:38,881 [trainer.py] => drop_path: 0
2026-07-19 18:15:38,881 [trainer.py] => expert_dim: 16
2026-07-19 18:15:38,881 [trainer.py] => adapter_dim: 64
2026-07-19 18:15:38,881 [trainer.py] => topk_experts: 3
2026-07-19 18:15:38,881 [trainer.py] => topk_routers: 2
2026-07-19 18:15:38,881 [trainer.py] => amp: True
2026-07-19 18:15:40,366 [data_manager.py] => [68, 56, 78, 8, 23, 84, 90, 65, 74, 76, 40, 89, 3, 92, 55, 9, 26, 80, 43, 38, 58, 70, 77, 1, 85, 19, 17, 50, 28, 53, 13, 81, 45, 82, 6, 59, 83, 16, 15, 44, 91, 41, 72, 60, 79, 52, 20, 10, 31, 54, 37, 95, 14, 71, 96, 98, 97, 2, 64, 66, 42, 22, 35, 86, 24, 34, 87, 21, 99, 0, 88, 27, 18, 94, 11, 12, 47, 25, 30, 46, 62, 69, 36, 61, 7, 63, 75, 5, 32, 4, 51, 48, 73, 93, 39, 67, 29, 49, 57, 33]
2026-07-19 18:15:43,174 [_builder.py] => Loading pretrained weights from Hugging Face hub (timm/vit_base_patch16_224.orig_in21k)
2026-07-19 18:16:14,364 [_hub.py] => [timm/vit_base_patch16_224.orig_in21k] Safe alternative available for 'pytorch_model.bin' (as 'model.safetensors'). Loading weights using safetensors.
2026-07-19 18:16:14,394 [_builder.py] => Missing keys (head.weight, head.bias) discovered while loading pretrained weights. This is expected if model is being adapted.
2026-07-19 18:16:14,441 [care.py] => Training with Automatic Mixed Precision
2026-07-19 18:16:14,443 [care.py] => 87,913,864 model total parameters.
2026-07-19 18:16:14,443 [care.py] => 2,115,208 model training parameters.
2026-07-19 18:16:14,444 [care.py] => backbone.head.weight: 76800
2026-07-19 18:16:14,444 [care.py] => backbone.head.bias: 100
2026-07-19 18:16:14,444 [care.py] => backbone.adapter.adapter_layer0.adapter.0.scale: 768
2026-07-19 18:16:14,444 [care.py] => backbone.adapter.adapter_layer0.adapter.0.adapter_layer_norm_before.weight: 768
2026-07-19 18:16:14,444 [care.py] => backbone.adapter.adapter_layer0.adapter.0.adapter_layer_norm_before.bias: 768
2026-07-19 18:16:14,444 [care.py] => backbone.adapter.adapter_layer0.adapter.0.down_proj.weight: 12288
2026-07-19 18:16:14,444 [care.py] => backbone.adapter.adapter_layer0.adapter.0.down_proj.bias: 16
2026-07-19 18:16:14,444 [care.py] => backbone.adapter.adapter_layer0.adapter.0.up_proj.weight: 12288
2026-07-19 18:16:14,444 [care.py] => backbone.adapter.adapter_layer0.adapter.0.up_proj.bias: 768
2026-07-19 18:16:14,444 [care.py] => backbone.adapter.adapter_layer0.router.0.weight: 768
2026-07-19 18:16:14,444 [care.py] => backbone.adapter.adapter_layer0.router.0.bias: 1
2026-07-19 18:16:14,444 [care.py] => backbone.adapter.adapter_layer0.shared_adapter.scale: 768
2026-07-19 18:16:14,444 [care.py] => backbone.adapter.adapter_layer0.shared_adapter.adapter_layer_norm_before.weight: 768
2026-07-19 18:16:14,444 [care.py] => backbone.adapter.adapter_layer0.shared_adapter.adapter_layer_norm_before.bias: 768
2026-07-19 18:16:14,444 [care.py] => backbone.adapter.adapter_layer0.shared_adapter.down_proj.weight: 49152
2026-07-19 18:16:14,444 [care.py] => backbone.adapter.adapter_layer0.shared_adapter.down_proj.bias: 64
2026-07-19 18:16:14,444 [care.py] => backbone.adapter.adapter_layer0.shared_adapter.up_proj.weight: 49152
2026-07-19 18:16:14,444 [care.py] => backbone.adapter.adapter_layer0.shared_adapter.up_proj.bias: 768
2026-07-19 18:16:14,444 [care.py] => backbone.adapter.adapter_layer0.latent_head.0.0.weight: 768
2026-07-19 18:16:14,444 [care.py] => backbone.adapter.adapter_layer0.latent_head.0.0.bias: 768
2026-07-19 18:16:14,444 [care.py] => backbone.adapter.adapter_layer0.latent_head.0.1.weight: 38400
2026-07-19 18:16:14,444 [care.py] => backbone.adapter.adapter_layer0.latent_head.0.1.bias: 50
2026-07-19 18:16:14,444 [care.py] => backbone.adapter.adapter_layer1.adapter.0.scale: 768
2026-07-19 18:16:14,444 [care.py] => backbone.adapter.adapter_layer1.adapter.0.adapter_layer_norm_before.weight: 768
2026-07-19 18:16:14,444 [care.py] => backbone.adapter.adapter_layer1.adapter.0.adapter_layer_norm_before.bias: 768
2026-07-19 18:16:14,444 [care.py] => backbone.adapter.adapter_layer1.adapter.0.down_proj.weight: 12288
2026-07-19 18:16:14,444 [care.py] => backbone.adapter.adapter_layer1.adapter.0.down_proj.bias: 16
2026-07-19 18:16:14,444 [care.py] => backbone.adapter.adapter_layer1.adapter.0.up_proj.weight: 12288
2026-07-19 18:16:14,444 [care.py] => backbone.adapter.adapter_layer1.adapter.0.up_proj.bias: 768
2026-07-19 18:16:14,444 [care.py] => backbone.adapter.adapter_layer1.router.0.weight: 768
2026-07-19 18:16:14,444 [care.py] => backbone.adapter.adapter_layer1.router.0.bias: 1
2026-07-19 18:16:14,444 [care.py] => backbone.adapter.adapter_layer1.shared_adapter.scale: 768
2026-07-19 18:16:14,445 [care.py] => backbone.adapter.adapter_layer1.shared_adapter.adapter_layer_norm_before.weight: 768
2026-07-19 18:16:14,445 [care.py] => backbone.adapter.adapter_layer1.shared_adapter.adapter_layer_norm_before.bias: 768
2026-07-19 18:16:14,445 [care.py] => backbone.adapter.adapter_layer1.shared_adapter.down_proj.weight: 49152
2026-07-19 18:16:14,445 [care.py] => backbone.adapter.adapter_layer1.shared_adapter.down_proj.bias: 64
2026-07-19 18:16:14,445 [care.py] => backbone.adapter.adapter_layer1.shared_adapter.up_proj.weight: 49152
2026-07-19 18:16:14,445 [care.py] => backbone.adapter.adapter_layer1.shared_adapter.up_proj.bias: 768
2026-07-19 18:16:14,445 [care.py] => backbone.adapter.adapter_layer1.latent_head.0.0.weight: 768
2026-07-19 18:16:14,445 [care.py] => backbone.adapter.adapter_layer1.latent_head.0.0.bias: 768
2026-07-19 18:16:14,445 [care.py] => backbone.adapter.adapter_layer1.latent_head.0.1.weight: 38400
2026-07-19 18:16:14,445 [care.py] => backbone.adapter.adapter_layer1.latent_head.0.1.bias: 50
2026-07-19 18:16:14,445 [care.py] => backbone.adapter.adapter_layer2.adapter.0.scale: 768
2026-07-19 18:16:14,445 [care.py] => backbone.adapter.adapter_layer2.adapter.0.adapter_layer_norm_before.weight: 768
2026-07-19 18:16:14,445 [care.py] => backbone.adapter.adapter_layer2.adapter.0.adapter_layer_norm_before.bias: 768
2026-07-19 18:16:14,445 [care.py] => backbone.adapter.adapter_layer2.adapter.0.down_proj.weight: 12288
2026-07-19 18:16:14,445 [care.py] => backbone.adapter.adapter_layer2.adapter.0.down_proj.bias: 16
2026-07-19 18:16:14,445 [care.py] => backbone.adapter.adapter_layer2.adapter.0.up_proj.weight: 12288
2026-07-19 18:16:14,445 [care.py] => backbone.adapter.adapter_layer2.adapter.0.up_proj.bias: 768
2026-07-19 18:16:14,445 [care.py] => backbone.adapter.adapter_layer2.router.0.weight: 768
2026-07-19 18:16:14,445 [care.py] => backbone.adapter.adapter_layer2.router.0.bias: 1
2026-07-19 18:16:14,445 [care.py] => backbone.adapter.adapter_layer2.shared_adapter.scale: 768
2026-07-19 18:16:14,445 [care.py] => backbone.adapter.adapter_layer2.shared_adapter.adapter_layer_norm_before.weight: 768
2026-07-19 18:16:14,445 [care.py] => backbone.adapter.adapter_layer2.shared_adapter.adapter_layer_norm_before.bias: 768
2026-07-19 18:16:14,445 [care.py] => backbone.adapter.adapter_layer2.shared_adapter.down_proj.weight: 49152
2026-07-19 18:16:14,445 [care.py] => backbone.adapter.adapter_layer2.shared_adapter.down_proj.bias: 64
2026-07-19 18:16:14,445 [care.py] => backbone.adapter.adapter_layer2.shared_adapter.up_proj.weight: 49152
2026-07-19 18:16:14,445 [care.py] => backbone.adapter.adapter_layer2.shared_adapter.up_proj.bias: 768
2026-07-19 18:16:14,445 [care.py] => backbone.adapter.adapter_layer2.latent_head.0.0.weight: 768
2026-07-19 18:16:14,445 [care.py] => backbone.adapter.adapter_layer2.latent_head.0.0.bias: 768
2026-07-19 18:16:14,445 [care.py] => backbone.adapter.adapter_layer2.latent_head.0.1.weight: 38400
2026-07-19 18:16:14,445 [care.py] => backbone.adapter.adapter_layer2.latent_head.0.1.bias: 50
2026-07-19 18:16:14,445 [care.py] => backbone.adapter.adapter_layer3.adapter.0.scale: 768
2026-07-19 18:16:14,445 [care.py] => backbone.adapter.adapter_layer3.adapter.0.adapter_layer_norm_before.weight: 768
2026-07-19 18:16:14,445 [care.py] => backbone.adapter.adapter_layer3.adapter.0.adapter_layer_norm_before.bias: 768
2026-07-19 18:16:14,445 [care.py] => backbone.adapter.adapter_layer3.adapter.0.down_proj.weight: 12288
2026-07-19 18:16:14,445 [care.py] => backbone.adapter.adapter_layer3.adapter.0.down_proj.bias: 16
2026-07-19 18:16:14,445 [care.py] => backbone.adapter.adapter_layer3.adapter.0.up_proj.weight: 12288
2026-07-19 18:16:14,445 [care.py] => backbone.adapter.adapter_layer3.adapter.0.up_proj.bias: 768
2026-07-19 18:16:14,445 [care.py] => backbone.adapter.adapter_layer3.router.0.weight: 768
2026-07-19 18:16:14,446 [care.py] => backbone.adapter.adapter_layer3.router.0.bias: 1
2026-07-19 18:16:14,446 [care.py] => backbone.adapter.adapter_layer3.shared_adapter.scale: 768
2026-07-19 18:16:14,446 [care.py] => backbone.adapter.adapter_layer3.shared_adapter.adapter_layer_norm_before.weight: 768
2026-07-19 18:16:14,446 [care.py] => backbone.adapter.adapter_layer3.shared_adapter.adapter_layer_norm_before.bias: 768
2026-07-19 18:16:14,446 [care.py] => backbone.adapter.adapter_layer3.shared_adapter.down_proj.weight: 49152
2026-07-19 18:16:14,446 [care.py] => backbone.adapter.adapter_layer3.shared_adapter.down_proj.bias: 64
2026-07-19 18:16:14,446 [care.py] => backbone.adapter.adapter_layer3.shared_adapter.up_proj.weight: 49152
2026-07-19 18:16:14,446 [care.py] => backbone.adapter.adapter_layer3.shared_adapter.up_proj.bias: 768
2026-07-19 18:16:14,446 [care.py] => backbone.adapter.adapter_layer3.latent_head.0.0.weight: 768
2026-07-19 18:16:14,446 [care.py] => backbone.adapter.adapter_layer3.latent_head.0.0.bias: 768
2026-07-19 18:16:14,446 [care.py] => backbone.adapter.adapter_layer3.latent_head.0.1.weight: 38400
2026-07-19 18:16:14,446 [care.py] => backbone.adapter.adapter_layer3.latent_head.0.1.bias: 50
2026-07-19 18:16:14,446 [care.py] => backbone.adapter.adapter_layer4.adapter.0.scale: 768
2026-07-19 18:16:14,446 [care.py] => backbone.adapter.adapter_layer4.adapter.0.adapter_layer_norm_before.weight: 768
2026-07-19 18:16:14,446 [care.py] => backbone.adapter.adapter_layer4.adapter.0.adapter_layer_norm_before.bias: 768
2026-07-19 18:16:14,446 [care.py] => backbone.adapter.adapter_layer4.adapter.0.down_proj.weight: 12288
2026-07-19 18:16:14,446 [care.py] => backbone.adapter.adapter_layer4.adapter.0.down_proj.bias: 16
2026-07-19 18:16:14,446 [care.py] => backbone.adapter.adapter_layer4.adapter.0.up_proj.weight: 12288
2026-07-19 18:16:14,446 [care.py] => backbone.adapter.adapter_layer4.adapter.0.up_proj.bias: 768
2026-07-19 18:16:14,446 [care.py] => backbone.adapter.adapter_layer4.router.0.weight: 768
2026-07-19 18:16:14,446 [care.py] => backbone.adapter.adapter_layer4.router.0.bias: 1
2026-07-19 18:16:14,446 [care.py] => backbone.adapter.adapter_layer4.shared_adapter.scale: 768
2026-07-19 18:16:14,446 [care.py] => backbone.adapter.adapter_layer4.shared_adapter.adapter_layer_norm_before.weight: 768
2026-07-19 18:16:14,446 [care.py] => backbone.adapter.adapter_layer4.shared_adapter.adapter_layer_norm_before.bias: 768
2026-07-19 18:16:14,446 [care.py] => backbone.adapter.adapter_layer4.shared_adapter.down_proj.weight: 49152
2026-07-19 18:16:14,446 [care.py] => backbone.adapter.adapter_layer4.shared_adapter.down_proj.bias: 64
2026-07-19 18:16:14,446 [care.py] => backbone.adapter.adapter_layer4.shared_adapter.up_proj.weight: 49152
2026-07-19 18:16:14,446 [care.py] => backbone.adapter.adapter_layer4.shared_adapter.up_proj.bias: 768
2026-07-19 18:16:14,446 [care.py] => backbone.adapter.adapter_layer4.latent_head.0.0.weight: 768
2026-07-19 18:16:14,446 [care.py] => backbone.adapter.adapter_layer4.latent_head.0.0.bias: 768
2026-07-19 18:16:14,446 [care.py] => backbone.adapter.adapter_layer4.latent_head.0.1.weight: 38400
2026-07-19 18:16:14,446 [care.py] => backbone.adapter.adapter_layer4.latent_head.0.1.bias: 50
2026-07-19 18:16:14,446 [care.py] => backbone.adapter.adapter_layer5.adapter.0.scale: 768
2026-07-19 18:16:14,446 [care.py] => backbone.adapter.adapter_layer5.adapter.0.adapter_layer_norm_before.weight: 768
2026-07-19 18:16:14,446 [care.py] => backbone.adapter.adapter_layer5.adapter.0.adapter_layer_norm_before.bias: 768
2026-07-19 18:16:14,446 [care.py] => backbone.adapter.adapter_layer5.adapter.0.down_proj.weight: 12288
2026-07-19 18:16:14,446 [care.py] => backbone.adapter.adapter_layer5.adapter.0.down_proj.bias: 16
2026-07-19 18:16:14,446 [care.py] => backbone.adapter.adapter_layer5.adapter.0.up_proj.weight: 12288
2026-07-19 18:16:14,447 [care.py] => backbone.adapter.adapter_layer5.adapter.0.up_proj.bias: 768
2026-07-19 18:16:14,447 [care.py] => backbone.adapter.adapter_layer5.router.0.weight: 768
2026-07-19 18:16:14,447 [care.py] => backbone.adapter.adapter_layer5.router.0.bias: 1
2026-07-19 18:16:14,447 [care.py] => backbone.adapter.adapter_layer5.shared_adapter.scale: 768
2026-07-19 18:16:14,447 [care.py] => backbone.adapter.adapter_layer5.shared_adapter.adapter_layer_norm_before.weight: 768
2026-07-19 18:16:14,447 [care.py] => backbone.adapter.adapter_layer5.shared_adapter.adapter_layer_norm_before.bias: 768
2026-07-19 18:16:14,447 [care.py] => backbone.adapter.adapter_layer5.shared_adapter.down_proj.weight: 49152
2026-07-19 18:16:14,447 [care.py] => backbone.adapter.adapter_layer5.shared_adapter.down_proj.bias: 64
2026-07-19 18:16:14,447 [care.py] => backbone.adapter.adapter_layer5.shared_adapter.up_proj.weight: 49152
2026-07-19 18:16:14,447 [care.py] => backbone.adapter.adapter_layer5.shared_adapter.up_proj.bias: 768
2026-07-19 18:16:14,447 [care.py] => backbone.adapter.adapter_layer5.latent_head.0.0.weight: 768
2026-07-19 18:16:14,447 [care.py] => backbone.adapter.adapter_layer5.latent_head.0.0.bias: 768
2026-07-19 18:16:14,447 [care.py] => backbone.adapter.adapter_layer5.latent_head.0.1.weight: 38400
2026-07-19 18:16:14,447 [care.py] => backbone.adapter.adapter_layer5.latent_head.0.1.bias: 50
2026-07-19 18:16:14,447 [care.py] => backbone.adapter.adapter_layer6.adapter.0.scale: 768
2026-07-19 18:16:14,447 [care.py] => backbone.adapter.adapter_layer6.adapter.0.adapter_layer_norm_before.weight: 768
2026-07-19 18:16:14,447 [care.py] => backbone.adapter.adapter_layer6.adapter.0.adapter_layer_norm_before.bias: 768
2026-07-19 18:16:14,447 [care.py] => backbone.adapter.adapter_layer6.adapter.0.down_proj.weight: 12288
2026-07-19 18:16:14,447 [care.py] => backbone.adapter.adapter_layer6.adapter.0.down_proj.bias: 16
2026-07-19 18:16:14,447 [care.py] => backbone.adapter.adapter_layer6.adapter.0.up_proj.weight: 12288
2026-07-19 18:16:14,447 [care.py] => backbone.adapter.adapter_layer6.adapter.0.up_proj.bias: 768
2026-07-19 18:16:14,447 [care.py] => backbone.adapter.adapter_layer6.router.0.weight: 768
2026-07-19 18:16:14,447 [care.py] => backbone.adapter.adapter_layer6.router.0.bias: 1
2026-07-19 18:16:14,447 [care.py] => backbone.adapter.adapter_layer6.shared_adapter.scale: 768
2026-07-19 18:16:14,447 [care.py] => backbone.adapter.adapter_layer6.shared_adapter.adapter_layer_norm_before.weight: 768
2026-07-19 18:16:14,447 [care.py] => backbone.adapter.adapter_layer6.shared_adapter.adapter_layer_norm_before.bias: 768
2026-07-19 18:16:14,447 [care.py] => backbone.adapter.adapter_layer6.shared_adapter.down_proj.weight: 49152
2026-07-19 18:16:14,447 [care.py] => backbone.adapter.adapter_layer6.shared_adapter.down_proj.bias: 64
2026-07-19 18:16:14,447 [care.py] => backbone.adapter.adapter_layer6.shared_adapter.up_proj.weight: 49152
2026-07-19 18:16:14,447 [care.py] => backbone.adapter.adapter_layer6.shared_adapter.up_proj.bias: 768
2026-07-19 18:16:14,447 [care.py] => backbone.adapter.adapter_layer6.latent_head.0.0.weight: 768
2026-07-19 18:16:14,447 [care.py] => backbone.adapter.adapter_layer6.latent_head.0.0.bias: 768
2026-07-19 18:16:14,447 [care.py] => backbone.adapter.adapter_layer6.latent_head.0.1.weight: 38400
2026-07-19 18:16:14,447 [care.py] => backbone.adapter.adapter_layer6.latent_head.0.1.bias: 50
2026-07-19 18:16:14,447 [care.py] => backbone.adapter.adapter_layer7.adapter.0.scale: 768
2026-07-19 18:16:14,447 [care.py] => backbone.adapter.adapter_layer7.adapter.0.adapter_layer_norm_before.weight: 768
2026-07-19 18:16:14,447 [care.py] => backbone.adapter.adapter_layer7.adapter.0.adapter_layer_norm_before.bias: 768
2026-07-19 18:16:14,448 [care.py] => backbone.adapter.adapter_layer7.adapter.0.down_proj.weight: 12288
2026-07-19 18:16:14,448 [care.py] => backbone.adapter.adapter_layer7.adapter.0.down_proj.bias: 16
2026-07-19 18:16:14,448 [care.py] => backbone.adapter.adapter_layer7.adapter.0.up_proj.weight: 12288
2026-07-19 18:16:14,448 [care.py] => backbone.adapter.adapter_layer7.adapter.0.up_proj.bias: 768
2026-07-19 18:16:14,448 [care.py] => backbone.adapter.adapter_layer7.router.0.weight: 768
2026-07-19 18:16:14,448 [care.py] => backbone.adapter.adapter_layer7.router.0.bias: 1
2026-07-19 18:16:14,448 [care.py] => backbone.adapter.adapter_layer7.shared_adapter.scale: 768
2026-07-19 18:16:14,448 [care.py] => backbone.adapter.adapter_layer7.shared_adapter.adapter_layer_norm_before.weight: 768
2026-07-19 18:16:14,448 [care.py] => backbone.adapter.adapter_layer7.shared_adapter.adapter_layer_norm_before.bias: 768
2026-07-19 18:16:14,448 [care.py] => backbone.adapter.adapter_layer7.shared_adapter.down_proj.weight: 49152
2026-07-19 18:16:14,448 [care.py] => backbone.adapter.adapter_layer7.shared_adapter.down_proj.bias: 64
2026-07-19 18:16:14,448 [care.py] => backbone.adapter.adapter_layer7.shared_adapter.up_proj.weight: 49152
2026-07-19 18:16:14,448 [care.py] => backbone.adapter.adapter_layer7.shared_adapter.up_proj.bias: 768
2026-07-19 18:16:14,448 [care.py] => backbone.adapter.adapter_layer7.latent_head.0.0.weight: 768
2026-07-19 18:16:14,448 [care.py] => backbone.adapter.adapter_layer7.latent_head.0.0.bias: 768
2026-07-19 18:16:14,448 [care.py] => backbone.adapter.adapter_layer7.latent_head.0.1.weight: 38400
2026-07-19 18:16:14,448 [care.py] => backbone.adapter.adapter_layer7.latent_head.0.1.bias: 50
2026-07-19 18:16:14,448 [care.py] => backbone.adapter.adapter_layer8.adapter.0.scale: 768
2026-07-19 18:16:14,448 [care.py] => backbone.adapter.adapter_layer8.adapter.0.adapter_layer_norm_before.weight: 768
2026-07-19 18:16:14,448 [care.py] => backbone.adapter.adapter_layer8.adapter.0.adapter_layer_norm_before.bias: 768
2026-07-19 18:16:14,448 [care.py] => backbone.adapter.adapter_layer8.adapter.0.down_proj.weight: 12288
2026-07-19 18:16:14,448 [care.py] => backbone.adapter.adapter_layer8.adapter.0.down_proj.bias: 16
2026-07-19 18:16:14,448 [care.py] => backbone.adapter.adapter_layer8.adapter.0.up_proj.weight: 12288
2026-07-19 18:16:14,448 [care.py] => backbone.adapter.adapter_layer8.adapter.0.up_proj.bias: 768
2026-07-19 18:16:14,448 [care.py] => backbone.adapter.adapter_layer8.router.0.weight: 768
2026-07-19 18:16:14,448 [care.py] => backbone.adapter.adapter_layer8.router.0.bias: 1
2026-07-19 18:16:14,448 [care.py] => backbone.adapter.adapter_layer8.shared_adapter.scale: 768
2026-07-19 18:16:14,448 [care.py] => backbone.adapter.adapter_layer8.shared_adapter.adapter_layer_norm_before.weight: 768
2026-07-19 18:16:14,448 [care.py] => backbone.adapter.adapter_layer8.shared_adapter.adapter_layer_norm_before.bias: 768
2026-07-19 18:16:14,449 [care.py] => backbone.adapter.adapter_layer8.shared_adapter.down_proj.weight: 49152
2026-07-19 18:16:14,449 [care.py] => backbone.adapter.adapter_layer8.shared_adapter.down_proj.bias: 64
2026-07-19 18:16:14,449 [care.py] => backbone.adapter.adapter_layer8.shared_adapter.up_proj.weight: 49152
2026-07-19 18:16:14,449 [care.py] => backbone.adapter.adapter_layer8.shared_adapter.up_proj.bias: 768
2026-07-19 18:16:14,449 [care.py] => backbone.adapter.adapter_layer8.latent_head.0.0.weight: 768
2026-07-19 18:16:14,449 [care.py] => backbone.adapter.adapter_layer8.latent_head.0.0.bias: 768
2026-07-19 18:16:14,449 [care.py] => backbone.adapter.adapter_layer8.latent_head.0.1.weight: 38400
2026-07-19 18:16:14,449 [care.py] => backbone.adapter.adapter_layer8.latent_head.0.1.bias: 50
2026-07-19 18:16:14,449 [care.py] => backbone.adapter.adapter_layer9.adapter.0.scale: 768
2026-07-19 18:16:14,449 [care.py] => backbone.adapter.adapter_layer9.adapter.0.adapter_layer_norm_before.weight: 768
2026-07-19 18:16:14,449 [care.py] => backbone.adapter.adapter_layer9.adapter.0.adapter_layer_norm_before.bias: 768
2026-07-19 18:16:14,449 [care.py] => backbone.adapter.adapter_layer9.adapter.0.down_proj.weight: 12288
2026-07-19 18:16:14,449 [care.py] => backbone.adapter.adapter_layer9.adapter.0.down_proj.bias: 16
2026-07-19 18:16:14,449 [care.py] => backbone.adapter.adapter_layer9.adapter.0.up_proj.weight: 12288
2026-07-19 18:16:14,449 [care.py] => backbone.adapter.adapter_layer9.adapter.0.up_proj.bias: 768
2026-07-19 18:16:14,449 [care.py] => backbone.adapter.adapter_layer9.router.0.weight: 768
2026-07-19 18:16:14,449 [care.py] => backbone.adapter.adapter_layer9.router.0.bias: 1
2026-07-19 18:16:14,449 [care.py] => backbone.adapter.adapter_layer9.shared_adapter.scale: 768
2026-07-19 18:16:14,449 [care.py] => backbone.adapter.adapter_layer9.shared_adapter.adapter_layer_norm_before.weight: 768
2026-07-19 18:16:14,449 [care.py] => backbone.adapter.adapter_layer9.shared_adapter.adapter_layer_norm_before.bias: 768
2026-07-19 18:16:14,449 [care.py] => backbone.adapter.adapter_layer9.shared_adapter.down_proj.weight: 49152
2026-07-19 18:16:14,449 [care.py] => backbone.adapter.adapter_layer9.shared_adapter.down_proj.bias: 64
2026-07-19 18:16:14,449 [care.py] => backbone.adapter.adapter_layer9.shared_adapter.up_proj.weight: 49152
2026-07-19 18:16:14,449 [care.py] => backbone.adapter.adapter_layer9.shared_adapter.up_proj.bias: 768
2026-07-19 18:16:14,449 [care.py] => backbone.adapter.adapter_layer9.latent_head.0.0.weight: 768
2026-07-19 18:16:14,449 [care.py] => backbone.adapter.adapter_layer9.latent_head.0.0.bias: 768
2026-07-19 18:16:14,449 [care.py] => backbone.adapter.adapter_layer9.latent_head.0.1.weight: 38400
2026-07-19 18:16:14,450 [care.py] => backbone.adapter.adapter_layer9.latent_head.0.1.bias: 50
2026-07-19 18:16:14,450 [care.py] => backbone.adapter.adapter_layer10.adapter.0.scale: 768
2026-07-19 18:16:14,450 [care.py] => backbone.adapter.adapter_layer10.adapter.0.adapter_layer_norm_before.weight: 768
2026-07-19 18:16:14,450 [care.py] => backbone.adapter.adapter_layer10.adapter.0.adapter_layer_norm_before.bias: 768
2026-07-19 18:16:14,450 [care.py] => backbone.adapter.adapter_layer10.adapter.0.down_proj.weight: 12288
2026-07-19 18:16:14,450 [care.py] => backbone.adapter.adapter_layer10.adapter.0.down_proj.bias: 16
2026-07-19 18:16:14,450 [care.py] => backbone.adapter.adapter_layer10.adapter.0.up_proj.weight: 12288
2026-07-19 18:16:14,450 [care.py] => backbone.adapter.adapter_layer10.adapter.0.up_proj.bias: 768
2026-07-19 18:16:14,450 [care.py] => backbone.adapter.adapter_layer10.router.0.weight: 768
2026-07-19 18:16:14,450 [care.py] => backbone.adapter.adapter_layer10.router.0.bias: 1
2026-07-19 18:16:14,450 [care.py] => backbone.adapter.adapter_layer10.shared_adapter.scale: 768
2026-07-19 18:16:14,450 [care.py] => backbone.adapter.adapter_layer10.shared_adapter.adapter_layer_norm_before.weight: 768
2026-07-19 18:16:14,450 [care.py] => backbone.adapter.adapter_layer10.shared_adapter.adapter_layer_norm_before.bias: 768
2026-07-19 18:16:14,450 [care.py] => backbone.adapter.adapter_layer10.shared_adapter.down_proj.weight: 49152
2026-07-19 18:16:14,450 [care.py] => backbone.adapter.adapter_layer10.shared_adapter.down_proj.bias: 64
2026-07-19 18:16:14,450 [care.py] => backbone.adapter.adapter_layer10.shared_adapter.up_proj.weight: 49152
2026-07-19 18:16:14,450 [care.py] => backbone.adapter.adapter_layer10.shared_adapter.up_proj.bias: 768
2026-07-19 18:16:14,450 [care.py] => backbone.adapter.adapter_layer10.latent_head.0.0.weight: 768
2026-07-19 18:16:14,450 [care.py] => backbone.adapter.adapter_layer10.latent_head.0.0.bias: 768
2026-07-19 18:16:14,450 [care.py] => backbone.adapter.adapter_layer10.latent_head.0.1.weight: 38400
2026-07-19 18:16:14,450 [care.py] => backbone.adapter.adapter_layer10.latent_head.0.1.bias: 50
2026-07-19 18:16:14,450 [care.py] => backbone.adapter.adapter_layer11.adapter.0.scale: 768
2026-07-19 18:16:14,450 [care.py] => backbone.adapter.adapter_layer11.adapter.0.adapter_layer_norm_before.weight: 768
2026-07-19 18:16:14,450 [care.py] => backbone.adapter.adapter_layer11.adapter.0.adapter_layer_norm_before.bias: 768
2026-07-19 18:16:14,450 [care.py] => backbone.adapter.adapter_layer11.adapter.0.down_proj.weight: 12288
2026-07-19 18:16:14,450 [care.py] => backbone.adapter.adapter_layer11.adapter.0.down_proj.bias: 16
2026-07-19 18:16:14,450 [care.py] => backbone.adapter.adapter_layer11.adapter.0.up_proj.weight: 12288
2026-07-19 18:16:14,450 [care.py] => backbone.adapter.adapter_layer11.adapter.0.up_proj.bias: 768
2026-07-19 18:16:14,451 [care.py] => backbone.adapter.adapter_layer11.router.0.weight: 768
2026-07-19 18:16:14,451 [care.py] => backbone.adapter.adapter_layer11.router.0.bias: 1
2026-07-19 18:16:14,451 [care.py] => backbone.adapter.adapter_layer11.shared_adapter.scale: 768
2026-07-19 18:16:14,451 [care.py] => backbone.adapter.adapter_layer11.shared_adapter.adapter_layer_norm_before.weight: 768
2026-07-19 18:16:14,451 [care.py] => backbone.adapter.adapter_layer11.shared_adapter.adapter_layer_norm_before.bias: 768
2026-07-19 18:16:14,451 [care.py] => backbone.adapter.adapter_layer11.shared_adapter.down_proj.weight: 49152
2026-07-19 18:16:14,451 [care.py] => backbone.adapter.adapter_layer11.shared_adapter.down_proj.bias: 64
2026-07-19 18:16:14,451 [care.py] => backbone.adapter.adapter_layer11.shared_adapter.up_proj.weight: 49152
2026-07-19 18:16:14,451 [care.py] => backbone.adapter.adapter_layer11.shared_adapter.up_proj.bias: 768
2026-07-19 18:16:14,451 [care.py] => backbone.adapter.adapter_layer11.latent_head.0.0.weight: 768
2026-07-19 18:16:14,451 [care.py] => backbone.adapter.adapter_layer11.latent_head.0.0.bias: 768
2026-07-19 18:16:14,451 [care.py] => backbone.adapter.adapter_layer11.latent_head.0.1.weight: 38400
2026-07-19 18:16:14,451 [care.py] => backbone.adapter.adapter_layer11.latent_head.0.1.bias: 50
2026-07-19 18:16:14,451 [trainer.py] => Train Augmentation [RandomResizedCrop(size=(256, 256), scale=(0.08, 1.0), ratio=(0.75, 1.3333), interpolation=bicubic, antialias=True), CenterCrop(size=(224, 224)), RandomHorizontalFlip(p=0.5), ColorJitter(brightness=(0.75, 1.25), contrast=None, saturation=None, hue=None), ToTensor(), Normalize(mean=[0.5, 0.5, 0.5], std=[0.5, 0.5, 0.5])]
2026-07-19 18:16:14,451 [trainer.py] => Test Augmentation [Resize(size=256, interpolation=bicubic, max_size=None, antialias=True), CenterCrop(size=(224, 224)), ToTensor(), Normalize(mean=[0.5, 0.5, 0.5], std=[0.5, 0.5, 0.5])]
2026-07-19 18:16:14,452 [trainer.py] => All params: 87913864
2026-07-19 18:16:14,453 [trainer.py] => Trainable params: 2115208
2026-07-19 18:16:14,454 [care.py] => Learning on 0-50
